[33mThe plugin "vite-tsconfig-paths" is detected. Vite now supports tsconfig paths resolution natively via the [1mresolve.tsconfigPaths[22m option. You can remove the plugin and set [1mresolve.tsconfigPaths: true[22m in your Vite config instead.[39m
[33mBoth esbuild and oxc options were set. oxc options will be used and esbuild options will be ignored.[39m The following esbuild options were set: `{ jsx: 'automatic' }`

[1m[30m[46m RUN [49m[39m[22m [36mv5.0.0 [39m[90mC:/Albert/project/dsh861[39m

 [31m❯[39m apps/web/tests/agent-preset-authoring.e2e.ts [2m([22m[2m7 tests[22m[2m | [22m[31m1 failed[39m[2m)[22m[33m 22097[2mms[22m[39m
   [31m❯[39m web e2e: agent-preset authoring is a host-side copy [2m(7)[22m
     [33m[2m✓[22m[39m offers the roster with copy as the only way to create[33m 320[2mms[22m[39m
     [33m[2m✓[22m[39m views a shipped composition read-only instead of editing it[33m 504[2mms[22m[39m
[31m     [31m×[31m copies 极简模式 whole under a new id and lands in its files[39m[33m 1093[2mms[22m[39m
     [33m[2m✓[22m[39m deletes the copy after confirmation and reclaims the roster[33m 603[2mms[22m[39m
     [33m[2m✓[22m[39m marks damaged presets broken and clears a ghost through delete[33m 1980[2mms[22m[39m
     [33m[2m✓[22m[39m starts a creator-mode session from the section[33m 3489[2mms[22m[39m
     [32m✓[39m drove every surface without a page error or a stream warning[32m 1[2mms[22m[39m

[31m⎯⎯⎯⎯⎯⎯⎯[39m[1m[41m Failed Tests 1 [49m[22m[31m⎯⎯⎯⎯⎯⎯⎯[39m

[41m[1m FAIL [22m[49m apps/web/tests/agent-preset-authoring.e2e.ts[2m > [22mweb e2e: agent-preset authoring is a host-side copy[2m > [22mcopies 极简模式 whole under a new id and lands in its files
[31m[1mAssertionError[22m: expected '- dialog "设置":\n  - navigation:\n    …' to be '- dialog "设置":\n  - navigation:\n    …' // Object.is equality[39m

[32m- Expected[39m
[31m+ Received[39m

[33m@@ -79,10 +79,10 @@[39m
[2m        - 'button "删除: 我的模式"':[22m
[2m          - img[22m
[2m          - text: 删除[22m
[2m        - paragraph:[22m
[2m          - text: 预设文件：[22m
[32m-         - code: {{presetRoot}}[7m/[27mmy-agent[39m
[31m+         - code: {{presetRoot}}[7m\[27mmy-agent[39m
[2m    - button "用「创造模式」创作自定义预设":[22m
[2m      - img[22m
[2m      - text: 用「创造模式」创作自定义预设[22m


[36m [2m❯[22m compareOrRefreshGolden apps/web/tests/scaffold.ts:[2m1530:19[22m[39m
    [90m1528|[39m     throw new Error(`missing golden ${goldenPath} — run DSH_SNAPSHOT=r…
    [90m1529|[39m   }
    [90m1530|[39m   expect(payload).toBe(await readFile(goldenPath, 'utf8'))
    [90m   |[39m                   [31m^[39m
    [90m1531|[39m }
    [90m1532|[39m
[90m [2m❯[22m apps/web/tests/agent-preset-authoring.e2e.ts:[2m148:5[22m[39m

[31m[2m⎯⎯⎯⎯⎯⎯⎯⎯⎯⎯⎯⎯⎯⎯⎯⎯⎯⎯⎯⎯⎯⎯⎯⎯[1/1]⎯[22m[39m


[2m Test Files [22m [1m[31m1 failed[39m[22m[90m (1)[39m
[2m      Tests [22m [1m[31m1 failed[39m[22m[2m | [22m[1m[32m6 passed[39m[22m[90m (7)[39m
[2m   Start at [22m 18:48:36
[2m   Duration [22m 25.17s[2m (tests 88%, transform 8%, import 4%)[22m
