[33mThe plugin "vite-tsconfig-paths" is detected. Vite now supports tsconfig paths resolution natively via the [1mresolve.tsconfigPaths[22m option. You can remove the plugin and set [1mresolve.tsconfigPaths: true[22m in your Vite config instead.[39m
[33mBoth esbuild and oxc options were set. oxc options will be used and esbuild options will be ignored.[39m The following esbuild options were set: `{ jsx: 'automatic' }`

[1m[30m[46m RUN [49m[39m[22m [36mv5.0.0 [39m[90mC:/Albert/project/dsh861[39m

 [31m❯[39m apps/web/tests/preview-boot.e2e.ts [2m([22m[2m1 test[22m[2m | [22m[31m1 failed[39m[2m)[22m[33m 250274[2mms[22m[39m
[31m   [31m×[31m boots the packed worker deployment to an interactive page[39m[33m 250272[2mms[22m[39m

[31m⎯⎯⎯⎯⎯⎯⎯[39m[1m[41m Failed Tests 1 [49m[22m[31m⎯⎯⎯⎯⎯⎯⎯[39m

[41m[1m FAIL [22m[49m apps/web/tests/preview-boot.e2e.ts[2m > [22mboots the packed worker deployment to an interactive page
[31m[1mError[22m: empty preview boot: the worker never reported "webworker host: tree active"[39m
[36m [2m❯[22m Timeout.<anonymous> apps/web/tests/preview-boot.e2e.ts:[2m244:77[22m[39m
    [90m242|[39m     return await Promise.race([
    [90m243|[39m       work,
    [90m244|[39m       new Promise<never>((_, reject) => { timer = setTimeout(() => { r…
    [90m   |[39m                                                                             [31m^[39m
    [90m245|[39m     ])
    [90m246|[39m   } finally {

[31m[2m⎯⎯⎯⎯⎯⎯⎯⎯⎯⎯⎯⎯⎯⎯⎯⎯⎯⎯⎯⎯⎯⎯⎯⎯[1/2]⎯[22m[39m

[41m[1m FAIL [22m[49m apps/web/tests/preview-boot.e2e.ts[2m > [22mboots the packed worker deployment to an interactive page
[31m[1mError[22m: web-preview tunnel: boot payload failed with HTTP 503: Error: webworker host: image fetch failed with 404 for http://127.0.0.1:64336/preview/vfs-image.tar.gz[39m
[90m [2m❯[22m m.bootPayload ../../../..//preview/bootstrap-Co8I0cp6.js:[2m1:4964[22m[39m
[90m [2m❯[22m k ../../../..//preview/bootstrap-Co8I0cp6.js:[2m158:1052[22m[39m
[90m [2m❯[22m ../../../..//preview/bootstrap-Co8I0cp6.js:[2m158:1448[22m[39m

[31m[2m⎯⎯⎯⎯⎯⎯⎯⎯⎯⎯⎯⎯⎯⎯⎯⎯⎯⎯⎯⎯⎯⎯⎯⎯[2/2]⎯[22m[39m


[2m Test Files [22m [1m[31m1 failed[39m[22m[90m (1)[39m
[2m      Tests [22m [1m[31m1 failed[39m[22m[90m (1)[39m
[2m   Start at [22m 20:28:18
[2m   Duration [22m 253.58s[2m (tests 99%, transform 1%)[22m
