[33mThe plugin "vite-tsconfig-paths" is detected. Vite now supports tsconfig paths resolution natively via the [1mresolve.tsconfigPaths[22m option. You can remove the plugin and set [1mresolve.tsconfigPaths: true[22m in your Vite config instead.[39m
[33mBoth esbuild and oxc options were set. oxc options will be used and esbuild options will be ignored.[39m The following esbuild options were set: `{ jsx: 'automatic' }`

[1m[30m[46m RUN [49m[39m[22m [36mv5.0.0 [39m[90mC:/Albert/project/dsh861[39m

[90mstdout[2m | apps/web/tests/preview-boot.e2e.ts[2m > [22m[2mboots the packed worker deployment to an interactive page
[22m[39m[zz-preview-console:log] dsh web: http://127.0.0.1:3080/?token=79KBQUS2Vwk19-5Kc-KeQsRH-oEyPgBI9i-YbfmvfyI

[90mstdout[2m | apps/web/tests/preview-boot.e2e.ts[2m > [22m[2mboots the packed worker deployment to an interactive page
[22m[39m[zz-preview-console:info] webworker host: tree active (modules=652, data overlays=0, preset root overlay=applied, direct lane=connection.createSharedFetchHandler, als causality=snapshot/restore, image lowering=dsh-worker-transform/2)

[90mstdout[2m | apps/web/tests/preview-boot.e2e.ts[2m > [22m[2mboots the packed worker deployment to an interactive page
[22m[39m[zz-preview-console:info] webworker tunnel: serving (unary /api lane=route with 401/403 retry, privileged set=none, queued=1)

[90mstdout[2m | apps/web/tests/preview-boot.e2e.ts[2m > [22m[2mboots the packed worker deployment to an interactive page
[22m[39m[zz-preview-console:debug] webworker tunnel: route lane refused settings/describe with 401; answering on the direct lane

[90mstdout[2m | apps/web/tests/preview-boot.e2e.ts[2m > [22m[2mboots the packed worker deployment to an interactive page
[22m[39m[zz-preview-console:debug] webworker tunnel: route lane refused dynamicCordisRunner/syncInspectManifest with 401; answering on the direct lane

[90mstdout[2m | apps/web/tests/preview-boot.e2e.ts[2m > [22m[2mboots the packed worker deployment to an interactive page
[22m[39m[zz-preview-console:debug] webworker tunnel: route lane refused credentials/describe with 401; answering on the direct lane

[90mstdout[2m | apps/web/tests/preview-boot.e2e.ts[2m > [22m[2mboots the packed worker deployment to an interactive page
[22m[39m[zz-preview-console:debug] webworker tunnel: route lane refused dynamicCordisRunner/inventory with 401; answering on the direct lane

[90mstdout[2m | apps/web/tests/preview-boot.e2e.ts[2m > [22m[2mboots the packed worker deployment to an interactive page
[22m[39m[zz-preview-console:debug] webworker tunnel: route lane refused session/modelCatalog with 401; answering on the direct lane

[90mstdout[2m | apps/web/tests/preview-boot.e2e.ts[2m > [22m[2mboots the packed worker deployment to an interactive page
[22m[39m[zz-preview-console:error] Failed to load resource: the server responded with a status of 404 (Not Found)

[90mstdout[2m | apps/web/tests/preview-boot.e2e.ts[2m > [22m[2mboots the packed worker deployment to an interactive page
[22m[39m[zz-preview-console:debug] webworker tunnel: route lane refused agentPresets/list with 401; answering on the direct lane

[90mstdout[2m | apps/web/tests/preview-boot.e2e.ts[2m > [22m[2mboots the packed worker deployment to an interactive page
[22m[39m[zz-preview-console:debug] webworker tunnel: route lane refused agentPresets/list with 401; answering on the direct lane

[90mstdout[2m | apps/web/tests/preview-boot.e2e.ts[2m > [22m[2mboots the packed worker deployment to an interactive page
[22m[39m[zz-preview-console:debug] webworker tunnel: route lane refused session/list with 401; answering on the direct lane

[90mstdout[2m | apps/web/tests/preview-boot.e2e.ts[2m > [22m[2mboots the packed worker deployment to an interactive page
[22m[39m[zz-preview-console:debug] webworker tunnel: route lane refused dynamicCordisRunner/inventory with 401; answering on the direct lane

[90mstdout[2m | apps/web/tests/preview-boot.e2e.ts[2m > [22m[2mboots the packed worker deployment to an interactive page
[22m[39m[zz-preview-console:debug] webworker tunnel: route lane refused session/modelCatalog with 401; answering on the direct lane

[90mstdout[2m | apps/web/tests/preview-boot.e2e.ts[2m > [22m[2mboots the packed worker deployment to an interactive page
[22m[39m[zz-preview-console:debug] webworker tunnel: route lane refused agentPresets/list with 401; answering on the direct lane

[90mstdout[2m | apps/web/tests/preview-boot.e2e.ts[2m > [22m[2mboots the packed worker deployment to an interactive page
[22m[39m[zz-preview-console:debug] webworker tunnel: route lane refused credentials/describe with 401; answering on the direct lane

[90mstdout[2m | apps/web/tests/preview-boot.e2e.ts[2m > [22m[2mboots the packed worker deployment to an interactive page
[22m[39m[zz-preview-console:debug] webworker tunnel: route lane refused settings/describe with 401; answering on the direct lane

[90mstdout[2m | apps/web/tests/preview-boot.e2e.ts[2m > [22m[2mboots the packed worker deployment to an interactive page
[22m[39m[zz-preview-console:debug] webworker tunnel: route lane refused dynamicCordisRunner/syncInspectManifest with 401; answering on the direct lane

[90mstdout[2m | apps/web/tests/preview-boot.e2e.ts[2m > [22m[2mboots the packed worker deployment to an interactive page
[22m[39m[zz-preview-console:error] Failed to load resource: the server responded with a status of 404 (Not Found)

[90mstdout[2m | apps/web/tests/preview-boot.e2e.ts[2m > [22m[2mboots the packed worker deployment to an interactive page
[22m[39m[zz-preview-console:debug] webworker tunnel: route lane refused credentials/describe with 401; answering on the direct lane

[90mstdout[2m | apps/web/tests/preview-boot.e2e.ts[2m > [22m[2mboots the packed worker deployment to an interactive page
[22m[39m[zz-preview-console:debug] webworker tunnel: route lane refused session/list with 401; answering on the direct lane

 [31m❯[39m apps/web/tests/preview-boot.e2e.ts [2m([22m[2m1 test[22m[2m | [22m[31m1 failed[39m[2m)[22m[33m 53988[2mms[22m[39m
[31m   [31m×[31m boots the packed worker deployment to an interactive page[39m[33m 53986[2mms[22m[39m

[31m⎯⎯⎯⎯⎯⎯⎯[39m[1m[41m Failed Tests 1 [49m[22m[31m⎯⎯⎯⎯⎯⎯⎯[39m

[41m[1m FAIL [22m[49m apps/web/tests/preview-boot.e2e.ts[2m > [22mboots the packed worker deployment to an interactive page
[31m[1mTimeoutError[22m: locator.waitFor: Timeout 30000ms exceeded.
Call log:
[2m  - waiting for locator('[data-composer-input][data-placeholder="Describe what you want to build, / commands, @ files or sessions"]') to be visible[22m
[39m
[36m [2m❯[22m bootPreview apps/web/tests/preview-boot.e2e.ts:[2m329:8[22m[39m
    [90m327|[39m     await configureLater.click()
    [90m328|[39m     await page.locator('[data-composer-input][data-placeholder="Descri…
    [90m329|[39m       .waitFor({ timeout: 30_000 })
    [90m   |[39m        [31m^[39m
    [90m330|[39m
    [90m331|[39m     const exercised = await page.evaluate(async ({ seededSessionId, se…
[90m [2m❯[22m apps/web/tests/preview-boot.e2e.ts:[2m268:9[22m[39m

[31m[2m⎯⎯⎯⎯⎯⎯⎯⎯⎯⎯⎯⎯⎯⎯⎯⎯⎯⎯⎯⎯⎯⎯⎯⎯[1/1]⎯[22m[39m


[2m Test Files [22m [1m[31m1 failed[39m[22m[90m (1)[39m
[2m      Tests [22m [1m[31m1 failed[39m[22m[90m (1)[39m
[2m   Start at [22m 21:28:51
[2m   Duration [22m 57.36s[2m (tests 94%, transform 4%, import 2%)[22m
