[33mThe plugin "vite-tsconfig-paths" is detected. Vite now supports tsconfig paths resolution natively via the [1mresolve.tsconfigPaths[22m option. You can remove the plugin and set [1mresolve.tsconfigPaths: true[22m in your Vite config instead.[39m
[33mBoth esbuild and oxc options were set. oxc options will be used and esbuild options will be ignored.[39m The following esbuild options were set: `{ jsx: 'automatic' }`
[33mThe plugin "vite-tsconfig-paths" is detected. Vite now supports tsconfig paths resolution natively via the [1mresolve.tsconfigPaths[22m option. You can remove the plugin and set [1mresolve.tsconfigPaths: true[22m in your Vite config instead.[39m
[33mThe plugin "vite-tsconfig-paths" is detected. Vite now supports tsconfig paths resolution natively via the [1mresolve.tsconfigPaths[22m option. You can remove the plugin and set [1mresolve.tsconfigPaths: true[22m in your Vite config instead.[39m
[33mBoth esbuild and oxc options were set. oxc options will be used and esbuild options will be ignored.[39m The following esbuild options were set: `{ jsx: 'automatic' }`
[1m[30m[43m Vitest [49m[39m[22m [33mThe "thread-safe" project applies the same plugin multiple times: "vite-tsconfig-paths", "dsh-standard-decorators". Since Vitest 5, an inline project extends the config file that declares it by default, so the plugins from "vitest.config.ts" already apply to this project and don't need to be listed again.
Remove the duplicated plugins from the project, or set `extends: false` to not inherit the declaring config. Setting the `extends` option explicitly hides this warning.[39m
[33mBoth esbuild and oxc options were set. oxc options will be used and esbuild options will be ignored.[39m The following esbuild options were set: `{ jsx: 'automatic' }`
[1m[30m[43m Vitest [49m[39m[22m [33mThe "process-bound" project applies the same plugin multiple times: "vite-tsconfig-paths", "dsh-standard-decorators". Since Vitest 5, an inline project extends the config file that declares it by default, so the plugins from "vitest.config.ts" already apply to this project and don't need to be listed again.
Remove the duplicated plugins from the project, or set `extends: false` to not inherit the declaring config. Setting the `extends` option explicitly hides this warning.[39m

[1m[30m[46m RUN [49m[39m[22m [36mv5.0.0 [39m[90mC:/Albert/project/dsh861[39m

 [32m✓[39m [30m[42m process-bound [49m[39m packages/experimental/webworker-runtime/tests/compile/transform.spec.ts [2m([22m[2m150 tests[22m[2m)[22m[32m 22[2mms[22m[39m
 [32m✓[39m [30m[45m thread-safe [49m[39m packages/experimental/webworker-runtime/tests/compile/transform.spec.ts [2m([22m[2m150 tests[22m[2m)[22m[32m 22[2mms[22m[39m
 [32m✓[39m [30m[45m thread-safe [49m[39m packages/experimental/webworker-packer/tests/image-loadable.spec.ts [2m([22m[2m13 tests[22m[2m)[22m[33m 2791[2mms[22m[39m
   [32m✓[39m packed image [2m(10)[22m
     [33m[2m✓[22m[39m keeps third-party runtime JavaScript published under src[33m 328[2mms[22m[39m
     [33m[2m✓[22m[39m prepares the unchanged plugin-package inventory through Worker createRequire paths[33m 2050[2mms[22m[39m
 [32m✓[39m [30m[42m process-bound [49m[39m packages/experimental/webworker-packer/tests/image-loadable.spec.ts [2m([22m[2m13 tests[22m[2m)[22m[33m 2810[2mms[22m[39m
   [32m✓[39m packed image [2m(10)[22m
     [33m[2m✓[22m[39m keeps third-party runtime JavaScript published under src[33m 301[2mms[22m[39m
     [33m[2m✓[22m[39m prepares the unchanged plugin-package inventory through Worker createRequire paths[33m 2069[2mms[22m[39m
 [32m✓[39m [30m[42m process-bound [49m[39m packages/client/ui-conversation/tests/lexical-editor-core.client.spec.tsx [2m([22m[2m26 tests[22m[2m)[22m[32m 64[2mms[22m[39m
 [32m✓[39m [30m[45m thread-safe [49m[39m packages/client/ui-conversation/tests/lexical-editor-core.client.spec.tsx [2m([22m[2m26 tests[22m[2m)[22m[32m 64[2mms[22m[39m

[2m Test Files [22m [1m[32m6 passed[39m[22m[90m (6)[39m
[2m      Tests [22m [1m[32m378 passed[39m[22m[90m (378)[39m
[2m   Start at [22m 22:15:28
[2m   Duration [22m 6.58s[2m (transform 43%, tests 23%, environment 18%, import 14%, setup 1%)[22m

[2m  Transform [22m [30m[45m thread-safe [49m[39m [33mtransforming modules took 5.23s[39m[2m · 42% of tracked time, re-done on every run[22m
[2m            [22m [2mpersist transforms across runs with [22m[33mfsModuleCache: true[39m
[2m            [22m [2mlearn more: https://vitest.dev/guide/improving-performance#caching-between-reruns[22m

[2m  Transform [22m [30m[42m process-bound [49m[39m [33mtransforming modules took 5.36s[39m[2m · 43% of tracked time, re-done on every run[22m
[2m            [22m [2mpersist transforms across runs with [22m[33mfsModuleCache: true[39m
[2m            [22m [2mlearn more: https://vitest.dev/guide/improving-performance#caching-between-reruns[22m
