$ tsx scripts/run-gates.ts doc-quick
run-gates: doc-quick running 16 gate(s) with 4 worker(s) from 20 available CPU(s), doc-quick cap 4.
run-gates: start markdown links
run-gates: start type equivalence
run-gates: start translation pairing
run-gates: start markdown wrap
run-gates: PASS type equivalence (25.71s)
run-gates: start public repository links
run-gates: PASS markdown wrap (26.74s)
run-gates: start doc refs
run-gates: PASS doc refs (4.02s)
run-gates: start package README Summaries
run-gates: PASS package README Summaries (0.49s)
run-gates: start package README model experience
run-gates: PASS public repository links (11.13s)
run-gates: start agent note classification
run-gates: PASS agent note classification (0.52s)
run-gates: start agent note format
run-gates: PASS agent note format (0.62s)
run-gates: start archived agent notes
run-gates: PASS archived agent notes (0.88s)
run-gates: start skill invocation metadata
run-gates: PASS skill invocation metadata (0.46s)
run-gates: start translation prompt
run-gates: PASS translation prompt (0.45s)
run-gates: start doc budgets
run-gates: PASS doc budgets (0.47s)
run-gates: start documentation standard tests
run-gates: PASS package README model experience (14.61s)
run-gates: start package README limitations
run-gates: PASS documentation standard tests (5.64s)

== FAILED translation pairing (53.76s) ==
command: pnpm run verify-translation-pairing
outcome: exit 1
$ tsx scripts/verify-translation-pairing.ts
verify-translation-pairing: bilingual pairing rules violated (see docs/i18n/README.md):
  packages/experimental/webworker-runtime/README.md: out of sync — content no longer matches the pair's last confirmed-consistent state in packages/experimental/webworker-runtime/README.i18n.yaml (bring the other side along, then re-record with --write)
  packages/experimental/webworker-runtime/README.zh.md: out of sync — content no longer matches the pair's last confirmed-consistent state in packages/experimental/webworker-runtime/README.i18n.yaml (bring the other side along, then re-record with --write)
[ELIFECYCLE] Command failed with exit code 1.
run-gates: PASS markdown links (54.46s)
run-gates: PASS package README limitations (11.57s)

run-gates: 15 passed, 1 failed, 0 skipped in 57.46s.
run-gates: unsuccessful gates:
  - FAILED translation pairing (53.76s, exit 1)
    pnpm run verify-translation-pairing
[ELIFECYCLE] Command failed with exit code 1.
$ tsx scripts/verify-translation-pairing.ts "--write" "packages/experimental/webworker-runtime/README.md"
verify-translation-pairing: recorded packages/experimental/webworker-runtime/README.i18n.yaml
verify-translation-pairing: 1 record(s) written; run the check to validate the pairs.
