$ tsx scripts/run-gates.ts doc-quick
run-gates: doc-quick running 16 gate(s) with 4 worker(s) from 20 available CPU(s), doc-quick cap 4.
run-gates: start markdown links
run-gates: start type equivalence
run-gates: start translation pairing
run-gates: start markdown wrap
run-gates: PASS type equivalence (21.96s)
run-gates: start public repository links
run-gates: PASS markdown wrap (22.34s)
run-gates: start doc refs
run-gates: PASS doc refs (3.81s)
run-gates: start package README Summaries
run-gates: PASS package README Summaries (0.48s)
run-gates: start package README model experience
run-gates: PASS public repository links (10.64s)
run-gates: start agent note classification
run-gates: PASS agent note classification (0.50s)
run-gates: start agent note format
run-gates: PASS agent note format (0.56s)
run-gates: start archived agent notes
run-gates: PASS archived agent notes (0.82s)
run-gates: start skill invocation metadata
run-gates: PASS skill invocation metadata (0.47s)
run-gates: start translation prompt
run-gates: PASS translation prompt (0.42s)
run-gates: start doc budgets
run-gates: PASS doc budgets (0.43s)
run-gates: start documentation standard tests
run-gates: PASS package README model experience (12.85s)
run-gates: start package README limitations
run-gates: PASS documentation standard tests (5.17s)
run-gates: PASS translation pairing (47.69s)
run-gates: PASS markdown links (49.57s)
run-gates: PASS package README limitations (10.77s)

run-gates: 16 passed, 0 failed, 0 skipped in 50.28s.
