$ tsx scripts/run-gates.ts doc-quick
run-gates: doc-quick running 16 gate(s) with 4 worker(s) from 20 available CPU(s), doc-quick cap 4.
run-gates: start markdown links
run-gates: start type equivalence
run-gates: start translation pairing
run-gates: start markdown wrap
run-gates: PASS type equivalence (17.75s)
run-gates: start public repository links
run-gates: PASS markdown wrap (18.18s)
run-gates: start doc refs
run-gates: PASS doc refs (3.05s)
run-gates: start package README Summaries
run-gates: PASS package README Summaries (0.46s)
run-gates: start package README model experience
run-gates: PASS public repository links (7.89s)
run-gates: start agent note classification
run-gates: PASS agent note classification (0.47s)
run-gates: start agent note format
run-gates: PASS agent note format (0.51s)
run-gates: start archived agent notes
run-gates: PASS archived agent notes (0.73s)
run-gates: start skill invocation metadata
run-gates: PASS skill invocation metadata (0.44s)
run-gates: start translation prompt
run-gates: PASS translation prompt (0.42s)
run-gates: start doc budgets
run-gates: PASS doc budgets (0.38s)
run-gates: start documentation standard tests
run-gates: PASS package README model experience (9.96s)
run-gates: start package README limitations
run-gates: PASS documentation standard tests (4.30s)
run-gates: PASS translation pairing (38.37s)
run-gates: PASS markdown links (39.68s)
run-gates: PASS package README limitations (9.96s)

run-gates: 16 passed, 0 failed, 0 skipped in 41.63s.
