✔ bounds stdout by UTF-8 bytes, not UTF-16 length (1033.8598ms)
✔ bounds stderr by UTF-8 bytes, not UTF-16 length (891.1277ms)
✔ EOF-flushed delayed text cannot bypass the byte bound (1774.3202ms)
✔ discard a violating fragment before retaining it (925.7959ms)
✔ replacement-marker expansion counts toward the byte bound and retains detection (1324.3843ms)
✔ exact-bound UTF-8 text survives normal EOF unchanged (1597.4993ms)
✔ refuses unsafe HTTPS case 1 before reading (6.9721ms)
✔ refuses unsafe HTTPS case 2 before reading (6.967ms)
✔ refuses unsafe HTTPS case 3 before reading (7.5579ms)
✔ requires an explicit bounded termination grace before reading (6.4463ms)
✔ rejects NUL argv before reading rather than letting spawn reject after reading (5.5921ms)
✔ captures a private input snapshot across asynchronous credential resolution (1912.6044ms)
✔ failed prompt delivery is not reported as a completed planning input (414.0746ms)
✔ deadline returns with an unverified descendant even when inherited pipes stay open (5434.954ms)
✔ normal completion leaves a non-pipe-holding descendant unverified (1166.9766ms)
✔ cancelling one invocation leaves a concurrent unrelated invocation intact (1124.5656ms)
✔ nonzero process completion retains the real exit and never accepts a product (1362.0072ms)
✔ refuses case-insensitive credential environment collisions before reading (6.9184ms)
✔ rejects a known leased key in argv before spawning and omits the value from errors (651.5649ms)
✔ an absent heartbeat cannot certify descendant termination (5.9738ms)
✔ a frozen heartbeat is inconclusive rather than evidence of exit (133.2679ms)
✔ refuses the current approved HTTP route before any credential read (168.2237ms)
✔ refuses a subject that does not match the approval before any credential read (133.5496ms)
✔ refuses an approval without an owner record before any credential read (128.1669ms)
✔ refuses a prompt whose bytes do not match the pinned hash (143.4653ms)
✔ refuses a CLI executable whose bytes do not match the pinned hash (279.8297ms)
✔ completes a synthetic run with the leased value redacted from every channel (1577.696ms)
✔ cancels and kills the direct child when the deadline passes (1388.6344ms)
✔ a gated run releases the CLI only after membership and delivers the input then (669.3289ms)
✔ a gated run aborts the gate and never releases or delivers input without membership (1084.7031ms)
✔ a late assignment after cancellation aborts the gate instead of starting the CLI (1459.1898ms)
ℹ tests 31
ℹ suites 0
ℹ pass 31
ℹ fail 0
ℹ cancelled 0
ℹ skipped 0
ℹ todo 0
ℹ duration_ms 20287.3327
