[33mThe plugin "vite-tsconfig-paths" is detected. Vite now supports tsconfig paths resolution natively via the [1mresolve.tsconfigPaths[22m option. You can remove the plugin and set [1mresolve.tsconfigPaths: true[22m in your Vite config instead.[39m
[33mBoth esbuild and oxc options were set. oxc options will be used and esbuild options will be ignored.[39m The following esbuild options were set: `{ jsx: 'automatic' }`
[33mThe plugin "vite-tsconfig-paths" is detected. Vite now supports tsconfig paths resolution natively via the [1mresolve.tsconfigPaths[22m option. You can remove the plugin and set [1mresolve.tsconfigPaths: true[22m in your Vite config instead.[39m
[33mThe plugin "vite-tsconfig-paths" is detected. Vite now supports tsconfig paths resolution natively via the [1mresolve.tsconfigPaths[22m option. You can remove the plugin and set [1mresolve.tsconfigPaths: true[22m in your Vite config instead.[39m
[33mBoth esbuild and oxc options were set. oxc options will be used and esbuild options will be ignored.[39m The following esbuild options were set: `{ jsx: 'automatic' }`
[1m[30m[43m Vitest [49m[39m[22m [33mThe "process-bound" project applies the same plugin multiple times: "vite-tsconfig-paths", "dsh-standard-decorators". Since Vitest 5, an inline project extends the config file that declares it by default, so the plugins from "vitest.config.ts" already apply to this project and don't need to be listed again.
Remove the duplicated plugins from the project, or set `extends: false` to not inherit the declaring config. Setting the `extends` option explicitly hides this warning.[39m
[33mBoth esbuild and oxc options were set. oxc options will be used and esbuild options will be ignored.[39m The following esbuild options were set: `{ jsx: 'automatic' }`
[1m[30m[43m Vitest [49m[39m[22m [33mThe "thread-safe" project applies the same plugin multiple times: "vite-tsconfig-paths", "dsh-standard-decorators". Since Vitest 5, an inline project extends the config file that declares it by default, so the plugins from "vitest.config.ts" already apply to this project and don't need to be listed again.
Remove the duplicated plugins from the project, or set `extends: false` to not inherit the declaring config. Setting the `extends` option explicitly hides this warning.[39m

[1m[30m[46m RUN [49m[39m[22m [36mv5.0.0 [39m[90mC:/Albert/project/dsh861[39m

 [32m✓[39m [30m[45m thread-safe [49m[39m packages/experimental/webworker-runtime/tests/node/chokidar.spec.ts[2m > [22mChokidar 4 from settings and credentials running unchanged[2m > [22mreaches ready and reports a file lifecycle through fs.watch[32m 102[2mms[22m[39m
 [32m✓[39m [30m[45m thread-safe [49m[39m packages/experimental/webworker-runtime/tests/node/chokidar.spec.ts[2m > [22mChokidar 4 from settings and credentials running unchanged[2m > [22mwatches a missing file through its existing parent[32m 5[2mms[22m[39m
 [32m✓[39m [30m[45m thread-safe [49m[39m packages/experimental/webworker-runtime/tests/node/chokidar.spec.ts[2m > [22mChokidar 4 from settings and credentials running unchanged[2m > [22mdiscovers directory children through watchFile polling mode[32m 9[2mms[22m[39m
 [32m✓[39m [30m[45m thread-safe [49m[39m packages/experimental/webworker-runtime/tests/node/chokidar.spec.ts[2m > [22mChokidar 4 from settings and credentials running unchanged[2m > [22mnormalizes a short unlink/add replacement into one atomic change[32m 78[2mms[22m[39m
 [32m✓[39m [30m[42m process-bound [49m[39m packages/experimental/webworker-runtime/tests/node/chokidar.spec.ts[2m > [22mChokidar 4 from settings and credentials running unchanged[2m > [22mreaches ready and reports a file lifecycle through fs.watch[32m 102[2mms[22m[39m
 [32m✓[39m [30m[42m process-bound [49m[39m packages/experimental/webworker-runtime/tests/node/chokidar.spec.ts[2m > [22mChokidar 4 from settings and credentials running unchanged[2m > [22mwatches a missing file through its existing parent[32m 4[2mms[22m[39m
 [32m✓[39m [30m[42m process-bound [49m[39m packages/experimental/webworker-runtime/tests/node/chokidar.spec.ts[2m > [22mChokidar 4 from settings and credentials running unchanged[2m > [22mdiscovers directory children through watchFile polling mode[32m 10[2mms[22m[39m
 [32m✓[39m [30m[42m process-bound [49m[39m packages/experimental/webworker-runtime/tests/node/chokidar.spec.ts[2m > [22mChokidar 4 from settings and credentials running unchanged[2m > [22mnormalizes a short unlink/add replacement into one atomic change[32m 78[2mms[22m[39m
 [32m✓[39m [30m[45m thread-safe [49m[39m packages/experimental/webworker-runtime/tests/node/chokidar.spec.ts[2m > [22mChokidar 4 from settings and credentials running unchanged[2m > [22mwaits for a write burst to stabilize before publishing one add[32m 11[2mms[22m[39m
 [32m✓[39m [30m[45m thread-safe [49m[39m packages/experimental/webworker-runtime/tests/node/chokidar.spec.ts[2m > [22mChokidar 4 from settings and credentials running unchanged[2m > [22mpublishes a later stabilized write as change instead of suppressing it[32m 6[2mms[22m[39m
 [32m✓[39m [30m[45m thread-safe [49m[39m packages/experimental/webworker-runtime/tests/node/chokidar.spec.ts[2m > [22mChokidar 4 from settings and credentials running unchanged[2m > [22memits nothing after close has reached quiescence[32m 5[2mms[22m[39m
 [32m✓[39m [30m[45m thread-safe [49m[39m packages/experimental/webworker-runtime/tests/node/chokidar.spec.ts[2m > [22mChokidar 5 from skill-filesystem running unchanged[2m > [22mreaches ready and reports a file lifecycle through fs.watch[32m 56[2mms[22m[39m
 [32m✓[39m [30m[45m thread-safe [49m[39m packages/experimental/webworker-runtime/tests/node/chokidar.spec.ts[2m > [22mChokidar 5 from skill-filesystem running unchanged[2m > [22mwatches a missing file through its existing parent[32m 4[2mms[22m[39m
 [32m✓[39m [30m[45m thread-safe [49m[39m packages/experimental/webworker-runtime/tests/node/chokidar.spec.ts[2m > [22mChokidar 5 from skill-filesystem running unchanged[2m > [22mdiscovers directory children through watchFile polling mode[32m 12[2mms[22m[39m
 [32m✓[39m [30m[42m process-bound [49m[39m packages/experimental/webworker-runtime/tests/node/chokidar.spec.ts[2m > [22mChokidar 4 from settings and credentials running unchanged[2m > [22mwaits for a write burst to stabilize before publishing one add[32m 9[2mms[22m[39m
 [32m✓[39m [30m[42m process-bound [49m[39m packages/experimental/webworker-runtime/tests/node/chokidar.spec.ts[2m > [22mChokidar 4 from settings and credentials running unchanged[2m > [22mpublishes a later stabilized write as change instead of suppressing it[32m 6[2mms[22m[39m
 [32m✓[39m [30m[42m process-bound [49m[39m packages/experimental/webworker-runtime/tests/node/chokidar.spec.ts[2m > [22mChokidar 4 from settings and credentials running unchanged[2m > [22memits nothing after close has reached quiescence[32m 7[2mms[22m[39m
 [32m✓[39m [30m[42m process-bound [49m[39m packages/experimental/webworker-runtime/tests/node/chokidar.spec.ts[2m > [22mChokidar 5 from skill-filesystem running unchanged[2m > [22mreaches ready and reports a file lifecycle through fs.watch[32m 56[2mms[22m[39m
 [32m✓[39m [30m[42m process-bound [49m[39m packages/experimental/webworker-runtime/tests/node/chokidar.spec.ts[2m > [22mChokidar 5 from skill-filesystem running unchanged[2m > [22mwatches a missing file through its existing parent[32m 4[2mms[22m[39m
 [32m✓[39m [30m[42m process-bound [49m[39m packages/experimental/webworker-runtime/tests/node/chokidar.spec.ts[2m > [22mChokidar 5 from skill-filesystem running unchanged[2m > [22mdiscovers directory children through watchFile polling mode[32m 11[2mms[22m[39m
 [32m✓[39m [30m[45m thread-safe [49m[39m packages/experimental/webworker-runtime/tests/node/chokidar.spec.ts[2m > [22mChokidar 5 from skill-filesystem running unchanged[2m > [22mnormalizes a short unlink/add replacement into one atomic change[32m 78[2mms[22m[39m
 [32m✓[39m [30m[45m thread-safe [49m[39m packages/experimental/webworker-runtime/tests/node/chokidar.spec.ts[2m > [22mChokidar 5 from skill-filesystem running unchanged[2m > [22mwaits for a write burst to stabilize before publishing one add[32m 5[2mms[22m[39m
 [32m✓[39m [30m[45m thread-safe [49m[39m packages/experimental/webworker-runtime/tests/node/chokidar.spec.ts[2m > [22mChokidar 5 from skill-filesystem running unchanged[2m > [22mpublishes a later stabilized write as change instead of suppressing it[32m 4[2mms[22m[39m
 [32m✓[39m [30m[45m thread-safe [49m[39m packages/experimental/webworker-runtime/tests/node/chokidar.spec.ts[2m > [22mChokidar 5 from skill-filesystem running unchanged[2m > [22memits nothing after close has reached quiescence[32m 3[2mms[22m[39m
 [32m✓[39m [30m[42m process-bound [49m[39m packages/experimental/webworker-runtime/tests/node/chokidar.spec.ts[2m > [22mChokidar 5 from skill-filesystem running unchanged[2m > [22mnormalizes a short unlink/add replacement into one atomic change[32m 77[2mms[22m[39m
 [32m✓[39m [30m[42m process-bound [49m[39m packages/experimental/webworker-runtime/tests/node/chokidar.spec.ts[2m > [22mChokidar 5 from skill-filesystem running unchanged[2m > [22mwaits for a write burst to stabilize before publishing one add[32m 6[2mms[22m[39m
 [32m✓[39m [30m[42m process-bound [49m[39m packages/experimental/webworker-runtime/tests/node/chokidar.spec.ts[2m > [22mChokidar 5 from skill-filesystem running unchanged[2m > [22mpublishes a later stabilized write as change instead of suppressing it[32m 6[2mms[22m[39m
 [32m✓[39m [30m[42m process-bound [49m[39m packages/experimental/webworker-runtime/tests/node/chokidar.spec.ts[2m > [22mChokidar 5 from skill-filesystem running unchanged[2m > [22memits nothing after close has reached quiescence[32m 3[2mms[22m[39m

[2m Test Files [22m [1m[32m2 passed[39m[22m[90m (2)[39m
[2m      Tests [22m [1m[32m28 passed[39m[22m[90m (28)[39m
[2m   Start at [22m 06:38:13
[2m   Duration [22m 1.58s[2m (transform 59%, tests 27%, import 10%, setup 3%)[22m
