$ tsx scripts/run-gates.ts doc-sync
run-gates: doc-sync running 34 gate(s) with 4 worker(s) from 20 available CPU(s), doc-sync cap 4.
run-gates: start doc-typecheck
run-gates: start documentation build
run-gates: start doc graphs
run-gates: start markdown links
run-gates: PASS markdown links (45.06s)
run-gates: start type equivalence
run-gates: PASS type equivalence (18.71s)
run-gates: start cordis catalog
run-gates: PASS doc-typecheck (66.63s)
run-gates: start Cordis inspect catalog
run-gates: PASS documentation build (86.84s)
run-gates: start verify-mermaid
run-gates: PASS Cordis inspect catalog (39.55s)
run-gates: start scoped events
run-gates: PASS doc graphs (113.57s)
run-gates: start translation pairing
run-gates: PASS verify-mermaid (28.55s)
run-gates: start markdown wrap
run-gates: PASS cordis catalog (65.55s)
run-gates: start client catalog
run-gates: PASS markdown wrap (21.57s)
run-gates: start export jsdoc
run-gates: PASS client catalog (7.72s)
run-gates: start tool catalog
run-gates: PASS tool catalog (6.31s)
run-gates: start config catalog
run-gates: PASS config catalog (4.04s)
run-gates: start persistence catalog
run-gates: PASS translation pairing (39.17s)
run-gates: start Session format catalog
run-gates: PASS persistence catalog (5.27s)
run-gates: start public repository links
run-gates: PASS Session format catalog (0.98s)
run-gates: start doc refs
run-gates: PASS scoped events (55.08s)
run-gates: start subsystem pages
run-gates: PASS doc refs (9.39s)
run-gates: start package paths
run-gates: PASS subsystem pages (2.25s)
run-gates: start tsconfig paths
run-gates: PASS export jsdoc (26.79s)
run-gates: start config source ownership
run-gates: PASS tsconfig paths (1.37s)
run-gates: start package README Summaries
run-gates: PASS package README Summaries (1.24s)
run-gates: start package README model experience
run-gates: PASS config source ownership (4.12s)
run-gates: start agent note classification
run-gates: PASS agent note classification (1.08s)
run-gates: start agent note format
run-gates: PASS agent note format (1.27s)
run-gates: start archived agent notes
run-gates: PASS public repository links (17.42s)
run-gates: start skill invocation metadata
run-gates: PASS skill invocation metadata (0.88s)
run-gates: start translation prompt
run-gates: PASS archived agent notes (1.76s)
run-gates: start doc budgets
run-gates: PASS translation prompt (0.86s)
run-gates: start documentation standard tests
run-gates: PASS doc budgets (0.82s)
run-gates: start documentation site checks
run-gates: PASS package README model experience (11.90s)
run-gates: start package README limitations
run-gates: PASS package paths (15.03s)
run-gates: PASS documentation standard tests (6.93s)
run-gates: PASS package README limitations (10.03s)
run-gates: PASS documentation site checks (17.43s)

run-gates: 34 passed, 0 failed, 0 skipped in 190.31s.
