$ tsx scripts/run-gates.ts doc-sync
run-gates: doc-sync running 34 gate(s) with 4 worker(s) from 20 available CPU(s), doc-sync cap 4.
run-gates: start doc-typecheck
run-gates: start documentation build
run-gates: start doc graphs
run-gates: start markdown links
run-gates: PASS markdown links (58.29s)
run-gates: start type equivalence
run-gates: PASS doc-typecheck (76.50s)
run-gates: start cordis catalog
run-gates: PASS type equivalence (21.89s)
run-gates: start Cordis inspect catalog
run-gates: PASS documentation build (111.41s)
run-gates: start verify-mermaid
run-gates: PASS Cordis inspect catalog (53.69s)
run-gates: start scoped events
run-gates: PASS verify-mermaid (32.92s)
run-gates: start translation pairing
run-gates: PASS doc graphs (161.02s)
run-gates: start markdown wrap
run-gates: PASS cordis catalog (92.85s)
run-gates: start client catalog
run-gates: PASS client catalog (5.58s)
run-gates: start export jsdoc
run-gates: PASS markdown wrap (23.77s)
run-gates: start tool catalog
run-gates: PASS tool catalog (4.54s)
run-gates: start config catalog
run-gates: PASS config catalog (2.45s)
run-gates: start persistence catalog
run-gates: PASS translation pairing (48.34s)
run-gates: start Session format catalog
run-gates: PASS Session format catalog (0.63s)
run-gates: start public repository links
run-gates: PASS persistence catalog (3.26s)
run-gates: start doc refs
run-gates: PASS doc refs (7.90s)
run-gates: start subsystem pages
run-gates: PASS subsystem pages (1.39s)
run-gates: start package paths
run-gates: PASS export jsdoc (36.72s)
run-gates: start tsconfig paths
run-gates: PASS tsconfig paths (0.88s)
run-gates: start config source ownership
run-gates: PASS public repository links (20.50s)
run-gates: start package README Summaries
run-gates: PASS package README Summaries (0.73s)
run-gates: start package README model experience
run-gates: PASS config source ownership (2.22s)
run-gates: start agent note classification
run-gates: PASS agent note classification (0.85s)
run-gates: start agent note format
run-gates: PASS agent note format (0.87s)
run-gates: start archived agent notes
run-gates: PASS scoped events (83.08s)
run-gates: start skill invocation metadata
run-gates: PASS skill invocation metadata (0.66s)
run-gates: start translation prompt
run-gates: PASS archived agent notes (1.51s)
run-gates: start doc budgets
run-gates: PASS translation prompt (0.73s)
run-gates: start documentation standard tests
run-gates: PASS doc budgets (0.83s)
run-gates: start documentation site checks
run-gates: PASS package paths (17.42s)
run-gates: start package README limitations
run-gates: PASS documentation standard tests (5.44s)
run-gates: PASS package README model experience (13.55s)
run-gates: PASS package README limitations (11.76s)
run-gates: PASS documentation site checks (23.51s)

run-gates: 34 passed, 0 failed, 0 skipped in 242.32s.
