The plugin "vite-tsconfig-paths" is detected. Vite now supports tsconfig paths resolution natively via the resolve.tsconfigPaths option. You can remove the plugin and set resolve.tsconfigPaths: true in your Vite config instead.
Both esbuild and oxc options were set. oxc options will be used and esbuild options will be ignored. The following esbuild options were set: `{ jsx: 'automatic' }`

 RUN  v5.0.0 C:/Albert/project/dsh861

stdout | apps/cli/tests/profiles/headless/tests/r45-diag.expected.e2e.ts > r45 diagnostic > bisects the hanging launch element in-worker
[probe E-args-only +25063ms] outcome: timeout; out=0B err=0B

stdout | apps/cli/tests/profiles/headless/tests/r45-diag.expected.e2e.ts > r45 diagnostic > bisects the hanging launch element in-worker
[probe F-replay-env +6290ms] stderr: "atomic-write: timed out waiting for the writer lock at C:\\Users\\Joyce Gu\\.dsh\\profiles\\node_modules.lock\n"

stdout | apps/cli/tests/profiles/headless/tests/r45-diag.expected.e2e.ts > r45 diagnostic > bisects the hanging launch element in-worker
[probe F-replay-env +6306ms] outcome: close code=1 signal=null; out=0B err=105B

stdout | apps/cli/tests/profiles/headless/tests/r45-diag.expected.e2e.ts > r45 diagnostic > bisects the hanging launch element in-worker
[probe G-replay-override-env +3499ms] stderr: "atomic-write: timed out waiting for the writer lock at C:\\Users\\Joyce Gu\\.dsh\\profiles\\node_modules.lock\n"

stdout | apps/cli/tests/profiles/headless/tests/r45-diag.expected.e2e.ts > r45 diagnostic > bisects the hanging launch element in-worker
[probe G-replay-override-env +3514ms] outcome: close code=1 signal=null; out=0B err=105B

stdout | apps/cli/tests/profiles/headless/tests/r45-diag.expected.e2e.ts > r45 diagnostic > bisects the hanging launch element in-worker
[probe H-temp-cwd +3656ms] stderr: "atomic-write: timed out waiting for the writer lock at C:\\Users\\Joyce Gu\\.dsh\\profiles\\node_modules.lock\n"

stdout | apps/cli/tests/profiles/headless/tests/r45-diag.expected.e2e.ts > r45 diagnostic > bisects the hanging launch element in-worker
[probe H-temp-cwd +3675ms] outcome: close code=1 signal=null; out=0B err=105B

stdout | apps/cli/tests/profiles/headless/tests/r45-diag.expected.e2e.ts > r45 diagnostic > bisects the hanging launch element in-worker
[probe I-pipe-stdin +35059ms] outcome: timeout; out=0B err=0B

 ✓ apps/cli/tests/profiles/headless/tests/r45-diag.expected.e2e.ts (1 test) 73627ms
   ✓ r45 diagnostic (1)
     ✓ bisects the hanging launch element in-worker 73625ms

 Test Files  1 passed (1)
      Tests  1 passed (1)
   Start at  00:55:53
   Duration  74.45s (tests 99%, transform 1%)

EXIT:0
