2026-09-18T17:21:17Z docs start
$ tsx scripts/run-gates.ts doc-quick
run-gates: doc-quick running 16 gate(s) with 4 worker(s) from 20 available CPU(s), doc-quick cap 4.
run-gates: start markdown links
run-gates: start type equivalence
run-gates: start translation pairing
run-gates: start markdown wrap
run-gates: PASS type equivalence (27.44s)
run-gates: start public repository links
run-gates: PASS markdown wrap (31.50s)
run-gates: start doc refs
run-gates: PASS doc refs (9.93s)
run-gates: start package README Summaries
run-gates: PASS package README Summaries (1.02s)
run-gates: start package README model experience
run-gates: PASS public repository links (19.91s)
run-gates: start agent note classification
run-gates: PASS agent note classification (1.02s)
run-gates: start agent note format
run-gates: PASS agent note format (1.26s)
run-gates: start archived agent notes
run-gates: PASS translation pairing (51.07s)
run-gates: start skill invocation metadata
run-gates: PASS archived agent notes (1.95s)
run-gates: start translation prompt
run-gates: PASS skill invocation metadata (0.90s)
run-gates: start doc budgets
run-gates: PASS translation prompt (1.09s)
run-gates: start documentation standard tests
run-gates: PASS doc budgets (0.91s)
run-gates: start package README limitations
run-gates: PASS package README model experience (14.47s)
run-gates: PASS documentation standard tests (5.42s)
run-gates: PASS markdown links (61.44s)
run-gates: PASS package README limitations (12.63s)

run-gates: 16 passed, 0 failed, 0 skipped in 65.73s.
DOCS_EXIT:0
