[33mThe plugin "vite-tsconfig-paths" is detected. Vite now supports tsconfig paths resolution natively via the [1mresolve.tsconfigPaths[22m option. You can remove the plugin and set [1mresolve.tsconfigPaths: true[22m in your Vite config instead.[39m
[33mBoth esbuild and oxc options were set. oxc options will be used and esbuild options will be ignored.[39m The following esbuild options were set: `{ jsx: 'automatic' }`
[33mThe plugin "vite-tsconfig-paths" is detected. Vite now supports tsconfig paths resolution natively via the [1mresolve.tsconfigPaths[22m option. You can remove the plugin and set [1mresolve.tsconfigPaths: true[22m in your Vite config instead.[39m
[33mThe plugin "vite-tsconfig-paths" is detected. Vite now supports tsconfig paths resolution natively via the [1mresolve.tsconfigPaths[22m option. You can remove the plugin and set [1mresolve.tsconfigPaths: true[22m in your Vite config instead.[39m
[33mBoth esbuild and oxc options were set. oxc options will be used and esbuild options will be ignored.[39m The following esbuild options were set: `{ jsx: 'automatic' }`
[33mBoth esbuild and oxc options were set. oxc options will be used and esbuild options will be ignored.[39m The following esbuild options were set: `{ jsx: 'automatic' }`

[1m[30m[46m RUN [49m[39m[22m [36mv5.0.0 [39m[90mC:/Albert/project/dsh861[39m

 [31m❯[39m [30m[45m thread-safe [49m[39m scripts/prepare-ci-bubblewrap.spec.ts [2m([22m[2m36 tests[22m[2m | [22m[31m4 failed[39m[2m)[22m[33m 94594[2mms[22m[39m
   [32m✓[39m prepare-ci-bubblewrap.sh pinned identities (source-level) [2m(4)[22m
     [32m✓[39m keeps the three pinned inputs with publisher-recorded digests and sources[32m 2[2mms[22m[39m
     [32m✓[39m verifies each digest before its archive is unpacked or executed[32m 1[2mms[22m[39m
     [32m✓[39m publishes only after the functional probe passes[32m 0[2mms[22m[39m
     [32m✓[39m adds no package transaction, no global library path, and no sandbox weakening[32m 1[2mms[22m[39m
   [31m❯[39m prepare-ci-bubblewrap.sh end to end (real script, stubbed external effects) [2m(32)[22m
     [33m[2m✓[22m[39m builds, verifies, and publishes from the three pinned inputs, in order, once[33m 4238[2mms[22m[39m
     [33m[2m✓[22m[39m still succeeds when the sysctl knob is absent; the tolerated knob failure is not probe success[33m 4007[2mms[22m[39m
     [33m[2m✓[22m[39m stops at a global 404 with the downloader exit code and never hashes, unpacks, or probes[33m 835[2mms[22m[39m
     [33m[2m✓[22m[39m stops at a connection failure with the downloader exit code[33m 760[2mms[22m[39m
     [33m[2m✓[22m[39m stops when only the meson download fails, after the bubblewrap input was already verified[33m 1425[2mms[22m[39m
     [33m[2m✓[22m[39m stops when only the libcap download fails, after both tarballs were already extracted[33m 2098[2mms[22m[39m
     [33m[2m✓[22m[39m rejects a bubblewrap digest mismatch and never unpacks anything[33m 1078[2mms[22m[39m
     [33m[2m✓[22m[39m rejects a meson digest mismatch after the bubblewrap extraction but before the meson unpack[33m 1544[2mms[22m[39m
     [33m[2m✓[22m[39m rejects a libcap digest mismatch before any deb handling[33m 2207[2mms[22m[39m
[31m     [31m×[31m rejects a traversal member name in the bubblewrap listing before extraction[39m[33m 4023[2mms[22m[39m
[31m     [31m×[31m rejects an absolute member path in the deb listing before extraction[39m[33m 4184[2mms[22m[39m
[31m     [31m×[31m rejects a symlink that escapes the extraction root in the meson metadata listing[39m[33m 4273[2mms[22m[39m
[31m     [31m×[31m rejects a device member in the deb metadata listing before extraction[39m[33m 5411[2mms[22m[39m
     [32m✓[39m fails loud when a build tool is missing, before any download[32m 204[2mms[22m[39m
     [33m[2m✓[22m[39m rejects a libcap-dev control identity that does not match the pin[33m 2401[2mms[22m[39m
     [33m[2m✓[22m[39m rejects a libcap-dev payload without the static library[33m 3479[2mms[22m[39m
     [33m[2m✓[22m[39m stops at a deb extraction failure before dependency resolution[33m 2638[2mms[22m[39m
     [33m[2m✓[22m[39m rejects a private libcap that pkg-config resolves to the wrong version[33m 5572[2mms[22m[39m
     [33m[2m✓[22m[39m stops at a meson configure failure before any compile[33m 3456[2mms[22m[39m
     [33m[2m✓[22m[39m stops at a compile failure with no artifact, hash record, probe, or publication[33m 4280[2mms[22m[39m
     [33m[2m✓[22m[39m rejects a link command with no private libcap directory reference[33m 4715[2mms[22m[39m
     [33m[2m✓[22m[39m rejects a link command that fell back to the host libcap directory[33m 3899[2mms[22m[39m
     [33m[2m✓[22m[39m rejects a built binary that is not an x86-64 ELF[33m 4095[2mms[22m[39m
     [33m[2m✓[22m[39m rejects a built binary with a dynamic libcap dependency[33m 4653[2mms[22m[39m
     [33m[2m✓[22m[39m rejects a built binary whose ldd resolves libcap[33m 5561[2mms[22m[39m
     [33m[2m✓[22m[39m rejects a built binary with the wrong version identity before any probe[33m 5942[2mms[22m[39m
     [33m[2m✓[22m[39m keeps a functional-probe failure fatal and publishes nothing[33m 5311[2mms[22m[39m
     [32m✓[39m refuses a non-Linux host before any download[32m 130[2mms[22m[39m
     [32m✓[39m refuses a non-x86_64 host before any download[32m 185[2mms[22m[39m
     [32m✓[39m fails loud when RUNNER_TEMP is missing, before any download[32m 70[2mms[22m[39m
     [32m✓[39m fails loud when GITHUB_PATH is missing, before any download[32m 69[2mms[22m[39m
     [33m[2m✓[22m[39m stops at a tarball extraction failure before the next input downloads[33m 1418[2mms[22m[39m

[31m⎯⎯⎯⎯⎯⎯⎯[39m[1m[41m Failed Tests 4 [49m[22m[31m⎯⎯⎯⎯⎯⎯⎯[39m

[41m[1m FAIL [22m[49m [30m[45m thread-safe [49m[39m scripts/prepare-ci-bubblewrap.spec.ts[2m > [22mprepare-ci-bubblewrap.sh end to end (real script, stubbed external effects)[2m > [22mrejects a traversal member name in the bubblewrap listing before extraction
[31m[1mAssertionError[22m: expected +0 to be 1 // Object.is equality[39m

[32m- Expected[39m
[31m+ Received[39m

[32m- 1[39m
[31m+ 0[39m

[36m [2m❯[22m scripts/prepare-ci-bubblewrap.spec.ts:[2m681:27[22m[39m
    [90m679|[39m   it('rejects a traversal member name in the bubblewrap listing before…
    [90m680|[39m     const result = runScenario({ unsafeMembers: 'traversal-name', unsa…
    [90m681|[39m     expect(result.status).toBe(1)
    [90m   |[39m                           [31m^[39m
    [90m682|[39m     expect(result.stderr).toContain('escapes the extraction root')
    [90m683|[39m     expect(anyCallIncludes(result, 'tar -xf')).toBe(false)

[31m[2m⎯⎯⎯⎯⎯⎯⎯⎯⎯⎯⎯⎯⎯⎯⎯⎯⎯⎯⎯⎯⎯⎯⎯⎯[1/4]⎯[22m[39m

[41m[1m FAIL [22m[49m [30m[45m thread-safe [49m[39m scripts/prepare-ci-bubblewrap.spec.ts[2m > [22mprepare-ci-bubblewrap.sh end to end (real script, stubbed external effects)[2m > [22mrejects an absolute member path in the deb listing before extraction
[31m[1mAssertionError[22m: expected +0 to be 1 // Object.is equality[39m

[32m- Expected[39m
[31m+ Received[39m

[32m- 1[39m
[31m+ 0[39m

[36m [2m❯[22m scripts/prepare-ci-bubblewrap.spec.ts:[2m690:27[22m[39m
    [90m688|[39m   it('rejects an absolute member path in the deb listing before extrac…
    [90m689|[39m     const result = runScenario({ unsafeMembers: 'absolute-name', unsaf…
    [90m690|[39m     expect(result.status).toBe(1)
    [90m   |[39m                           [31m^[39m
    [90m691|[39m     expect(result.stderr).toContain('absolute path')
    [90m692|[39m     expect(anyCallIncludes(result, '--extract')).toBe(false)

[31m[2m⎯⎯⎯⎯⎯⎯⎯⎯⎯⎯⎯⎯⎯⎯⎯⎯⎯⎯⎯⎯⎯⎯⎯⎯[2/4]⎯[22m[39m

[41m[1m FAIL [22m[49m [30m[45m thread-safe [49m[39m scripts/prepare-ci-bubblewrap.spec.ts[2m > [22mprepare-ci-bubblewrap.sh end to end (real script, stubbed external effects)[2m > [22mrejects a symlink that escapes the extraction root in the meson metadata listing
[31m[1mAssertionError[22m: expected +0 to be 1 // Object.is equality[39m

[32m- Expected[39m
[31m+ Received[39m

[32m- 1[39m
[31m+ 0[39m

[36m [2m❯[22m scripts/prepare-ci-bubblewrap.spec.ts:[2m698:27[22m[39m
    [90m696|[39m   it('rejects a symlink that escapes the extraction root in the meson …
    [90m697|[39m     const result = runScenario({ unsafeMembers: 'symlink-escape', unsa…
    [90m698|[39m     expect(result.status).toBe(1)
    [90m   |[39m                           [31m^[39m
    [90m699|[39m     expect(result.stderr).toContain('link escapes the extraction root')
    [90m700|[39m     expect(countCalls(result, 'tar')).toBe(4)

[31m[2m⎯⎯⎯⎯⎯⎯⎯⎯⎯⎯⎯⎯⎯⎯⎯⎯⎯⎯⎯⎯⎯⎯⎯⎯[3/4]⎯[22m[39m

[41m[1m FAIL [22m[49m [30m[45m thread-safe [49m[39m scripts/prepare-ci-bubblewrap.spec.ts[2m > [22mprepare-ci-bubblewrap.sh end to end (real script, stubbed external effects)[2m > [22mrejects a device member in the deb metadata listing before extraction
[31m[1mAssertionError[22m: expected +0 to be 1 // Object.is equality[39m

[32m- Expected[39m
[31m+ Received[39m

[32m- 1[39m
[31m+ 0[39m

[36m [2m❯[22m scripts/prepare-ci-bubblewrap.spec.ts:[2m707:27[22m[39m
    [90m705|[39m   it('rejects a device member in the deb metadata listing before extra…
    [90m706|[39m     const result = runScenario({ unsafeMembers: 'device-member', unsaf…
    [90m707|[39m     expect(result.status).toBe(1)
    [90m   |[39m                           [31m^[39m
    [90m708|[39m     expect(result.stderr).toContain('device member')
    [90m709|[39m     expect(anyCallIncludes(result, '--extract')).toBe(false)

[31m[2m⎯⎯⎯⎯⎯⎯⎯⎯⎯⎯⎯⎯⎯⎯⎯⎯⎯⎯⎯⎯⎯⎯⎯⎯[4/4]⎯[22m[39m


[2m Test Files [22m [1m[31m1 failed[39m[22m[90m (1)[39m
[2m      Tests [22m [1m[31m4 failed[39m[22m[2m | [22m[1m[32m32 passed[39m[22m[90m (36)[39m
[2m   Start at [22m 16:43:33
[2m   Duration [22m 95.40s[2m (tests 100%)[22m

VITEST_EXIT=1
