[33mThe plugin "vite-tsconfig-paths" is detected. Vite now supports tsconfig paths resolution natively via the [1mresolve.tsconfigPaths[22m option. You can remove the plugin and set [1mresolve.tsconfigPaths: true[22m in your Vite config instead.[39m
[33mBoth esbuild and oxc options were set. oxc options will be used and esbuild options will be ignored.[39m The following esbuild options were set: `{ jsx: 'automatic' }`
[33mThe plugin "vite-tsconfig-paths" is detected. Vite now supports tsconfig paths resolution natively via the [1mresolve.tsconfigPaths[22m option. You can remove the plugin and set [1mresolve.tsconfigPaths: true[22m in your Vite config instead.[39m
[33mBoth esbuild and oxc options were set. oxc options will be used and esbuild options will be ignored.[39m The following esbuild options were set: `{ jsx: 'automatic' }`
[1m[30m[43m Vitest [49m[39m[22m [33mThe "thread-safe" project applies the same plugin multiple times: "vite-tsconfig-paths", "dsh-standard-decorators". Since Vitest 5, an inline project extends the config file that declares it by default, so the plugins from "vitest.config.ts" already apply to this project and don't need to be listed again.
Remove the duplicated plugins from the project, or set `extends: false` to not inherit the declaring config. Setting the `extends` option explicitly hides this warning.[39m
[33mThe plugin "vite-tsconfig-paths" is detected. Vite now supports tsconfig paths resolution natively via the [1mresolve.tsconfigPaths[22m option. You can remove the plugin and set [1mresolve.tsconfigPaths: true[22m in your Vite config instead.[39m
[33mBoth esbuild and oxc options were set. oxc options will be used and esbuild options will be ignored.[39m The following esbuild options were set: `{ jsx: 'automatic' }`
[1m[30m[43m Vitest [49m[39m[22m [33mThe "process-bound" project applies the same plugin multiple times: "vite-tsconfig-paths", "dsh-standard-decorators". Since Vitest 5, an inline project extends the config file that declares it by default, so the plugins from "vitest.config.ts" already apply to this project and don't need to be listed again.
Remove the duplicated plugins from the project, or set `extends: false` to not inherit the declaring config. Setting the `extends` option explicitly hides this warning.[39m

[1m[30m[46m RUN [49m[39m[22m [36mv5.0.0 [39m[90mC:/Albert/project/dsh861[39m

 [32m✓[39m [30m[42m process-bound [49m[39m packages/typert/generator/tests/type-model.spec.ts [2m([22m[2m57 tests[22m[2m | [22m[33m56 skipped[39m[2m)[22m[33m 4389[2mms[22m[39m
   [32m✓[39m WorkspaceAnalyzer [2m(51)[22m
     [33m[2m✓[22m[39m builds independent face models with an explicit cross-face type graph[33m 4388[2mms[22m[39m
 [32m✓[39m [30m[45m thread-safe [49m[39m packages/typert/generator/tests/type-model.spec.ts [2m([22m[2m57 tests[22m[2m | [22m[33m56 skipped[39m[2m)[22m[33m 4404[2mms[22m[39m
   [32m✓[39m WorkspaceAnalyzer [2m(51)[22m
     [33m[2m✓[22m[39m builds independent face models with an explicit cross-face type graph[33m 4402[2mms[22m[39m

[2m Test Files [22m [1m[32m2 passed[39m[22m[90m (2)[39m
[2m      Tests [22m [1m[32m2 passed[39m[22m[2m | [22m[33m112 skipped[39m[90m (114)[39m
[2m   Start at [22m 12:01:49
[2m   Duration [22m 5.49s[2m (tests 84%, transform 9%, import 5%, setup 1%)[22m
