[33mThe plugin "vite-tsconfig-paths" is detected. Vite now supports tsconfig paths resolution natively via the [1mresolve.tsconfigPaths[22m option. You can remove the plugin and set [1mresolve.tsconfigPaths: true[22m in your Vite config instead.[39m
[33mBoth esbuild and oxc options were set. oxc options will be used and esbuild options will be ignored.[39m The following esbuild options were set: `{ jsx: 'automatic' }`
[33mThe plugin "vite-tsconfig-paths" is detected. Vite now supports tsconfig paths resolution natively via the [1mresolve.tsconfigPaths[22m option. You can remove the plugin and set [1mresolve.tsconfigPaths: true[22m in your Vite config instead.[39m
[33mBoth esbuild and oxc options were set. oxc options will be used and esbuild options will be ignored.[39m The following esbuild options were set: `{ jsx: 'automatic' }`
[1m[30m[43m Vitest [49m[39m[22m [33mThe "thread-safe" project applies the same plugin multiple times: "vite-tsconfig-paths", "dsh-standard-decorators". Since Vitest 5, an inline project extends the config file that declares it by default, so the plugins from "vitest.config.ts" already apply to this project and don't need to be listed again.
Remove the duplicated plugins from the project, or set `extends: false` to not inherit the declaring config. Setting the `extends` option explicitly hides this warning.[39m
[33mThe plugin "vite-tsconfig-paths" is detected. Vite now supports tsconfig paths resolution natively via the [1mresolve.tsconfigPaths[22m option. You can remove the plugin and set [1mresolve.tsconfigPaths: true[22m in your Vite config instead.[39m
[33mBoth esbuild and oxc options were set. oxc options will be used and esbuild options will be ignored.[39m The following esbuild options were set: `{ jsx: 'automatic' }`
[1m[30m[43m Vitest [49m[39m[22m [33mThe "process-bound" project applies the same plugin multiple times: "vite-tsconfig-paths", "dsh-standard-decorators". Since Vitest 5, an inline project extends the config file that declares it by default, so the plugins from "vitest.config.ts" already apply to this project and don't need to be listed again.
Remove the duplicated plugins from the project, or set `extends: false` to not inherit the declaring config. Setting the `extends` option explicitly hides this warning.[39m

[1m[30m[46m RUN [49m[39m[22m [36mv5.0.0 [39m[90mC:/Albert/project/dsh861[39m

 [32m✓[39m [30m[42m process-bound [49m[39m packages/api/gateway/tests/gateway.client.spec.ts[2m > [22mClient Remote transport readiness[2m > [22mcreates logical stream supervisors against the installed Connection[32m 15[2mms[22m[39m
 [32m✓[39m [30m[42m process-bound [49m[39m packages/api/gateway/tests/gateway.client.spec.ts[2m > [22mClient Remote transport readiness[2m > [22mreports Host facts as plain reads and keeps them through Connection withdrawal[32m 4[2mms[22m[39m
 [32m✓[39m [30m[42m process-bound [49m[39m packages/api/gateway/tests/gateway.client.spec.ts[2m > [22mClient Remote transport readiness[2m > [22mforwards each connection retry to the browser WebSocket owner[32m 81[2mms[22m[39m
 [32m✓[39m [30m[45m thread-safe [49m[39m packages/api/gateway/tests/gateway.client.spec.ts[2m > [22mClient Remote transport readiness[2m > [22mcreates logical stream supervisors against the installed Connection[32m 15[2mms[22m[39m
 [32m✓[39m [30m[45m thread-safe [49m[39m packages/api/gateway/tests/gateway.client.spec.ts[2m > [22mClient Remote transport readiness[2m > [22mreports Host facts as plain reads and keeps them through Connection withdrawal[32m 6[2mms[22m[39m
 [32m✓[39m [30m[45m thread-safe [49m[39m packages/api/gateway/tests/gateway.client.spec.ts[2m > [22mClient Remote transport readiness[2m > [22mforwards each connection retry to the browser WebSocket owner[32m 92[2mms[22m[39m
 [32m✓[39m [30m[42m process-bound [49m[39m packages/api/gateway/tests/gateway.client.spec.ts[2m > [22mClient Remote transport readiness[2m > [22mreplaces a stalled carrier and restores events (socket opened: false)[32m 14[2mms[22m[39m
 [32m✓[39m [30m[42m process-bound [49m[39m packages/api/gateway/tests/gateway.client.spec.ts[2m > [22mClient Remote transport readiness[2m > [22mreplaces a stalled carrier and restores events (socket opened: true)[32m 6[2mms[22m[39m
 [32m✓[39m [30m[42m process-bound [49m[39m packages/api/gateway/tests/gateway.client.spec.ts[2m > [22mClient Remote transport readiness[2m > [22mdoes not replace an in-process carrier when Connection retries[32m 3[2mms[22m[39m
 [32m✓[39m [30m[42m process-bound [49m[39m packages/api/gateway/tests/gateway.client.spec.ts[2m > [22mClient Remote transport readiness[2m > [22mstarts after Loader settlement and stops the owned loop on disposal[32m 53[2mms[22m[39m
 [32m✓[39m [30m[45m thread-safe [49m[39m packages/api/gateway/tests/gateway.client.spec.ts[2m > [22mClient Remote transport readiness[2m > [22mreplaces a stalled carrier and restores events (socket opened: false)[32m 13[2mms[22m[39m
 [32m✓[39m [30m[45m thread-safe [49m[39m packages/api/gateway/tests/gateway.client.spec.ts[2m > [22mClient Remote transport readiness[2m > [22mreplaces a stalled carrier and restores events (socket opened: true)[32m 7[2mms[22m[39m
 [32m✓[39m [30m[45m thread-safe [49m[39m packages/api/gateway/tests/gateway.client.spec.ts[2m > [22mClient Remote transport readiness[2m > [22mdoes not replace an in-process carrier when Connection retries[32m 5[2mms[22m[39m
 [32m✓[39m [30m[45m thread-safe [49m[39m packages/api/gateway/tests/gateway.client.spec.ts[2m > [22mClient Remote transport readiness[2m > [22mstarts after Loader settlement and stops the owned loop on disposal[32m 68[2mms[22m[39m
 [32m✓[39m [30m[42m process-bound [49m[39m packages/api/gateway/tests/gateway.client.spec.ts[2m > [22mClient Remote transport readiness[2m > [22mstarts a fresh WebSocket attempt when Loader settles after the eager attempt failed[32m 63[2mms[22m[39m
 [32m✓[39m [30m[42m process-bound [49m[39m packages/api/gateway/tests/gateway.client.spec.ts[2m > [22mClient Remote transport readiness[2m > [22mdoes not start when disposal wins the Loader-settlement race[32m 2[2mms[22m[39m
 [32m✓[39m [30m[42m process-bound [49m[39m packages/api/gateway/tests/gateway.client.spec.ts[2m > [22mClient Remote transport readiness[2m > [22mleaves the transport stopped when Loader settlement rejects[32m 2[2mms[22m[39m
 [32m✓[39m [30m[42m process-bound [49m[39m packages/api/gateway/tests/gateway.client.spec.ts[2m > [22mClient Typert API[2m > [22mmounts concrete direct methods, validates inputs, and withdraws retained handles[32m 14[2mms[22m[39m
 [32m✓[39m [30m[42m process-bound [49m[39m packages/api/gateway/tests/gateway.client.spec.ts[2m > [22mClient Typert API[2m > [22mencodes declared undefined as an omitted argument and distinguishes it from null results[32m 5[2mms[22m[39m
 [32m✓[39m [30m[42m process-bound [49m[39m packages/api/gateway/tests/gateway.client.spec.ts[2m > [22mClient Typert API[2m > [22mprojects one direct lookup descriptor onto an Agent-scoped alias[32m 5[2mms[22m[39m
 [32m✓[39m [30m[42m process-bound [49m[39m packages/api/gateway/tests/gateway.client.spec.ts[2m > [22mClient Typert API[2m > [22muses the caller Context identity for scoped namespace methods[32m 4[2mms[22m[39m
 [32m✓[39m [30m[42m process-bound [49m[39m packages/api/gateway/tests/gateway.client.spec.ts[2m > [22mClient Typert API[2m > [22maccepts weak result codecs and rejects namespace collisions before registration[32m 16[2mms[22m[39m
 [32m✓[39m [30m[42m process-bound [49m[39m packages/api/gateway/tests/gateway.client.spec.ts[2m > [22mClient Typert API[2m > [22mrejects duplicate, live, scoped-service, and Context namespace collisions[32m 15[2mms[22m[39m
 [32m✓[39m [30m[42m process-bound [49m[39m packages/api/gateway/tests/gateway.client.spec.ts[2m > [22mClient Typert API[2m > [22mrolls back earlier descriptors when a later descriptor fails to install[32m 7[2mms[22m[39m
 [32m✓[39m [30m[45m thread-safe [49m[39m packages/api/gateway/tests/gateway.client.spec.ts[2m > [22mClient Remote transport readiness[2m > [22mstarts a fresh WebSocket attempt when Loader settles after the eager attempt failed[32m 62[2mms[22m[39m
 [32m✓[39m [30m[45m thread-safe [49m[39m packages/api/gateway/tests/gateway.client.spec.ts[2m > [22mClient Remote transport readiness[2m > [22mdoes not start when disposal wins the Loader-settlement race[32m 3[2mms[22m[39m
 [32m✓[39m [30m[45m thread-safe [49m[39m packages/api/gateway/tests/gateway.client.spec.ts[2m > [22mClient Remote transport readiness[2m > [22mleaves the transport stopped when Loader settlement rejects[32m 2[2mms[22m[39m
 [32m✓[39m [30m[45m thread-safe [49m[39m packages/api/gateway/tests/gateway.client.spec.ts[2m > [22mClient Typert API[2m > [22mmounts concrete direct methods, validates inputs, and withdraws retained handles[32m 15[2mms[22m[39m
 [32m✓[39m [30m[45m thread-safe [49m[39m packages/api/gateway/tests/gateway.client.spec.ts[2m > [22mClient Typert API[2m > [22mencodes declared undefined as an omitted argument and distinguishes it from null results[32m 6[2mms[22m[39m
 [32m✓[39m [30m[45m thread-safe [49m[39m packages/api/gateway/tests/gateway.client.spec.ts[2m > [22mClient Typert API[2m > [22mprojects one direct lookup descriptor onto an Agent-scoped alias[32m 5[2mms[22m[39m
 [32m✓[39m [30m[45m thread-safe [49m[39m packages/api/gateway/tests/gateway.client.spec.ts[2m > [22mClient Typert API[2m > [22muses the caller Context identity for scoped namespace methods[32m 4[2mms[22m[39m
 [32m✓[39m [30m[45m thread-safe [49m[39m packages/api/gateway/tests/gateway.client.spec.ts[2m > [22mClient Typert API[2m > [22maccepts weak result codecs and rejects namespace collisions before registration[32m 16[2mms[22m[39m
 [32m✓[39m [30m[45m thread-safe [49m[39m packages/api/gateway/tests/gateway.client.spec.ts[2m > [22mClient Typert API[2m > [22mrejects duplicate, live, scoped-service, and Context namespace collisions[32m 14[2mms[22m[39m
 [32m✓[39m [30m[42m process-bound [49m[39m packages/api/gateway/tests/gateway.client.spec.ts[2m > [22mClient Typert API[2m > [22mrolls back earlier namespaces when a later namespace fails to install[32m 8[2mms[22m[39m
 [32m✓[39m [30m[42m process-bound [49m[39m packages/api/gateway/tests/gateway.client.spec.ts[2m > [22mClient Typert API[2m > [22mrolls back a direct projection when its scoped projection fails to install[32m 5[2mms[22m[39m
 [32m✓[39m [30m[42m process-bound [49m[39m packages/api/gateway/tests/gateway.client.spec.ts[2m > [22mClient Typert API[2m > [22munwinds an already-installed namespace when a later namespace fails to install[32m 8[2mms[22m[39m
 [32m✓[39m [30m[42m process-bound [49m[39m packages/api/gateway/tests/gateway.client.spec.ts[2m > [22mClient Typert API[2m > [22mrolls back an earlier scoped projection when a later descriptor fails to install[32m 4[2mms[22m[39m
 [32m✓[39m [30m[42m process-bound [49m[39m packages/api/gateway/tests/gateway.client.spec.ts[2m > [22mClient Typert API[2m > [22mkeeps a namespace another contribution still populates when a group leaves[32m 3[2mms[22m[39m
 [32m✓[39m [30m[42m process-bound [49m[39m packages/api/gateway/tests/gateway.client.spec.ts[2m > [22mClient Typert API[2m > [22munparks a namespace dependent only after its contribution methods exist[32m 4[2mms[22m[39m
 [32m✓[39m [30m[42m process-bound [49m[39m packages/api/gateway/tests/gateway.client.spec.ts[2m > [22mClient Typert API[2m > [22mrejects weak parameter and Context codecs plus malformed scope projections[32m 6[2mms[22m[39m
 [32m✓[39m [30m[42m process-bound [49m[39m packages/api/gateway/tests/gateway.client.spec.ts[2m > [22mClient Typert API[2m > [22mvalidates invocation arity, required adapters, live Connection, and mutable descriptor codecs[32m 4[2mms[22m[39m
 [32m✓[39m [30m[42m process-bound [49m[39m packages/api/gateway/tests/gateway.client.spec.ts[2m > [22mClient Typert API[2m > [22mwithdraws a pending invocation and preserves a direct namespace until its last method leaves[32m 4[2mms[22m[39m
 [32m✓[39m [30m[42m process-bound [49m[39m packages/api/gateway/tests/gateway.client.spec.ts[2m > [22mClient Typert API[2m > [22mkeeps a namespace while another contribution still owns a method[32m 3[2mms[22m[39m
 [32m✓[39m [30m[42m process-bound [49m[39m packages/api/gateway/tests/gateway.client.spec.ts[2m > [22mClient Typert API[2m > [22mfails a method obtained from a withdrawn namespace getter[32m 4[2mms[22m[39m
 [32m✓[39m [30m[42m process-bound [49m[39m packages/api/gateway/tests/gateway.client.spec.ts[2m > [22mClient Typert API[2m > [22mpreserves a __proto__ wire parameter as an own named argument[32m 3[2mms[22m[39m
 [32m✓[39m [30m[42m process-bound [49m[39m packages/api/gateway/tests/gateway.client.spec.ts[2m > [22mClient Typert API[2m > [22mrolls back Remote registration when namespace Service startup fails[32m 5[2mms[22m[39m
 [32m✓[39m [30m[42m process-bound [49m[39m packages/api/gateway/tests/gateway.client.spec.ts[2m > [22mClient Typert API[2m > [22mwithdraws a fresh direct namespace when its first method fails to install[32m 6[2mms[22m[39m
 [32m✓[39m [30m[42m process-bound [49m[39m packages/api/gateway/tests/gateway.client.spec.ts[2m > [22mClient Typert API[2m > [22mwithdraws a fresh scoped Service when its first method fails to install[32m 7[2mms[22m[39m
 [32m✓[39m [30m[42m process-bound [49m[39m packages/api/gateway/tests/gateway.client.spec.ts[2m > [22mClient Typert API[2m > [22munregisters an empty scoped namespace so another provider can claim its name[32m 4[2mms[22m[39m
 [32m✓[39m [30m[42m process-bound [49m[39m packages/api/gateway/tests/gateway.client.spec.ts[2m > [22mClient Typert API[2m > [22mdelivers an RPC failure in the error branch with the Host error verbatim[32m 7[2mms[22m[39m
 [32m✓[39m [30m[42m process-bound [49m[39m packages/api/gateway/tests/gateway.client.spec.ts[2m > [22mClient Typert API[2m > [22mfolds a transport throw into the error branch[32m 3[2mms[22m[39m
 [32m✓[39m [30m[42m process-bound [49m[39m packages/api/gateway/tests/gateway.client.spec.ts[2m > [22mClient Typert API[2m > [22mfolds a carrier throw that is not an Error into the error branch[32m 3[2mms[22m[39m
 [32m✓[39m [30m[42m process-bound [49m[39m packages/api/gateway/tests/gateway.client.spec.ts[2m > [22mClient Typert API[2m > [22mclassifies a carrier throw under a caller-aborted signal as gateway/cancelled[32m 3[2mms[22m[39m
 [32m✓[39m [30m[42m process-bound [49m[39m packages/api/gateway/tests/gateway.client.spec.ts[2m > [22mClient Typert API[2m > [22mkeeps a carrier throw under an unaborted caller signal in the internal branch[32m 5[2mms[22m[39m
 [32m✓[39m [30m[45m thread-safe [49m[39m packages/api/gateway/tests/gateway.client.spec.ts[2m > [22mClient Typert API[2m > [22mrolls back earlier descriptors when a later descriptor fails to install[32m 7[2mms[22m[39m
 [32m✓[39m [30m[45m thread-safe [49m[39m packages/api/gateway/tests/gateway.client.spec.ts[2m > [22mClient Typert API[2m > [22mrolls back earlier namespaces when a later namespace fails to install[32m 7[2mms[22m[39m
 [32m✓[39m [30m[45m thread-safe [49m[39m packages/api/gateway/tests/gateway.client.spec.ts[2m > [22mClient Typert API[2m > [22mrolls back a direct projection when its scoped projection fails to install[32m 4[2mms[22m[39m
 [32m✓[39m [30m[45m thread-safe [49m[39m packages/api/gateway/tests/gateway.client.spec.ts[2m > [22mClient Typert API[2m > [22munwinds an already-installed namespace when a later namespace fails to install[32m 5[2mms[22m[39m
 [32m✓[39m [30m[45m thread-safe [49m[39m packages/api/gateway/tests/gateway.client.spec.ts[2m > [22mClient Typert API[2m > [22mrolls back an earlier scoped projection when a later descriptor fails to install[32m 4[2mms[22m[39m
 [32m✓[39m [30m[45m thread-safe [49m[39m packages/api/gateway/tests/gateway.client.spec.ts[2m > [22mClient Typert API[2m > [22mkeeps a namespace another contribution still populates when a group leaves[32m 4[2mms[22m[39m
 [32m✓[39m [30m[45m thread-safe [49m[39m packages/api/gateway/tests/gateway.client.spec.ts[2m > [22mClient Typert API[2m > [22munparks a namespace dependent only after its contribution methods exist[32m 3[2mms[22m[39m
 [32m✓[39m [30m[45m thread-safe [49m[39m packages/api/gateway/tests/gateway.client.spec.ts[2m > [22mClient Typert API[2m > [22mrejects weak parameter and Context codecs plus malformed scope projections[32m 4[2mms[22m[39m
 [32m✓[39m [30m[45m thread-safe [49m[39m packages/api/gateway/tests/gateway.client.spec.ts[2m > [22mClient Typert API[2m > [22mvalidates invocation arity, required adapters, live Connection, and mutable descriptor codecs[32m 5[2mms[22m[39m
 [32m✓[39m [30m[45m thread-safe [49m[39m packages/api/gateway/tests/gateway.client.spec.ts[2m > [22mClient Typert API[2m > [22mwithdraws a pending invocation and preserves a direct namespace until its last method leaves[32m 5[2mms[22m[39m
 [32m✓[39m [30m[45m thread-safe [49m[39m packages/api/gateway/tests/gateway.client.spec.ts[2m > [22mClient Typert API[2m > [22mkeeps a namespace while another contribution still owns a method[32m 4[2mms[22m[39m
 [32m✓[39m [30m[45m thread-safe [49m[39m packages/api/gateway/tests/gateway.client.spec.ts[2m > [22mClient Typert API[2m > [22mfails a method obtained from a withdrawn namespace getter[32m 4[2mms[22m[39m
 [32m✓[39m [30m[45m thread-safe [49m[39m packages/api/gateway/tests/gateway.client.spec.ts[2m > [22mClient Typert API[2m > [22mpreserves a __proto__ wire parameter as an own named argument[32m 3[2mms[22m[39m
 [32m✓[39m [30m[45m thread-safe [49m[39m packages/api/gateway/tests/gateway.client.spec.ts[2m > [22mClient Typert API[2m > [22mrolls back Remote registration when namespace Service startup fails[32m 9[2mms[22m[39m
 [32m✓[39m [30m[45m thread-safe [49m[39m packages/api/gateway/tests/gateway.client.spec.ts[2m > [22mClient Typert API[2m > [22mwithdraws a fresh direct namespace when its first method fails to install[32m 6[2mms[22m[39m
 [32m✓[39m [30m[45m thread-safe [49m[39m packages/api/gateway/tests/gateway.client.spec.ts[2m > [22mClient Typert API[2m > [22mwithdraws a fresh scoped Service when its first method fails to install[32m 6[2mms[22m[39m
 [32m✓[39m [30m[45m thread-safe [49m[39m packages/api/gateway/tests/gateway.client.spec.ts[2m > [22mClient Typert API[2m > [22munregisters an empty scoped namespace so another provider can claim its name[32m 3[2mms[22m[39m
 [32m✓[39m [30m[45m thread-safe [49m[39m packages/api/gateway/tests/gateway.client.spec.ts[2m > [22mClient Typert API[2m > [22mdelivers an RPC failure in the error branch with the Host error verbatim[32m 3[2mms[22m[39m
 [32m✓[39m [30m[45m thread-safe [49m[39m packages/api/gateway/tests/gateway.client.spec.ts[2m > [22mClient Typert API[2m > [22mfolds a transport throw into the error branch[32m 3[2mms[22m[39m
 [32m✓[39m [30m[45m thread-safe [49m[39m packages/api/gateway/tests/gateway.client.spec.ts[2m > [22mClient Typert API[2m > [22mfolds a carrier throw that is not an Error into the error branch[32m 3[2mms[22m[39m
 [32m✓[39m [30m[45m thread-safe [49m[39m packages/api/gateway/tests/gateway.client.spec.ts[2m > [22mClient Typert API[2m > [22mclassifies a carrier throw under a caller-aborted signal as gateway/cancelled[32m 3[2mms[22m[39m
 [32m✓[39m [30m[45m thread-safe [49m[39m packages/api/gateway/tests/gateway.client.spec.ts[2m > [22mClient Typert API[2m > [22mkeeps a carrier throw under an unaborted caller signal in the internal branch[32m 3[2mms[22m[39m
 [32m✓[39m [30m[42m process-bound [49m[39m packages/api/gateway/tests/gateway.client.spec.ts[2m > [22mClient Typert API[2m > [22mowns each $on subscription in the calling fiber[32m 59[2mms[22m[39m
 [32m✓[39m [30m[45m thread-safe [49m[39m packages/api/gateway/tests/gateway.client.spec.ts[2m > [22mClient Typert API[2m > [22mowns each $on subscription in the calling fiber[32m 67[2mms[22m[39m
 [32m✓[39m [30m[42m process-bound [49m[39m packages/api/gateway/tests/gateway.client.spec.ts[2m > [22mClient Typert API[2m > [22misolates throwing and rejected notification listeners[32m 186[2mms[22m[39m
 [32m✓[39m [30m[45m thread-safe [49m[39m packages/api/gateway/tests/gateway.client.spec.ts[2m > [22mClient Typert API[2m > [22misolates throwing and rejected notification listeners[32m 184[2mms[22m[39m
 [32m✓[39m [30m[42m process-bound [49m[39m packages/api/gateway/tests/gateway.client.spec.ts[2m > [22mClient Typert API[2m > [22mretires only its own registration when one listener subscribes twice[32m 185[2mms[22m[39m
 [32m✓[39m [30m[42m process-bound [49m[39m packages/api/gateway/tests/gateway.client.spec.ts[2m > [22mClient Typert API[2m > [22mkeeps the carrier handoff private[32m 0[2mms[22m[39m
 [32m✓[39m [30m[42m process-bound [49m[39m packages/api/gateway/tests/gateway.client.spec.ts[2m > [22mClient Typert API[2m > [22mdrops an unobserved notification and accepts a null-prototype frame[32m 62[2mms[22m[39m
 [32m✓[39m [30m[45m thread-safe [49m[39m packages/api/gateway/tests/gateway.client.spec.ts[2m > [22mClient Typert API[2m > [22mretires only its own registration when one listener subscribes twice[32m 187[2mms[22m[39m
 [32m✓[39m [30m[45m thread-safe [49m[39m packages/api/gateway/tests/gateway.client.spec.ts[2m > [22mClient Typert API[2m > [22mkeeps the carrier handoff private[32m 1[2mms[22m[39m
 [32m✓[39m [30m[45m thread-safe [49m[39m packages/api/gateway/tests/gateway.client.spec.ts[2m > [22mClient Typert API[2m > [22mdrops an unobserved notification and accepts a null-prototype frame[32m 62[2mms[22m[39m
 [32m✓[39m [30m[42m process-bound [49m[39m packages/api/gateway/tests/gateway.client.spec.ts[2m > [22mClient Typert API[2m > [22mdelegates immediately when the Agent adapter or Context is unavailable[32m 124[2mms[22m[39m
 [32m✓[39m [30m[42m process-bound [49m[39m packages/api/gateway/tests/gateway.client.spec.ts[2m > [22mClient Typert API[2m > [22mreports Agent Context resolution failures and delegates[32m 62[2mms[22m[39m
 [32m✓[39m [30m[45m thread-safe [49m[39m packages/api/gateway/tests/gateway.client.spec.ts[2m > [22mClient Typert API[2m > [22mdelegates immediately when the Agent adapter or Context is unavailable[32m 124[2mms[22m[39m
 [32m✓[39m [30m[45m thread-safe [49m[39m packages/api/gateway/tests/gateway.client.spec.ts[2m > [22mClient Typert API[2m > [22mreports Agent Context resolution failures and delegates[32m 62[2mms[22m[39m
 [32m✓[39m [30m[42m process-bound [49m[39m packages/api/gateway/tests/gateway.client.spec.ts[2m > [22mClient Typert API[2m > [22mnormalizes undefined waterfall results and rejects non-JSON results[32m 62[2mms[22m[39m
 [32m✓[39m [30m[42m process-bound [49m[39m packages/api/gateway/tests/gateway.client.spec.ts[2m > [22mClient Typert API[2m > [22mfails the Connection generation when a result RPC is rejected[32m 3[2mms[22m[39m
 [32m✓[39m [30m[42m process-bound [49m[39m packages/api/gateway/tests/gateway.client.spec.ts[2m > [22mClient Typert API[2m > [22mfilters scoped waterfall listeners and returns the first claimed result[32m 60[2mms[22m[39m
 [32m✓[39m [30m[45m thread-safe [49m[39m packages/api/gateway/tests/gateway.client.spec.ts[2m > [22mClient Typert API[2m > [22mnormalizes undefined waterfall results and rejects non-JSON results[32m 62[2mms[22m[39m
 [32m✓[39m [30m[45m thread-safe [49m[39m packages/api/gateway/tests/gateway.client.spec.ts[2m > [22mClient Typert API[2m > [22mfails the Connection generation when a result RPC is rejected[32m 3[2mms[22m[39m
 [32m✓[39m [30m[45m thread-safe [49m[39m packages/api/gateway/tests/gateway.client.spec.ts[2m > [22mClient Typert API[2m > [22mfilters scoped waterfall listeners and returns the first claimed result[32m 59[2mms[22m[39m
 [32m✓[39m [30m[42m process-bound [49m[39m packages/api/gateway/tests/gateway.client.spec.ts[2m > [22mClient Typert API[2m > [22mreturns a scoped listener rejection to the Host[32m 64[2mms[22m[39m
 [32m✓[39m [30m[42m process-bound [49m[39m packages/api/gateway/tests/gateway.client.spec.ts[2m > [22mClient Typert API[2m > [22mreturns Context-filter failures as rejections[32m 63[2mms[22m[39m
 [32m✓[39m [30m[45m thread-safe [49m[39m packages/api/gateway/tests/gateway.client.spec.ts[2m > [22mClient Typert API[2m > [22mreturns a scoped listener rejection to the Host[32m 63[2mms[22m[39m
 [32m✓[39m [30m[45m thread-safe [49m[39m packages/api/gateway/tests/gateway.client.spec.ts[2m > [22mClient Typert API[2m > [22mreturns Context-filter failures as rejections[32m 62[2mms[22m[39m
 [32m✓[39m [30m[42m process-bound [49m[39m packages/api/gateway/tests/gateway.client.spec.ts[2m > [22mClient Typert API[2m > [22mcancels a pending Client listener without returning a late result[32m 62[2mms[22m[39m
 [32m✓[39m [30m[42m process-bound [49m[39m packages/api/gateway/tests/gateway.client.spec.ts[2m > [22mClient Typert API[2m > [22mdrops a settled listener result when cancellation wins before reply[32m 62[2mms[22m[39m
 [32m✓[39m [30m[42m process-bound [49m[39m packages/api/gateway/tests/gateway.client.spec.ts[2m > [22mClient Typert API[2m > [22mcancels pending listener work when the generation ends[32m 4[2mms[22m[39m
 [32m✓[39m [30m[45m thread-safe [49m[39m packages/api/gateway/tests/gateway.client.spec.ts[2m > [22mClient Typert API[2m > [22mcancels a pending Client listener without returning a late result[32m 63[2mms[22m[39m
 [32m✓[39m [30m[45m thread-safe [49m[39m packages/api/gateway/tests/gateway.client.spec.ts[2m > [22mClient Typert API[2m > [22mdrops a settled listener result when cancellation wins before reply[32m 60[2mms[22m[39m
 [32m✓[39m [30m[45m thread-safe [49m[39m packages/api/gateway/tests/gateway.client.spec.ts[2m > [22mClient Typert API[2m > [22mcancels pending listener work when the generation ends[32m 4[2mms[22m[39m
 [32m✓[39m [30m[42m process-bound [49m[39m packages/api/gateway/tests/gateway.client.spec.ts[2m > [22mClient Typert API[2m > [22mcontains a result transport failure after the generation is cancelled[32m 57[2mms[22m[39m
 [32m✓[39m [30m[42m process-bound [49m[39m packages/api/gateway/tests/gateway.client.spec.ts[2m > [22mClient Typert API[2m > [22mnormalizes a non-Error result transport failure[32m 3[2mms[22m[39m
 [32m✓[39m [30m[42m process-bound [49m[39m packages/api/gateway/tests/gateway.client.spec.ts[2m > [22mClient Typert API[2m > [22mkeeps the newer generation tracked when an overlapping generation settles[32m 3[2mms[22m[39m
 [32m✓[39m [30m[45m thread-safe [49m[39m packages/api/gateway/tests/gateway.client.spec.ts[2m > [22mClient Typert API[2m > [22mcontains a result transport failure after the generation is cancelled[32m 59[2mms[22m[39m
 [32m✓[39m [30m[45m thread-safe [49m[39m packages/api/gateway/tests/gateway.client.spec.ts[2m > [22mClient Typert API[2m > [22mnormalizes a non-Error result transport failure[32m 2[2mms[22m[39m
 [32m✓[39m [30m[45m thread-safe [49m[39m packages/api/gateway/tests/gateway.client.spec.ts[2m > [22mClient Typert API[2m > [22mkeeps the newer generation tracked when an overlapping generation settles[32m 2[2mms[22m[39m
 [32m✓[39m [30m[42m process-bound [49m[39m packages/api/gateway/tests/gateway.client.spec.ts[2m > [22mClient Typert API[2m > [22mopens the forwarded-event stream on the browser Remote mux[32m 182[2mms[22m[39m
 [32m✓[39m [30m[42m process-bound [49m[39m packages/api/gateway/tests/gateway.client.spec.ts[2m > [22mClient Typert API[2m > [22mpublishes the Fixture Host facts after Remote events report ready[32m 80[2mms[22m[39m
 [32m✓[39m [30m[45m thread-safe [49m[39m packages/api/gateway/tests/gateway.client.spec.ts[2m > [22mClient Typert API[2m > [22mopens the forwarded-event stream on the browser Remote mux[32m 183[2mms[22m[39m
 [32m✓[39m [30m[45m thread-safe [49m[39m packages/api/gateway/tests/gateway.client.spec.ts[2m > [22mClient Typert API[2m > [22mpublishes the Fixture Host facts after Remote events report ready[32m 80[2mms[22m[39m
 [32m✓[39m [30m[42m process-bound [49m[39m packages/api/gateway/tests/gateway.client.spec.ts[2m > [22mClient Typert API[2m > [22mrejects malformed forwarded-event readiness item 0[32m 2[2mms[22m[39m
 [32m✓[39m [30m[42m process-bound [49m[39m packages/api/gateway/tests/gateway.client.spec.ts[2m > [22mClient Typert API[2m > [22mrejects malformed forwarded-event readiness item 1[32m 2[2mms[22m[39m
 [32m✓[39m [30m[42m process-bound [49m[39m packages/api/gateway/tests/gateway.client.spec.ts[2m > [22mClient Typert API[2m > [22mrejects malformed forwarded-event readiness item 2[32m 3[2mms[22m[39m
 [32m✓[39m [30m[42m process-bound [49m[39m packages/api/gateway/tests/gateway.client.spec.ts[2m > [22mClient Typert API[2m > [22mrejects malformed forwarded-event readiness item 3[32m 2[2mms[22m[39m
 [32m✓[39m [30m[42m process-bound [49m[39m packages/api/gateway/tests/gateway.client.spec.ts[2m > [22mClient Typert API[2m > [22mrejects malformed forwarded-event readiness item 4[32m 2[2mms[22m[39m
 [32m✓[39m [30m[42m process-bound [49m[39m packages/api/gateway/tests/gateway.client.spec.ts[2m > [22mClient Typert API[2m > [22mrejects malformed forwarded-event readiness item 5[32m 2[2mms[22m[39m
 [32m✓[39m [30m[42m process-bound [49m[39m packages/api/gateway/tests/gateway.client.spec.ts[2m > [22mClient Typert API[2m > [22mrejects malformed forwarded-event readiness item 6[32m 4[2mms[22m[39m
 [32m✓[39m [30m[42m process-bound [49m[39m packages/api/gateway/tests/gateway.client.spec.ts[2m > [22mClient Typert API[2m > [22mrejects malformed forwarded-event readiness item 7[32m 2[2mms[22m[39m
 [32m✓[39m [30m[42m process-bound [49m[39m packages/api/gateway/tests/gateway.client.spec.ts[2m > [22mClient Typert API[2m > [22mrejects malformed forwarded-event readiness item 8[32m 4[2mms[22m[39m
 [32m✓[39m [30m[42m process-bound [49m[39m packages/api/gateway/tests/gateway.client.spec.ts[2m > [22mClient Typert API[2m > [22mrejects malformed forwarded-event readiness item 9[32m 2[2mms[22m[39m
 [32m✓[39m [30m[42m process-bound [49m[39m packages/api/gateway/tests/gateway.client.spec.ts[2m > [22mClient Typert API[2m > [22mrejects malformed forwarded-event readiness item 10[32m 2[2mms[22m[39m
 [32m✓[39m [30m[42m process-bound [49m[39m packages/api/gateway/tests/gateway.client.spec.ts[2m > [22mClient Typert API[2m > [22mrejects malformed forwarded-event readiness item 11[32m 3[2mms[22m[39m
 [32m✓[39m [30m[42m process-bound [49m[39m packages/api/gateway/tests/gateway.client.spec.ts[2m > [22mClient Typert API[2m > [22mpropagates physical carrier failure and opens events for the replacement generation[32m 61[2mms[22m[39m
 [32m✓[39m [30m[42m process-bound [49m[39m packages/api/gateway/tests/gateway.client.spec.ts[2m > [22mClient Typert API[2m > [22mfails the active generation after Host failure[32m 3[2mms[22m[39m
 [32m✓[39m [30m[42m process-bound [49m[39m packages/api/gateway/tests/gateway.client.spec.ts[2m > [22mClient Typert API[2m > [22mfails the active generation after normal end[32m 3[2mms[22m[39m
 [32m✓[39m [30m[42m process-bound [49m[39m packages/api/gateway/tests/gateway.client.spec.ts[2m > [22mClient Typert API[2m > [22mrejects malformed forwarded-event frame 0 and stops that stream[32m 3[2mms[22m[39m
 [32m✓[39m [30m[45m thread-safe [49m[39m packages/api/gateway/tests/gateway.client.spec.ts[2m > [22mClient Typert API[2m > [22mrejects malformed forwarded-event readiness item 0[32m 2[2mms[22m[39m
 [32m✓[39m [30m[45m thread-safe [49m[39m packages/api/gateway/tests/gateway.client.spec.ts[2m > [22mClient Typert API[2m > [22mrejects malformed forwarded-event readiness item 1[32m 2[2mms[22m[39m
 [32m✓[39m [30m[45m thread-safe [49m[39m packages/api/gateway/tests/gateway.client.spec.ts[2m > [22mClient Typert API[2m > [22mrejects malformed forwarded-event readiness item 2[32m 2[2mms[22m[39m
 [32m✓[39m [30m[45m thread-safe [49m[39m packages/api/gateway/tests/gateway.client.spec.ts[2m > [22mClient Typert API[2m > [22mrejects malformed forwarded-event readiness item 3[32m 2[2mms[22m[39m
 [32m✓[39m [30m[45m thread-safe [49m[39m packages/api/gateway/tests/gateway.client.spec.ts[2m > [22mClient Typert API[2m > [22mrejects malformed forwarded-event readiness item 4[32m 2[2mms[22m[39m
 [32m✓[39m [30m[45m thread-safe [49m[39m packages/api/gateway/tests/gateway.client.spec.ts[2m > [22mClient Typert API[2m > [22mrejects malformed forwarded-event readiness item 5[32m 2[2mms[22m[39m
 [32m✓[39m [30m[45m thread-safe [49m[39m packages/api/gateway/tests/gateway.client.spec.ts[2m > [22mClient Typert API[2m > [22mrejects malformed forwarded-event readiness item 6[32m 5[2mms[22m[39m
 [32m✓[39m [30m[45m thread-safe [49m[39m packages/api/gateway/tests/gateway.client.spec.ts[2m > [22mClient Typert API[2m > [22mrejects malformed forwarded-event readiness item 7[32m 2[2mms[22m[39m
 [32m✓[39m [30m[45m thread-safe [49m[39m packages/api/gateway/tests/gateway.client.spec.ts[2m > [22mClient Typert API[2m > [22mrejects malformed forwarded-event readiness item 8[32m 2[2mms[22m[39m
 [32m✓[39m [30m[45m thread-safe [49m[39m packages/api/gateway/tests/gateway.client.spec.ts[2m > [22mClient Typert API[2m > [22mrejects malformed forwarded-event readiness item 9[32m 3[2mms[22m[39m
 [32m✓[39m [30m[45m thread-safe [49m[39m packages/api/gateway/tests/gateway.client.spec.ts[2m > [22mClient Typert API[2m > [22mrejects malformed forwarded-event readiness item 10[32m 2[2mms[22m[39m
 [32m✓[39m [30m[45m thread-safe [49m[39m packages/api/gateway/tests/gateway.client.spec.ts[2m > [22mClient Typert API[2m > [22mrejects malformed forwarded-event readiness item 11[32m 2[2mms[22m[39m
 [32m✓[39m [30m[45m thread-safe [49m[39m packages/api/gateway/tests/gateway.client.spec.ts[2m > [22mClient Typert API[2m > [22mpropagates physical carrier failure and opens events for the replacement generation[32m 62[2mms[22m[39m
 [32m✓[39m [30m[45m thread-safe [49m[39m packages/api/gateway/tests/gateway.client.spec.ts[2m > [22mClient Typert API[2m > [22mfails the active generation after Host failure[32m 3[2mms[22m[39m
 [32m✓[39m [30m[45m thread-safe [49m[39m packages/api/gateway/tests/gateway.client.spec.ts[2m > [22mClient Typert API[2m > [22mfails the active generation after normal end[32m 3[2mms[22m[39m
 [32m✓[39m [30m[45m thread-safe [49m[39m packages/api/gateway/tests/gateway.client.spec.ts[2m > [22mClient Typert API[2m > [22mrejects malformed forwarded-event frame 0 and stops that stream[32m 4[2mms[22m[39m
 [32m✓[39m [30m[42m process-bound [49m[39m packages/api/gateway/tests/gateway.client.spec.ts[2m > [22mClient Typert API[2m > [22mrejects malformed forwarded-event frame 1 and stops that stream[32m 2[2mms[22m[39m
 [32m✓[39m [30m[42m process-bound [49m[39m packages/api/gateway/tests/gateway.client.spec.ts[2m > [22mClient Typert API[2m > [22mrejects malformed forwarded-event frame 2 and stops that stream[32m 3[2mms[22m[39m
 [32m✓[39m [30m[42m process-bound [49m[39m packages/api/gateway/tests/gateway.client.spec.ts[2m > [22mClient Typert API[2m > [22mrejects malformed forwarded-event frame 3 and stops that stream[32m 4[2mms[22m[39m
 [32m✓[39m [30m[42m process-bound [49m[39m packages/api/gateway/tests/gateway.client.spec.ts[2m > [22mClient Typert API[2m > [22mrejects malformed forwarded-event frame 4 and stops that stream[32m 3[2mms[22m[39m
 [32m✓[39m [30m[42m process-bound [49m[39m packages/api/gateway/tests/gateway.client.spec.ts[2m > [22mClient Typert API[2m > [22mrejects malformed forwarded-event frame 5 and stops that stream[32m 4[2mms[22m[39m
 [32m✓[39m [30m[42m process-bound [49m[39m packages/api/gateway/tests/gateway.client.spec.ts[2m > [22mClient Typert API[2m > [22mrejects malformed forwarded-event frame 6 and stops that stream[32m 2[2mms[22m[39m
 [32m✓[39m [30m[42m process-bound [49m[39m packages/api/gateway/tests/gateway.client.spec.ts[2m > [22mClient Typert API[2m > [22mrejects malformed forwarded-event frame 7 and stops that stream[32m 3[2mms[22m[39m
 [32m✓[39m [30m[42m process-bound [49m[39m packages/api/gateway/tests/gateway.client.spec.ts[2m > [22mClient Typert API[2m > [22mrejects malformed forwarded-event frame 8 and stops that stream[32m 3[2mms[22m[39m
 [32m✓[39m [30m[42m process-bound [49m[39m packages/api/gateway/tests/gateway.client.spec.ts[2m > [22mClient Typert API[2m > [22mrejects malformed forwarded-event frame 9 and stops that stream[32m 3[2mms[22m[39m
 [32m✓[39m [30m[42m process-bound [49m[39m packages/api/gateway/tests/gateway.client.spec.ts[2m > [22mClient Typert API[2m > [22mrejects malformed forwarded-event frame 10 and stops that stream[32m 4[2mms[22m[39m
 [32m✓[39m [30m[42m process-bound [49m[39m packages/api/gateway/tests/gateway.client.spec.ts[2m > [22mClient Typert API[2m > [22mrejects malformed forwarded-event frame 11 and stops that stream[32m 3[2mms[22m[39m
 [32m✓[39m [30m[42m process-bound [49m[39m packages/api/gateway/tests/gateway.client.spec.ts[2m > [22mClient Typert API[2m > [22mrejects malformed forwarded-event frame 12 and stops that stream[32m 2[2mms[22m[39m
 [32m✓[39m [30m[42m process-bound [49m[39m packages/api/gateway/tests/gateway.client.spec.ts[2m > [22mClient Typert API[2m > [22mrejects malformed forwarded-event frame 13 and stops that stream[32m 2[2mms[22m[39m
 [32m✓[39m [30m[42m process-bound [49m[39m packages/api/gateway/tests/gateway.client.spec.ts[2m > [22mClient Typert API[2m > [22mrejects malformed forwarded-event frame 14 and stops that stream[32m 3[2mms[22m[39m
 [32m✓[39m [30m[42m process-bound [49m[39m packages/api/gateway/tests/gateway.client.spec.ts[2m > [22mClient Typert API[2m > [22mrejects malformed forwarded-event frame 15 and stops that stream[32m 2[2mms[22m[39m
 [32m✓[39m [30m[42m process-bound [49m[39m packages/api/gateway/tests/gateway.client.spec.ts[2m > [22mClient Typert API[2m > [22mrejects malformed forwarded-event frame 16 and stops that stream[32m 4[2mms[22m[39m
 [32m✓[39m [30m[42m process-bound [49m[39m packages/api/gateway/tests/gateway.client.spec.ts[2m > [22mClient Typert API[2m > [22maborts and awaits forwarded-event delivery during disposal[32m 5[2mms[22m[39m
 [32m✓[39m [30m[42m process-bound [49m[39m packages/api/gateway/tests/gateway.client.spec.ts[2m > [22mClient Typert API[2m > [22mrejects a generation when its Connection has been withdrawn[32m 3[2mms[22m[39m
 [32m✓[39m [30m[42m process-bound [49m[39m packages/api/gateway/tests/gateway.client.spec.ts[2m > [22mClient Typert API[2m > [22mguards stream iteration across mount and Connection withdrawal[32m 6[2mms[22m[39m
 [32m✓[39m [30m[42m process-bound [49m[39m packages/api/gateway/tests/gateway.client.spec.ts[2m > [22mClient Typert API[2m > [22mpublishes a namespace only after every contributed method is installed[32m 4[2mms[22m[39m
 [32m✓[39m [30m[42m process-bound [49m[39m packages/api/gateway/tests/gateway.client.spec.ts[2m > [22mClient Typert API[2m > [22mnormalizes worker-local structural stream failures without sharing class identity[32m 12[2mms[22m[39m
 [32m✓[39m [30m[45m thread-safe [49m[39m packages/api/gateway/tests/gateway.client.spec.ts[2m > [22mClient Typert API[2m > [22mrejects malformed forwarded-event frame 1 and stops that stream[32m 2[2mms[22m[39m
 [32m✓[39m [30m[45m thread-safe [49m[39m packages/api/gateway/tests/gateway.client.spec.ts[2m > [22mClient Typert API[2m > [22mrejects malformed forwarded-event frame 2 and stops that stream[32m 3[2mms[22m[39m
 [32m✓[39m [30m[45m thread-safe [49m[39m packages/api/gateway/tests/gateway.client.spec.ts[2m > [22mClient Typert API[2m > [22mrejects malformed forwarded-event frame 3 and stops that stream[32m 4[2mms[22m[39m
 [32m✓[39m [30m[45m thread-safe [49m[39m packages/api/gateway/tests/gateway.client.spec.ts[2m > [22mClient Typert API[2m > [22mrejects malformed forwarded-event frame 4 and stops that stream[32m 2[2mms[22m[39m
 [32m✓[39m [30m[45m thread-safe [49m[39m packages/api/gateway/tests/gateway.client.spec.ts[2m > [22mClient Typert API[2m > [22mrejects malformed forwarded-event frame 5 and stops that stream[32m 3[2mms[22m[39m
 [32m✓[39m [30m[45m thread-safe [49m[39m packages/api/gateway/tests/gateway.client.spec.ts[2m > [22mClient Typert API[2m > [22mrejects malformed forwarded-event frame 6 and stops that stream[32m 4[2mms[22m[39m
 [32m✓[39m [30m[45m thread-safe [49m[39m packages/api/gateway/tests/gateway.client.spec.ts[2m > [22mClient Typert API[2m > [22mrejects malformed forwarded-event frame 7 and stops that stream[32m 4[2mms[22m[39m
 [32m✓[39m [30m[45m thread-safe [49m[39m packages/api/gateway/tests/gateway.client.spec.ts[2m > [22mClient Typert API[2m > [22mrejects malformed forwarded-event frame 8 and stops that stream[32m 4[2mms[22m[39m
 [32m✓[39m [30m[45m thread-safe [49m[39m packages/api/gateway/tests/gateway.client.spec.ts[2m > [22mClient Typert API[2m > [22mrejects malformed forwarded-event frame 9 and stops that stream[32m 3[2mms[22m[39m
 [32m✓[39m [30m[45m thread-safe [49m[39m packages/api/gateway/tests/gateway.client.spec.ts[2m > [22mClient Typert API[2m > [22mrejects malformed forwarded-event frame 10 and stops that stream[32m 3[2mms[22m[39m
 [32m✓[39m [30m[45m thread-safe [49m[39m packages/api/gateway/tests/gateway.client.spec.ts[2m > [22mClient Typert API[2m > [22mrejects malformed forwarded-event frame 11 and stops that stream[32m 3[2mms[22m[39m
 [32m✓[39m [30m[45m thread-safe [49m[39m packages/api/gateway/tests/gateway.client.spec.ts[2m > [22mClient Typert API[2m > [22mrejects malformed forwarded-event frame 12 and stops that stream[32m 3[2mms[22m[39m
 [32m✓[39m [30m[45m thread-safe [49m[39m packages/api/gateway/tests/gateway.client.spec.ts[2m > [22mClient Typert API[2m > [22mrejects malformed forwarded-event frame 13 and stops that stream[32m 4[2mms[22m[39m
 [32m✓[39m [30m[45m thread-safe [49m[39m packages/api/gateway/tests/gateway.client.spec.ts[2m > [22mClient Typert API[2m > [22mrejects malformed forwarded-event frame 14 and stops that stream[32m 3[2mms[22m[39m
 [32m✓[39m [30m[45m thread-safe [49m[39m packages/api/gateway/tests/gateway.client.spec.ts[2m > [22mClient Typert API[2m > [22mrejects malformed forwarded-event frame 15 and stops that stream[32m 3[2mms[22m[39m
 [32m✓[39m [30m[45m thread-safe [49m[39m packages/api/gateway/tests/gateway.client.spec.ts[2m > [22mClient Typert API[2m > [22mrejects malformed forwarded-event frame 16 and stops that stream[32m 4[2mms[22m[39m
 [32m✓[39m [30m[45m thread-safe [49m[39m packages/api/gateway/tests/gateway.client.spec.ts[2m > [22mClient Typert API[2m > [22maborts and awaits forwarded-event delivery during disposal[32m 3[2mms[22m[39m
 [32m✓[39m [30m[45m thread-safe [49m[39m packages/api/gateway/tests/gateway.client.spec.ts[2m > [22mClient Typert API[2m > [22mrejects a generation when its Connection has been withdrawn[32m 8[2mms[22m[39m
 [32m✓[39m [30m[45m thread-safe [49m[39m packages/api/gateway/tests/gateway.client.spec.ts[2m > [22mClient Typert API[2m > [22mguards stream iteration across mount and Connection withdrawal[32m 5[2mms[22m[39m
 [32m✓[39m [30m[45m thread-safe [49m[39m packages/api/gateway/tests/gateway.client.spec.ts[2m > [22mClient Typert API[2m > [22mpublishes a namespace only after every contributed method is installed[32m 4[2mms[22m[39m
 [32m✓[39m [30m[45m thread-safe [49m[39m packages/api/gateway/tests/gateway.client.spec.ts[2m > [22mClient Typert API[2m > [22mnormalizes worker-local structural stream failures without sharing class identity[32m 9[2mms[22m[39m
 [32m✓[39m [30m[42m process-bound [49m[39m packages/api/gateway/tests/gateway.client.spec.ts[2m > [22mClient Typert API[2m > [22mmultiplexes Remote streams without using the Connection RPC caller[32m 195[2mms[22m[39m
 [32m✓[39m [30m[45m thread-safe [49m[39m packages/api/gateway/tests/gateway.client.spec.ts[2m > [22mClient Typert API[2m > [22mmultiplexes Remote streams without using the Connection RPC caller[32m 189[2mms[22m[39m
 [32m✓[39m [30m[42m process-bound [49m[39m packages/api/gateway/tests/gateway.client.spec.ts[2m > [22mRemote stream client carrier lifecycle[2m > [22mrequires the transport owner to start the physical carrier[32m 0[2mms[22m[39m
 [32m✓[39m [30m[42m process-bound [49m[39m packages/api/gateway/tests/gateway.client.spec.ts[2m > [22mRemote stream client carrier lifecycle[2m > [22mconnects without a logical stream, waits for owner-driven retries, and stops permanently[32m 59[2mms[22m[39m
 [32m✓[39m [30m[45m thread-safe [49m[39m packages/api/gateway/tests/gateway.client.spec.ts[2m > [22mRemote stream client carrier lifecycle[2m > [22mrequires the transport owner to start the physical carrier[32m 0[2mms[22m[39m
 [32m✓[39m [30m[45m thread-safe [49m[39m packages/api/gateway/tests/gateway.client.spec.ts[2m > [22mRemote stream client carrier lifecycle[2m > [22mconnects without a logical stream, waits for owner-driven retries, and stops permanently[32m 61[2mms[22m[39m
 [32m✓[39m [30m[42m process-bound [49m[39m packages/api/gateway/tests/gateway.client.spec.ts[2m > [22mRemote stream client carrier lifecycle[2m > [22mmints a new wire stream id when the same endpoint opens on a replacement socket[32m 123[2mms[22m[39m
 [32m✓[39m [30m[45m thread-safe [49m[39m packages/api/gateway/tests/gateway.client.spec.ts[2m > [22mRemote stream client carrier lifecycle[2m > [22mmints a new wire stream id when the same endpoint opens on a replacement socket[32m 122[2mms[22m[39m
 [32m✓[39m [30m[42m process-bound [49m[39m packages/api/gateway/tests/gateway.client.spec.ts[2m > [22mRemote stream client carrier lifecycle[2m > [22mreplaces an in-flight candidate and an open socket on reconnect[32m 123[2mms[22m[39m
 [32m✓[39m [30m[42m process-bound [49m[39m packages/api/gateway/tests/gateway.client.spec.ts[2m > [22mRemote stream client carrier lifecycle[2m > [22mcoalesces repeated candidate replacements and drops one queued after close[32m 61[2mms[22m[39m
 [32m✓[39m [30m[45m thread-safe [49m[39m packages/api/gateway/tests/gateway.client.spec.ts[2m > [22mRemote stream client carrier lifecycle[2m > [22mreplaces an in-flight candidate and an open socket on reconnect[32m 123[2mms[22m[39m
 [32m✓[39m [30m[45m thread-safe [49m[39m packages/api/gateway/tests/gateway.client.spec.ts[2m > [22mRemote stream client carrier lifecycle[2m > [22mcoalesces repeated candidate replacements and drops one queued after close[32m 61[2mms[22m[39m
 [32m✓[39m [30m[42m process-bound [49m[39m packages/api/gateway/tests/gateway.client.spec.ts[2m > [22mRemote stream client carrier lifecycle[2m > [22mshares an in-flight connection and uses the internal ws URL without a browser origin[32m 62[2mms[22m[39m
 [32m✓[39m [30m[42m process-bound [49m[39m packages/api/gateway/tests/gateway.client.spec.ts[2m > [22mRemote stream client carrier lifecycle[2m > [22mfails waiters with one socket attempt and lets the owner start the next attempt[32m 62[2mms[22m[39m
 [32m✓[39m [30m[45m thread-safe [49m[39m packages/api/gateway/tests/gateway.client.spec.ts[2m > [22mRemote stream client carrier lifecycle[2m > [22mshares an in-flight connection and uses the internal ws URL without a browser origin[32m 62[2mms[22m[39m
 [32m✓[39m [30m[45m thread-safe [49m[39m packages/api/gateway/tests/gateway.client.spec.ts[2m > [22mRemote stream client carrier lifecycle[2m > [22mfails waiters with one socket attempt and lets the owner start the next attempt[32m 64[2mms[22m[39m
 [32m✓[39m [30m[42m process-bound [49m[39m packages/api/gateway/tests/gateway.client.spec.ts[2m > [22mRemote stream client carrier lifecycle[2m > [22mfails active streams on an invalid frame and ignores later frames[32m 63[2mms[22m[39m
 [32m✓[39m [30m[45m thread-safe [49m[39m packages/api/gateway/tests/gateway.client.spec.ts[2m > [22mRemote stream client carrier lifecycle[2m > [22mfails active streams on an invalid frame and ignores later frames[32m 62[2mms[22m[39m
 [32m✓[39m [30m[42m process-bound [49m[39m packages/api/gateway/tests/gateway.client.spec.ts[2m > [22mRemote stream client carrier lifecycle[2m > [22mcompletes a stream and drops a frame racing with cancellation[32m 123[2mms[22m[39m
 [32m✓[39m [30m[42m process-bound [49m[39m packages/api/gateway/tests/gateway.client.spec.ts[2m > [22mRemote stream client carrier lifecycle[2m > [22mcontains non-Error cancellation reasons and late socket close events[32m 126[2mms[22m[39m
 [32m✓[39m [30m[45m thread-safe [49m[39m packages/api/gateway/tests/gateway.client.spec.ts[2m > [22mRemote stream client carrier lifecycle[2m > [22mcompletes a stream and drops a frame racing with cancellation[32m 123[2mms[22m[39m
 [32m✓[39m [30m[45m thread-safe [49m[39m packages/api/gateway/tests/gateway.client.spec.ts[2m > [22mRemote stream client carrier lifecycle[2m > [22mcontains non-Error cancellation reasons and late socket close events[32m 125[2mms[22m[39m

[2m Test Files [22m [1m[32m2 passed[39m[22m[90m (2)[39m
[2m      Tests [22m [1m[32m212 passed[39m[22m[90m (212)[39m
[2m   Start at [22m 19:22:18
[2m   Duration [22m 4.56s[2m (tests 70%, transform 24%, import 5%, setup 2%)[22m
