
 RUN  v5.0.0 C:/Albert/project/dsh861

 ❯  thread-safe  packages/core/agent-loop/tests/teardown-ownership.spec.ts (3 tests | 3 failed) 123ms
   ❯ R44 teardown ownership (3)
     × R44-K09 factory teardown waits for every started cleanup and reports all original errors 65ms
     × R44-K10 one failure must not cut short the factory wait for admitted startup work 17ms
     × R44-K11 provider unload keeps the agent scoped world until real driver use completes 40ms

 Test Files  1 failed (1)
      Tests  3 failed (3)
   Start at  14:26:41
   Duration  2.46s (transform 76%, import 16%, tests 6%, setup 2%)

The plugin "vite-tsconfig-paths" is detected. Vite now supports tsconfig paths resolution natively via the resolve.tsconfigPaths option. You can remove the plugin and set resolve.tsconfigPaths: true in your Vite config instead.
Both esbuild and oxc options were set. oxc options will be used and esbuild options will be ignored. The following esbuild options were set: `{ jsx: 'automatic' }`
The plugin "vite-tsconfig-paths" is detected. Vite now supports tsconfig paths resolution natively via the resolve.tsconfigPaths option. You can remove the plugin and set resolve.tsconfigPaths: true in your Vite config instead.
The plugin "vite-tsconfig-paths" is detected. Vite now supports tsconfig paths resolution natively via the resolve.tsconfigPaths option. You can remove the plugin and set resolve.tsconfigPaths: true in your Vite config instead.
Both esbuild and oxc options were set. oxc options will be used and esbuild options will be ignored. The following esbuild options were set: `{ jsx: 'automatic' }`
Both esbuild and oxc options were set. oxc options will be used and esbuild options will be ignored. The following esbuild options were set: `{ jsx: 'automatic' }`

⎯⎯⎯⎯⎯⎯⎯ Failed Tests 3 ⎯⎯⎯⎯⎯⎯⎯

 FAIL   thread-safe  packages/core/agent-loop/tests/teardown-ownership.spec.ts > R44 teardown ownership > R44-K09 factory teardown waits for every started cleanup and reports all original errors
AssertionError: expected true to be false // Object.is equality

- Expected
+ Received

- false
+ true

 ❯ packages/core/agent-loop/tests/teardown-ownership.spec.ts:157:51
    155|       // B's real mandatory cleanup is still gated; the factory transa…
    156|       // not settle while any started work is unfinished.
    157|       expect(await settlesWithin(factoryOutcome)).toBe(false)
       |                                                   ^
    158|
    159|       gateB.resolve(undefined)

⎯⎯⎯⎯⎯⎯⎯⎯⎯⎯⎯⎯⎯⎯⎯⎯⎯⎯⎯⎯⎯⎯⎯⎯[1/3]⎯

 FAIL   thread-safe  packages/core/agent-loop/tests/teardown-ownership.spec.ts > R44 teardown ownership > R44-K10 one failure must not cut short the factory wait for admitted startup work
AssertionError: expected true to be false // Object.is equality

- Expected
+ Received

- false
+ true

 ❯ packages/core/agent-loop/tests/teardown-ownership.spec.ts:215:51
    213|       // A's fast failure must not settle the factory while admitted s…
    214|       // work has started its real rollback recovery and not finished …
    215|       expect(await settlesWithin(factoryOutcome)).toBe(false)
       |                                                   ^
    216|
    217|       gateRollback.resolve(undefined)

⎯⎯⎯⎯⎯⎯⎯⎯⎯⎯⎯⎯⎯⎯⎯⎯⎯⎯⎯⎯⎯⎯⎯⎯[2/3]⎯

 FAIL   thread-safe  packages/core/agent-loop/tests/teardown-ownership.spec.ts > R44 teardown ownership > R44-K11 provider unload keeps the agent scoped world until real driver use completes
AssertionError: expected [ 'k11:stream-entered', …(2) ] to not include 'k11:scope-registration-revoked'
 ❯ packages/core/agent-loop/tests/teardown-ownership.spec.ts:287:25
    285|       // The driver's real cleanup is still gated, so the scoped world…
    286|       // probe registration and the inbox projection behind it — must …
    287|       expect(track).not.toContain('k11:scope-registration-revoked')
       |                         ^
    288|
    289|       gateStream.resolve(undefined)

⎯⎯⎯⎯⎯⎯⎯⎯⎯⎯⎯⎯⎯⎯⎯⎯⎯⎯⎯⎯⎯⎯⎯⎯[3/3]⎯


## invocation

start_utc=2026-09-17T06:26:36Z
argv: pnpm exec vitest run --project thread-safe packages/core/agent-loop/tests/teardown-ownership.spec.ts
note: R1 old-interface first-failure run; production sources at baseline blobs
node=v26.8.2 pnpm=12.4.1
exit_code=1
end_utc=2026-09-17T06:26:43Z
stdout_bytes=999
stderr_bytes=4415
