[33mThe plugin "vite-tsconfig-paths" is detected. Vite now supports tsconfig paths resolution natively via the [1mresolve.tsconfigPaths[22m option. You can remove the plugin and set [1mresolve.tsconfigPaths: true[22m in your Vite config instead.[39m
[33mBoth esbuild and oxc options were set. oxc options will be used and esbuild options will be ignored.[39m The following esbuild options were set: `{ jsx: 'automatic' }`
[33mThe plugin "vite-tsconfig-paths" is detected. Vite now supports tsconfig paths resolution natively via the [1mresolve.tsconfigPaths[22m option. You can remove the plugin and set [1mresolve.tsconfigPaths: true[22m in your Vite config instead.[39m
[33mBoth esbuild and oxc options were set. oxc options will be used and esbuild options will be ignored.[39m The following esbuild options were set: `{ jsx: 'automatic' }`
[1m[30m[43m Vitest [49m[39m[22m [33mThe "thread-safe" project applies the same plugin multiple times: "vite-tsconfig-paths", "dsh-standard-decorators". Since Vitest 5, an inline project extends the config file that declares it by default, so the plugins from "vitest.config.ts" already apply to this project and don't need to be listed again.
Remove the duplicated plugins from the project, or set `extends: false` to not inherit the declaring config. Setting the `extends` option explicitly hides this warning.[39m
[33mThe plugin "vite-tsconfig-paths" is detected. Vite now supports tsconfig paths resolution natively via the [1mresolve.tsconfigPaths[22m option. You can remove the plugin and set [1mresolve.tsconfigPaths: true[22m in your Vite config instead.[39m
[33mBoth esbuild and oxc options were set. oxc options will be used and esbuild options will be ignored.[39m The following esbuild options were set: `{ jsx: 'automatic' }`
[1m[30m[43m Vitest [49m[39m[22m [33mThe "process-bound" project applies the same plugin multiple times: "vite-tsconfig-paths", "dsh-standard-decorators". Since Vitest 5, an inline project extends the config file that declares it by default, so the plugins from "vitest.config.ts" already apply to this project and don't need to be listed again.
Remove the duplicated plugins from the project, or set `extends: false` to not inherit the declaring config. Setting the `extends` option explicitly hides this warning.[39m

[1m[30m[46m RUN [49m[39m[22m [36mv5.0.0 [39m[90mC:/Albert/project/dsh861[39m

 [32m✓[39m [30m[42m process-bound [49m[39m scripts/build-exe-for-python-sdk-native-pty.spec.ts [2m([22m[2m5 tests[22m[2m)[22m[32m 42[2mms[22m[39m
 [32m✓[39m [30m[45m thread-safe [49m[39m scripts/build-exe-for-python-sdk-native-pty.spec.ts [2m([22m[2m5 tests[22m[2m)[22m[32m 56[2mms[22m[39m
 [32m✓[39m [30m[42m process-bound [49m[39m scripts/build-exe-for-python-sdk-assets.spec.ts [2m([22m[2m1 test[22m[2m)[22m[33m 352[2mms[22m[39m
   [32m✓[39m Python runtime executable assets [2m(1)[22m
     [33m[2m✓[22m[39m packages the dynamically resolved web frontend distribution[33m 350[2mms[22m[39m
 [32m✓[39m [30m[42m process-bound [49m[39m scripts/ci-workflow.spec.ts [2m([22m[2m41 tests[22m[2m)[22m[33m 332[2mms[22m[39m
 [32m✓[39m [30m[42m process-bound [49m[39m scripts/verify-runtime-closure.spec.ts [2m([22m[2m8 tests[22m[2m)[22m[33m 319[2mms[22m[39m
 [32m✓[39m [30m[45m thread-safe [49m[39m scripts/build-exe-for-python-sdk-assets.spec.ts [2m([22m[2m1 test[22m[2m)[22m[33m 307[2mms[22m[39m
   [32m✓[39m Python runtime executable assets [2m(1)[22m
     [33m[2m✓[22m[39m packages the dynamically resolved web frontend distribution[33m 304[2mms[22m[39m
 [32m✓[39m [30m[45m thread-safe [49m[39m scripts/ci-workflow.spec.ts [2m([22m[2m41 tests[22m[2m)[22m[33m 338[2mms[22m[39m
 [32m✓[39m [30m[45m thread-safe [49m[39m scripts/verify-runtime-closure.spec.ts [2m([22m[2m8 tests[22m[2m)[22m[33m 311[2mms[22m[39m
 [32m✓[39m [30m[45m thread-safe [49m[39m scripts/ci-compatible-selfhosted.spec.ts [2m([22m[2m6 tests[22m[2m | [22m[33m2 skipped[39m[2m)[22m[33m 551[2mms[22m[39m
   [32m✓[39m Node compatibility self-hosted routing [2m(6)[22m
     [33m[2m✓[22m[39m overrides runner exports inside setup-node without affecting later Node processes[33m 515[2mms[22m[39m
 [32m✓[39m [30m[42m process-bound [49m[39m scripts/ci-compatible-selfhosted.spec.ts [2m([22m[2m6 tests[22m[2m | [22m[33m2 skipped[39m[2m)[22m[33m 664[2mms[22m[39m
   [32m✓[39m Node compatibility self-hosted routing [2m(6)[22m
     [33m[2m✓[22m[39m overrides runner exports inside setup-node without affecting later Node processes[33m 633[2mms[22m[39m
 [32m✓[39m [30m[45m thread-safe [49m[39m scripts/build-exe-for-python-sdk.spec.ts [2m([22m[2m5 tests[22m[2m)[22m[33m 964[2mms[22m[39m
 [32m✓[39m [30m[42m process-bound [49m[39m scripts/build-exe-for-python-sdk.spec.ts [2m([22m[2m5 tests[22m[2m)[22m[33m 1069[2mms[22m[39m
   [32m✓[39m Python runtime executable builder CLI [2m(5)[22m
     [33m[2m✓[22m[39m runs pnpm through its JavaScript entrypoint without a command shell[33m 337[2mms[22m[39m

[2m Test Files [22m [1m[32m12 passed[39m[22m[90m (12)[39m
[2m      Tests [22m [1m[32m128 passed[39m[22m[2m | [22m[33m4 skipped[39m[90m (132)[39m
[2m   Start at [22m 22:18:09
[2m   Duration [22m 2.10s[2m (transform 46%, tests 42%, setup 9%, import 2%, worker 1%)[22m

[2m  Transform [22m [30m[45m thread-safe [49m[39m [33mtransforming modules took 2.74s[39m[2m · 46% of tracked time, re-done on every run[22m
[2m            [22m [2mpersist transforms across runs with [22m[33mfsModuleCache: true[39m
[2m            [22m [2mlearn more: https://vitest.dev/guide/improving-performance#caching-between-reruns[22m

[2m  Transform [22m [30m[42m process-bound [49m[39m [33mtransforming modules took 3.10s[39m[2m · 46% of tracked time, re-done on every run[22m
[2m            [22m [2mpersist transforms across runs with [22m[33mfsModuleCache: true[39m
[2m            [22m [2mlearn more: https://vitest.dev/guide/improving-performance#caching-between-reruns[22m

EXIT: 0
