$ tsx scripts/run-gates.ts ci-static
run-gates: ci-static running 47 gate(s) with 20 worker(s) from 20 available CPU(s).
run-gates: start runtime closure
run-gates: start application entrypoints
run-gates: start constraints
run-gates: start package dependencies
run-gates: start DSH package licenses
run-gates: start package invariants
run-gates: start Cordis config
run-gates: start optional dependency imports
run-gates: start client packages
run-gates: start client UI i18n
run-gates: start proxy-aware dispatchers
run-gates: start Weighted approval policy
run-gates: start Issue management policy
run-gates: start documentation build
run-gates: start doc graphs
run-gates: start markdown links
run-gates: start type equivalence
run-gates: start cordis catalog
run-gates: start Cordis inspect catalog
run-gates: start verify-mermaid
run-gates: PASS Weighted approval policy (0.76s)
run-gates: start scoped events
run-gates: PASS Issue management policy (0.76s)
run-gates: start translation pairing
run-gates: PASS DSH package licenses (2.46s)
run-gates: start markdown wrap
run-gates: PASS runtime closure (3.14s)
run-gates: start client catalog
run-gates: PASS package invariants (5.43s)
run-gates: start export jsdoc
run-gates: PASS proxy-aware dispatchers (6.74s)
run-gates: start tool catalog
run-gates: PASS constraints (7.00s)
run-gates: start config catalog
run-gates: PASS client UI i18n (7.33s)
run-gates: start persistence catalog
run-gates: PASS application entrypoints (8.58s)
run-gates: start Session format catalog
run-gates: PASS Session format catalog (1.56s)
run-gates: start public repository links
run-gates: PASS config catalog (8.39s)
run-gates: start doc refs
run-gates: PASS persistence catalog (12.01s)
run-gates: start subsystem pages
run-gates: PASS client catalog (17.48s)
run-gates: start package paths
run-gates: PASS tool catalog (13.87s)
run-gates: start tsconfig paths
run-gates: PASS tsconfig paths (3.36s)
run-gates: start config source ownership
run-gates: PASS subsystem pages (5.38s)
run-gates: start package README Summaries
run-gates: PASS Cordis config (27.07s)
run-gates: start package README model experience
run-gates: PASS package README Summaries (2.35s)
run-gates: start agent note classification
run-gates: PASS agent note classification (2.09s)
run-gates: start agent note format
run-gates: PASS config source ownership (5.59s)
run-gates: start archived agent notes
run-gates: PASS agent note format (2.95s)
run-gates: start skill invocation metadata
run-gates: PASS skill invocation metadata (2.14s)
run-gates: start translation prompt
run-gates: PASS doc refs (19.11s)
run-gates: start doc budgets
run-gates: PASS archived agent notes (5.31s)
run-gates: start documentation standard tests
run-gates: PASS translation prompt (1.80s)
run-gates: start documentation site checks
run-gates: PASS doc budgets (1.87s)
run-gates: start package README limitations
run-gates: PASS type equivalence (37.60s)
run-gates: start module graph
run-gates: PASS module graph (2.62s)
run-gates: PASS public repository links (34.29s)
run-gates: PASS markdown wrap (43.26s)
run-gates: PASS package paths (32.48s)
run-gates: PASS package README model experience (26.23s)
run-gates: PASS package dependencies (55.84s)
run-gates: PASS documentation standard tests (20.85s)
run-gates: PASS package README limitations (25.77s)
run-gates: PASS client packages (67.45s)
run-gates: PASS verify-mermaid (67.55s)
run-gates: PASS export jsdoc (63.75s)
run-gates: PASS Cordis inspect catalog (71.21s)
run-gates: PASS translation pairing (75.63s)
run-gates: PASS documentation site checks (40.44s)
run-gates: PASS markdown links (83.34s)
run-gates: PASS scoped events (93.40s)
run-gates: PASS documentation build (94.43s)

== FAILED cordis catalog (95.65s) ==
command: pnpm run verify-cordis-catalog
outcome: exit 1
$ tsx scripts/gen-cordis-catalog.ts --check
gen-cordis-catalog: stale — docs/cordis-api/context.md, docs/cordis-api/fiber.md. Run `pnpm run gen-cordis-catalog` and commit the result.
[ELIFECYCLE] Command failed with exit code 1.
run-gates: PASS optional dependency imports (98.81s)
run-gates: PASS doc graphs (116.47s)

run-gates: 46 passed, 1 failed, 0 skipped in 116.82s.
run-gates: unsuccessful gates:
  - FAILED cordis catalog (95.65s, exit 1)
    pnpm run verify-cordis-catalog
[ELIFECYCLE] Command failed with exit code 1.
EXIT: 1
