$ tsx scripts/run-gates.ts doc-sync
run-gates: doc-sync running 34 gate(s) with 4 worker(s) from 20 available CPU(s), doc-sync cap 4.
run-gates: start doc-typecheck
run-gates: start documentation build
run-gates: start doc graphs
run-gates: start markdown links
run-gates: PASS markdown links (36.19s)
run-gates: start type equivalence
run-gates: PASS doc-typecheck (48.92s)
run-gates: start cordis catalog
run-gates: PASS type equivalence (18.66s)
run-gates: start Cordis inspect catalog
run-gates: PASS documentation build (74.57s)
run-gates: start verify-mermaid
run-gates: PASS Cordis inspect catalog (24.13s)
run-gates: start scoped events
run-gates: PASS doc graphs (79.67s)
run-gates: start translation pairing
run-gates: PASS cordis catalog (46.73s)
run-gates: start markdown wrap
run-gates: PASS verify-mermaid (26.93s)
run-gates: start client catalog
run-gates: PASS client catalog (6.50s)
run-gates: start export jsdoc
run-gates: PASS markdown wrap (17.88s)
run-gates: start tool catalog
run-gates: PASS translation pairing (34.94s)
run-gates: start config catalog
run-gates: PASS config catalog (3.23s)
run-gates: start persistence catalog
run-gates: PASS tool catalog (4.48s)
run-gates: start Session format catalog
run-gates: PASS Session format catalog (0.65s)
run-gates: start public repository links
run-gates: PASS persistence catalog (3.21s)
run-gates: start doc refs
run-gates: PASS scoped events (45.03s)
run-gates: start subsystem pages
run-gates: PASS doc refs (4.07s)
run-gates: start package paths
run-gates: PASS export jsdoc (17.20s)
run-gates: start tsconfig paths
run-gates: PASS subsystem pages (1.66s)
run-gates: start config source ownership
run-gates: PASS tsconfig paths (0.84s)
run-gates: start package README Summaries
run-gates: PASS package README Summaries (0.65s)
run-gates: start package README model experience
run-gates: PASS config source ownership (2.34s)
run-gates: start agent note classification
run-gates: PASS public repository links (9.76s)
run-gates: start agent note format
run-gates: PASS agent note classification (0.69s)
run-gates: start archived agent notes
run-gates: PASS agent note format (0.91s)
run-gates: start skill invocation metadata
run-gates: PASS archived agent notes (1.12s)
run-gates: start translation prompt
run-gates: PASS skill invocation metadata (0.64s)
run-gates: start doc budgets
run-gates: PASS translation prompt (0.58s)
run-gates: start documentation standard tests
run-gates: PASS doc budgets (0.61s)
run-gates: start documentation site checks
run-gates: PASS package paths (5.80s)
run-gates: start package README limitations
run-gates: PASS documentation standard tests (4.98s)
run-gates: PASS package README model experience (10.93s)
run-gates: PASS package README limitations (10.38s)
run-gates: PASS documentation site checks (14.21s)

run-gates: 34 passed, 0 failed, 0 skipped in 144.78s.
