The plugin "vite-tsconfig-paths" is detected. Vite now supports tsconfig paths resolution natively via the resolve.tsconfigPaths option. You can remove the plugin and set resolve.tsconfigPaths: true in your Vite config instead.
Both esbuild and oxc options were set. oxc options will be used and esbuild options will be ignored. The following esbuild options were set: `{ jsx: 'automatic' }`
The plugin "vite-tsconfig-paths" is detected. Vite now supports tsconfig paths resolution natively via the resolve.tsconfigPaths option. You can remove the plugin and set resolve.tsconfigPaths: true in your Vite config instead.
The plugin "vite-tsconfig-paths" is detected. Vite now supports tsconfig paths resolution natively via the resolve.tsconfigPaths option. You can remove the plugin and set resolve.tsconfigPaths: true in your Vite config instead.
Both esbuild and oxc options were set. oxc options will be used and esbuild options will be ignored. The following esbuild options were set: `{ jsx: 'automatic' }`
Both esbuild and oxc options were set. oxc options will be used and esbuild options will be ignored. The following esbuild options were set: `{ jsx: 'automatic' }`

 RUN  v5.0.0 C:/Albert/project/dsh861

stderr | packages/test-support/client-runtime/tests/helpers.client.spec.tsx > fixture helpers > drives panel hooks, retains keyed selection on owner updates, and releases the default source
TypeError: usePanelInfo is not a function
    at C:/Albert/project/dsh861/packages/test-support/client-runtime/tests/helpers.client.spec.tsx:84:26
    at Object.react_stack_bottom_frame (C:\Albert\project\dsh861\node_modules\.pnpm\react-dom@19.3.0_react@19.3.0\node_modules\react-dom\cjs\react-dom-client.development.js:28571:20)
    at renderWithHooks (C:\Albert\project\dsh861\node_modules\.pnpm\react-dom@19.3.0_react@19.3.0\node_modules\react-dom\cjs\react-dom-client.development.js:8030:22)
    at updateFunctionComponent (C:\Albert\project\dsh861\node_modules\.pnpm\react-dom@19.3.0_react@19.3.0\node_modules\react-dom\cjs\react-dom-client.development.js:10569:19)
    at beginWork (C:\Albert\project\dsh861\node_modules\.pnpm\react-dom@19.3.0_react@19.3.0\node_modules\react-dom\cjs\react-dom-client.development.js:12205:18)
    at runWithFiberInDEV (C:\Albert\project\dsh861\node_modules\.pnpm\react-dom@19.3.0_react@19.3.0\node_modules\react-dom\cjs\react-dom-client.development.js:1048:13)
    at performUnitOfWork (C:\Albert\project\dsh861\node_modules\.pnpm\react-dom@19.3.0_react@19.3.0\node_modules\react-dom\cjs\react-dom-client.development.js:19176:22)
    at workLoopSync (C:\Albert\project\dsh861\node_modules\.pnpm\react-dom@19.3.0_react@19.3.0\node_modules\react-dom\cjs\react-dom-client.development.js:19004:41)
    at renderRootSync (C:\Albert\project\dsh861\node_modules\.pnpm\react-dom@19.3.0_react@19.3.0\node_modules\react-dom\cjs\react-dom-client.development.js:18985:11)
    at performWorkOnRoot (C:\Albert\project\dsh861\node_modules\.pnpm\react-dom@19.3.0_react@19.3.0\node_modules\react-dom\cjs\react-dom-client.development.js:18094:35) {
  [stack]: [Getter/Setter],
  [message]: 'usePanelInfo is not a function'
}

The above error occurred in one of your React components.

React will try to recreate this component tree from scratch using the error boundary you provided, SlotErrorBoundary.

slot entry crashed in 'trt.panel-info': TypeError: usePanelInfo is not a function
    at C:/Albert/project/dsh861/packages/test-support/client-runtime/tests/helpers.client.spec.tsx:84:26
    at Object.react_stack_bottom_frame (C:\Albert\project\dsh861\node_modules\.pnpm\react-dom@19.3.0_react@19.3.0\node_modules\react-dom\cjs\react-dom-client.development.js:28571:20)
    at renderWithHooks (C:\Albert\project\dsh861\node_modules\.pnpm\react-dom@19.3.0_react@19.3.0\node_modules\react-dom\cjs\react-dom-client.development.js:8030:22)
    at updateFunctionComponent (C:\Albert\project\dsh861\node_modules\.pnpm\react-dom@19.3.0_react@19.3.0\node_modules\react-dom\cjs\react-dom-client.development.js:10569:19)
    at beginWork (C:\Albert\project\dsh861\node_modules\.pnpm\react-dom@19.3.0_react@19.3.0\node_modules\react-dom\cjs\react-dom-client.development.js:12205:18)
    at runWithFiberInDEV (C:\Albert\project\dsh861\node_modules\.pnpm\react-dom@19.3.0_react@19.3.0\node_modules\react-dom\cjs\react-dom-client.development.js:1048:13)
    at performUnitOfWork (C:\Albert\project\dsh861\node_modules\.pnpm\react-dom@19.3.0_react@19.3.0\node_modules\react-dom\cjs\react-dom-client.development.js:19176:22)
    at workLoopSync (C:\Albert\project\dsh861\node_modules\.pnpm\react-dom@19.3.0_react@19.3.0\node_modules\react-dom\cjs\react-dom-client.development.js:19004:41)
    at renderRootSync (C:\Albert\project\dsh861\node_modules\.pnpm\react-dom@19.3.0_react@19.3.0\node_modules\react-dom\cjs\react-dom-client.development.js:18985:11)
    at performWorkOnRoot (C:\Albert\project\dsh861\node_modules\.pnpm\react-dom@19.3.0_react@19.3.0\node_modules\react-dom\cjs\react-dom-client.development.js:18094:35)

 ❯  thread-safe  packages/test-support/client-runtime/tests/helpers.client.spec.tsx (10 tests | 1 failed) 111ms
   ❯ fixture helpers (7)
     ✓ retracts default root sources without removing replacements (release first: false) 20ms
     ✓ retracts default root sources without removing replacements (release first: true) 6ms
     × drives panel hooks, retains keyed selection on owner updates, and releases the default source 63ms
     ✓ rejects an upload until a suite replaces the default stub 3ms
     ✓ builds independent Conversation and Chat snapshots with optional overrides 1ms
     ✓ binds an observable snapshot through the production selector hook 3ms
     ✓ pins both browser language fields for the calling suite 0ms
   ✓ Session fixture lifecycle (3)
     ✓ initializes and drives complete event windows through replace, prepend, and append 5ms
     ✓ requires an explicit create stub and records successful create and refresh calls 4ms
     ✓ disposes a scope without materializing a binding 3ms

⎯⎯⎯⎯⎯⎯⎯ Failed Tests 1 ⎯⎯⎯⎯⎯⎯⎯

 FAIL   thread-safe  packages/test-support/client-runtime/tests/helpers.client.spec.tsx > fixture helpers > drives panel hooks, retains keyed selection on owner updates, and releases the default source
AssertionError: expected '' to be 'next:conversation' // Object.is equality

- Expected
+ Received

- next:conversation

 ❯ packages/test-support/client-runtime/tests/helpers.client.spec.tsx:100:42
     98|         })
     99|       })
    100|       expect(view.container.textContent).toBe('next:conversation')
       |                                          ^
    101|     } finally {
    102|       await runtime.dispose()

⎯⎯⎯⎯⎯⎯⎯⎯⎯⎯⎯⎯⎯⎯⎯⎯⎯⎯⎯⎯⎯⎯⎯⎯[1/1]⎯


 Test Files  1 failed (1)
      Tests  1 failed | 9 passed (10)
   Start at  18:17:23
   Duration  6.80s (transform 46%, environment 28%, import 23%, tests 2%, setup 1%)

  Transform   thread-safe  transforming modules took 3.05s · 46% of tracked time, re-done on every run
             persist transforms across runs with fsModuleCache: true
             learn more: https://vitest.dev/guide/improving-performance#caching-between-reruns
