$ tsx scripts/run-gates.ts doc-sync
run-gates: doc-sync running 34 gate(s) with 4 worker(s) from 20 available CPU(s), doc-sync cap 4.
run-gates: start doc-typecheck
run-gates: start documentation build
run-gates: start doc graphs
run-gates: start markdown links
run-gates: PASS markdown links (35.57s)
run-gates: start type equivalence
run-gates: PASS doc-typecheck (47.23s)
run-gates: start cordis catalog
run-gates: PASS type equivalence (16.53s)
run-gates: start Cordis inspect catalog
run-gates: PASS documentation build (69.99s)
run-gates: start verify-mermaid
run-gates: PASS Cordis inspect catalog (22.65s)
run-gates: start scoped events
run-gates: PASS doc graphs (75.59s)
run-gates: start translation pairing
run-gates: PASS cordis catalog (42.95s)
run-gates: start markdown wrap
run-gates: PASS verify-mermaid (23.28s)
run-gates: start client catalog
run-gates: PASS client catalog (5.92s)
run-gates: start export jsdoc
run-gates: PASS markdown wrap (17.19s)
run-gates: start tool catalog
run-gates: PASS translation pairing (33.41s)
run-gates: start config catalog
run-gates: PASS tool catalog (4.38s)
run-gates: start persistence catalog
run-gates: PASS config catalog (3.03s)
run-gates: start Session format catalog
run-gates: PASS Session format catalog (0.55s)
run-gates: start public repository links
run-gates: PASS scoped events (38.64s)
run-gates: start doc refs
run-gates: PASS persistence catalog (3.33s)
run-gates: start subsystem pages
run-gates: PASS export jsdoc (16.40s)
run-gates: start package paths
run-gates: PASS subsystem pages (1.50s)
run-gates: start tsconfig paths
run-gates: PASS tsconfig paths (0.85s)
run-gates: start config source ownership
run-gates: PASS doc refs (4.22s)
run-gates: start package README Summaries
run-gates: PASS package README Summaries (0.72s)
run-gates: start package README model experience
run-gates: PASS config source ownership (2.89s)
run-gates: start agent note classification
run-gates: PASS agent note classification (0.68s)
run-gates: start agent note format
run-gates: PASS agent note format (0.82s)
run-gates: start archived agent notes
run-gates: PASS package paths (6.29s)
run-gates: start skill invocation metadata
run-gates: PASS public repository links (9.63s)
run-gates: start translation prompt
run-gates: PASS skill invocation metadata (0.68s)
run-gates: start doc budgets
run-gates: PASS archived agent notes (1.06s)
run-gates: start documentation standard tests
run-gates: PASS translation prompt (0.68s)
run-gates: start documentation site checks
run-gates: PASS doc budgets (0.57s)
run-gates: start package README limitations
run-gates: PASS documentation standard tests (5.22s)
run-gates: PASS package README model experience (10.50s)
run-gates: PASS package README limitations (10.11s)
run-gates: PASS documentation site checks (13.56s)

run-gates: 34 passed, 0 failed, 0 skipped in 136.50s.
