$ tsx scripts/run-gates.ts doc-sync
run-gates: doc-sync running 34 gate(s) with 4 worker(s) from 20 available CPU(s), doc-sync cap 4.
run-gates: start doc-typecheck
run-gates: start documentation build
run-gates: start doc graphs
run-gates: start markdown links
run-gates: PASS markdown links (44.01s)
run-gates: start type equivalence
run-gates: PASS doc-typecheck (55.41s)
run-gates: start cordis catalog
run-gates: PASS type equivalence (21.05s)
run-gates: start Cordis inspect catalog
run-gates: PASS documentation build (86.45s)
run-gates: start verify-mermaid
run-gates: PASS Cordis inspect catalog (26.88s)
run-gates: start scoped events
run-gates: PASS doc graphs (94.02s)
run-gates: start translation pairing
run-gates: PASS cordis catalog (55.13s)
run-gates: start markdown wrap
run-gates: PASS verify-mermaid (29.20s)
run-gates: start client catalog
run-gates: PASS client catalog (6.44s)
run-gates: start export jsdoc
run-gates: PASS markdown wrap (20.31s)
run-gates: start tool catalog
run-gates: PASS tool catalog (3.94s)
run-gates: start config catalog
run-gates: PASS translation pairing (41.58s)
run-gates: start persistence catalog
run-gates: PASS config catalog (2.79s)
run-gates: start Session format catalog
run-gates: PASS Session format catalog (0.52s)
run-gates: start public repository links
run-gates: PASS persistence catalog (3.00s)
run-gates: start doc refs
run-gates: PASS export jsdoc (19.73s)
run-gates: start subsystem pages
run-gates: PASS doc refs (3.58s)
run-gates: start package paths
run-gates: PASS subsystem pages (1.41s)
run-gates: start tsconfig paths
run-gates: PASS scoped events (51.42s)
run-gates: start config source ownership
run-gates: PASS tsconfig paths (0.80s)
run-gates: start package README Summaries
run-gates: PASS package README Summaries (0.64s)
run-gates: start package README model experience
run-gates: PASS config source ownership (2.36s)
run-gates: start agent note classification
run-gates: PASS agent note classification (0.66s)
run-gates: start agent note format
run-gates: PASS agent note format (0.74s)
run-gates: start archived agent notes
run-gates: PASS archived agent notes (1.03s)
run-gates: start skill invocation metadata
run-gates: PASS public repository links (10.63s)
run-gates: start translation prompt
run-gates: PASS skill invocation metadata (0.57s)
run-gates: start doc budgets
run-gates: PASS translation prompt (0.50s)
run-gates: start documentation standard tests
run-gates: PASS doc budgets (0.58s)
run-gates: start documentation site checks
run-gates: PASS package paths (7.34s)
run-gates: start package README limitations
run-gates: PASS documentation standard tests (4.68s)
run-gates: PASS package README model experience (12.45s)
run-gates: PASS package README limitations (11.82s)
run-gates: PASS documentation site checks (15.75s)

run-gates: 34 passed, 0 failed, 0 skipped in 165.17s.
