[33mThe plugin "vite-tsconfig-paths" is detected. Vite now supports tsconfig paths resolution natively via the [1mresolve.tsconfigPaths[22m option. You can remove the plugin and set [1mresolve.tsconfigPaths: true[22m in your Vite config instead.[39m
[33mBoth esbuild and oxc options were set. oxc options will be used and esbuild options will be ignored.[39m The following esbuild options were set: `{ jsx: 'automatic' }`
[33mThe plugin "vite-tsconfig-paths" is detected. Vite now supports tsconfig paths resolution natively via the [1mresolve.tsconfigPaths[22m option. You can remove the plugin and set [1mresolve.tsconfigPaths: true[22m in your Vite config instead.[39m
[33mThe plugin "vite-tsconfig-paths" is detected. Vite now supports tsconfig paths resolution natively via the [1mresolve.tsconfigPaths[22m option. You can remove the plugin and set [1mresolve.tsconfigPaths: true[22m in your Vite config instead.[39m
[33mBoth esbuild and oxc options were set. oxc options will be used and esbuild options will be ignored.[39m The following esbuild options were set: `{ jsx: 'automatic' }`
[1m[30m[43m Vitest [49m[39m[22m [33mThe "thread-safe" project applies the same plugin multiple times: "vite-tsconfig-paths", "dsh-standard-decorators". Since Vitest 5, an inline project extends the config file that declares it by default, so the plugins from "vitest.config.ts" already apply to this project and don't need to be listed again.
Remove the duplicated plugins from the project, or set `extends: false` to not inherit the declaring config. Setting the `extends` option explicitly hides this warning.[39m
[33mBoth esbuild and oxc options were set. oxc options will be used and esbuild options will be ignored.[39m The following esbuild options were set: `{ jsx: 'automatic' }`
[1m[30m[43m Vitest [49m[39m[22m [33mThe "process-bound" project applies the same plugin multiple times: "vite-tsconfig-paths", "dsh-standard-decorators". Since Vitest 5, an inline project extends the config file that declares it by default, so the plugins from "vitest.config.ts" already apply to this project and don't need to be listed again.
Remove the duplicated plugins from the project, or set `extends: false` to not inherit the declaring config. Setting the `extends` option explicitly hides this warning.[39m

[1m[30m[46m RUN [49m[39m[22m [36mv5.0.0 [39m[90mC:/Albert/project/dsh861[39m

 [32m✓[39m [30m[42m process-bound [49m[39m scripts/ci-workflow.spec.ts [2m([22m[2m42 tests[22m[2m)[22m[32m 198[2mms[22m[39m
[90mstdout[2m | scripts/run-gates.spec.ts[2m > [22m[2mgate graph validation[2m > [22m[2mconstructs and executes preflight for a valid non-empty ci-primary graph
[22m[39mrun-gates: start runtime closure
run-gates: start application entrypoints
run-gates: start constraints
run-gates: start package dependencies
run-gates: start DSH package licenses
run-gates: start package invariants
run-gates: start Cordis config
run-gates: start optional dependency imports
run-gates: start client packages
run-gates: start client UI i18n
run-gates: start proxy-aware dispatchers
run-gates: start Weighted approval policy
run-gates: start Issue management policy
run-gates: start Typert contracts
run-gates: start duplication
run-gates: start build:native-system
run-gates: start source worker smoke
run-gates: start JSONL Zstandard smoke
run-gates: start dsh source-launch smoke
run-gates: start Vitest jsdom smoke
run-gates: start documentation build
run-gates: start doc graphs
run-gates: start markdown links
run-gates: start type equivalence
run-gates: start cordis catalog
run-gates: start Cordis inspect catalog
run-gates: start verify-mermaid
run-gates: start scoped events
run-gates: start translation pairing
run-gates: start markdown wrap
run-gates: start client catalog
run-gates: start export jsdoc
run-gates: start tool catalog
run-gates: start config catalog
run-gates: start persistence catalog
run-gates: start Session format catalog
run-gates: start public repository links
run-gates: start doc refs
run-gates: start subsystem pages
run-gates: start package paths
run-gates: start tsconfig paths
run-gates: start config source ownership
run-gates: start package README Summaries
run-gates: start package README model experience
run-gates: start agent note classification
run-gates: start agent note format
run-gates: start archived agent notes
run-gates: start skill invocation metadata
run-gates: start translation prompt
run-gates: start doc budgets
run-gates: start documentation standard tests
run-gates: start documentation site checks
run-gates: start package README limitations
run-gates: start module graph

[90mstdout[2m | scripts/run-gates.spec.ts[2m > [22m[2mgate graph validation[2m > [22m[2mconstructs and executes preflight for a valid non-empty ci-primary graph
[22m[39mrun-gates: start typecheck:contracts-ready
run-gates: start lint:contracts-ready
run-gates: start doc-typecheck:contracts-ready

[90mstdout[2m | scripts/run-gates.spec.ts[2m > [22m[2mgate graph validation[2m > [22m[2mconstructs and executes preflight for a valid non-empty ci-primary graph
[22m[39mrun-gates: start test:coverage
run-gates: start test:coverage-exempt-heavy

[90mstdout[2m | scripts/run-gates.spec.ts[2m > [22m[2mgate graph validation[2m > [22m[2mconstructs and executes preflight for a valid non-empty ci-primary graph
[22m[39mrun-gates: start build

[90mstdout[2m | scripts/run-gates.spec.ts[2m > [22m[2mgate graph validation[2m > [22m[2mconstructs and executes preflight for a valid non-empty ci-primary graph
[22m[39mrun-gates: start test:snapshot
run-gates: start publint
run-gates: start node-next types
run-gates: start built package invariants
run-gates: start built-bin smoke

[90mstdout[2m | scripts/run-gates.spec.ts[2m > [22m[2mgate graph validation[2m > [22m[2mconstructs and executes preflight for a valid non-empty ci-linux-primary graph
[22m[39mrun-gates: start runtime closure
run-gates: start application entrypoints
run-gates: start constraints
run-gates: start package dependencies
run-gates: start DSH package licenses
run-gates: start package invariants
run-gates: start Cordis config
run-gates: start optional dependency imports
run-gates: start client packages
run-gates: start client UI i18n
run-gates: start proxy-aware dispatchers
run-gates: start Weighted approval policy
run-gates: start Issue management policy
run-gates: start Typert contracts
run-gates: start duplication
run-gates: start build:native-system
run-gates: start source worker smoke
run-gates: start JSONL Zstandard smoke
run-gates: start dsh source-launch smoke
run-gates: start Vitest jsdom smoke
run-gates: start documentation build
run-gates: start doc graphs
run-gates: start markdown links
run-gates: start type equivalence
run-gates: start cordis catalog
run-gates: start Cordis inspect catalog
run-gates: start verify-mermaid
run-gates: start scoped events
run-gates: start translation pairing
run-gates: start markdown wrap
run-gates: start client catalog
run-gates: start export jsdoc
run-gates: start tool catalog
run-gates: start config catalog
run-gates: start persistence catalog
run-gates: start Session format catalog
run-gates: start public repository links
run-gates: start doc refs
run-gates: start subsystem pages
run-gates: start package paths
run-gates: start tsconfig paths
run-gates: start config source ownership
run-gates: start package README Summaries
run-gates: start package README model experience
run-gates: start agent note classification
run-gates: start agent note format
run-gates: start archived agent notes
run-gates: start skill invocation metadata
run-gates: start translation prompt
run-gates: start doc budgets
run-gates: start documentation standard tests
run-gates: start documentation site checks
run-gates: start package README limitations
run-gates: start module graph

[90mstdout[2m | scripts/run-gates.spec.ts[2m > [22m[2mgate graph validation[2m > [22m[2mconstructs and executes preflight for a valid non-empty ci-linux-primary graph
[22m[39mrun-gates: start typecheck:contracts-ready
run-gates: start lint:contracts-ready
run-gates: start doc-typecheck:contracts-ready

[90mstdout[2m | scripts/run-gates.spec.ts[2m > [22m[2mgate graph validation[2m > [22m[2mconstructs and executes preflight for a valid non-empty ci-linux-primary graph
[22m[39mrun-gates: start test:coverage
run-gates: start test:coverage-exempt-heavy

[90mstdout[2m | scripts/run-gates.spec.ts[2m > [22m[2mgate graph validation[2m > [22m[2mconstructs and executes preflight for a valid non-empty ci-linux-primary graph
[22m[39mrun-gates: start build

[90mstdout[2m | scripts/run-gates.spec.ts[2m > [22m[2mgate graph validation[2m > [22m[2mconstructs and executes preflight for a valid non-empty ci-linux-primary graph
[22m[39mrun-gates: start test:snapshot
run-gates: start publint
run-gates: start node-next types
run-gates: start built package invariants
run-gates: start built-bin smoke

[90mstdout[2m | scripts/run-gates.spec.ts[2m > [22m[2mgate graph validation[2m > [22m[2mconstructs and executes preflight for a valid non-empty ci-linux-primary graph
[22m[39mrun-gates: start web browser snapshot

[90mstdout[2m | scripts/run-gates.spec.ts[2m > [22m[2mgate graph validation[2m > [22m[2mconstructs and executes preflight for a valid non-empty ci-static graph
[22m[39mrun-gates: start runtime closure
run-gates: start application entrypoints
run-gates: start constraints
run-gates: start package dependencies
run-gates: start DSH package licenses
run-gates: start package invariants
run-gates: start Cordis config
run-gates: start optional dependency imports
run-gates: start client packages
run-gates: start client UI i18n
run-gates: start proxy-aware dispatchers
run-gates: start Weighted approval policy
run-gates: start Issue management policy
run-gates: start documentation build
run-gates: start doc graphs
run-gates: start markdown links
run-gates: start type equivalence
run-gates: start cordis catalog
run-gates: start Cordis inspect catalog
run-gates: start verify-mermaid
run-gates: start scoped events
run-gates: start translation pairing
run-gates: start markdown wrap
run-gates: start client catalog
run-gates: start export jsdoc
run-gates: start tool catalog
run-gates: start config catalog
run-gates: start persistence catalog
run-gates: start Session format catalog
run-gates: start public repository links
run-gates: start doc refs
run-gates: start subsystem pages
run-gates: start package paths
run-gates: start tsconfig paths
run-gates: start config source ownership
run-gates: start package README Summaries
run-gates: start package README model experience
run-gates: start agent note classification
run-gates: start agent note format
run-gates: start archived agent notes
run-gates: start skill invocation metadata
run-gates: start translation prompt
run-gates: start doc budgets
run-gates: start documentation standard tests
run-gates: start documentation site checks
run-gates: start package README limitations
run-gates: start module graph

[90mstdout[2m | scripts/run-gates.spec.ts[2m > [22m[2mgate graph validation[2m > [22m[2mconstructs and executes preflight for a valid non-empty ci-lint-contracts-ready graph
[22m[39mrun-gates: start lint:contracts-ready
run-gates: start duplication

[90mstdout[2m | scripts/run-gates.spec.ts[2m > [22m[2mgate graph validation[2m > [22m[2mconstructs and executes preflight for a valid non-empty ci-coverage graph
[22m[39mrun-gates: start build:native-system

[90mstdout[2m | scripts/run-gates.spec.ts[2m > [22m[2mgate graph validation[2m > [22m[2mconstructs and executes preflight for a valid non-empty ci-coverage graph
[22m[39mrun-gates: start test:coverage
run-gates: start test:coverage-exempt-heavy

[90mstdout[2m | scripts/run-gates.spec.ts[2m > [22m[2mgate graph validation[2m > [22m[2mconstructs and executes preflight for a valid non-empty ci-bench graph
[22m[39mrun-gates: start performance benchmarks

[90mstdout[2m | scripts/run-gates.spec.ts[2m > [22m[2mgate graph validation[2m > [22m[2mconstructs and executes preflight for a valid non-empty ci-snapshot graph
[22m[39mrun-gates: start build

[90mstdout[2m | scripts/run-gates.spec.ts[2m > [22m[2mgate graph validation[2m > [22m[2mconstructs and executes preflight for a valid non-empty ci-snapshot graph
[22m[39mrun-gates: start test:snapshot

[90mstdout[2m | scripts/run-gates.spec.ts[2m > [22m[2mgate graph validation[2m > [22m[2mconstructs and executes preflight for a valid non-empty ci-artifacts graph
[22m[39mrun-gates: start build

[90mstdout[2m | scripts/run-gates.spec.ts[2m > [22m[2mgate graph validation[2m > [22m[2mconstructs and executes preflight for a valid non-empty ci-artifacts graph
[22m[39mrun-gates: start publint
run-gates: start node-next types
run-gates: start built package invariants
run-gates: start built-bin smoke

[90mstdout[2m | scripts/run-gates.spec.ts[2m > [22m[2mgate graph validation[2m > [22m[2mconstructs and executes preflight for a valid non-empty ci-consumers graph
[22m[39mrun-gates: start build
run-gates: start Node compatibility

[90mstdout[2m | scripts/run-gates.spec.ts[2m > [22m[2mgate graph validation[2m > [22m[2mconstructs and executes preflight for a valid non-empty ci-consumers graph
[22m[39mrun-gates: start publint
run-gates: start built package invariants

[90mstdout[2m | scripts/run-gates.spec.ts[2m > [22m[2mgate graph validation[2m > [22m[2mconstructs and executes preflight for a valid non-empty ci-consumers graph
[22m[39mrun-gates: start lint and duplication
run-gates: start test:snapshot
run-gates: start test:expected
run-gates: start doc-typecheck:contracts-ready
run-gates: start node-next types
run-gates: start built-bin smoke

[90mstdout[2m | scripts/run-gates.spec.ts[2m > [22m[2mgate graph validation[2m > [22m[2mconstructs and executes preflight for a valid non-empty ci-consumers graph
[22m[39mrun-gates: start web browser snapshot

[90mstdout[2m | scripts/run-gates.spec.ts[2m > [22m[2mgate graph validation[2m > [22m[2mconstructs and executes preflight for a valid non-empty ci-windows-blocking graph
[22m[39mrun-gates: start build
run-gates: start production site

[90mstdout[2m | scripts/run-gates.spec.ts[2m > [22m[2mgate graph validation[2m > [22m[2mconstructs and executes preflight for a valid non-empty ci-windows-complete graph
[22m[39mrun-gates: start build
run-gates: start production site

[90mstdout[2m | scripts/run-gates.spec.ts[2m > [22m[2mgate graph validation[2m > [22m[2mconstructs and executes preflight for a valid non-empty ci-windows-complete graph
[22m[39mrun-gates: start build:native-system

[90mstdout[2m | scripts/run-gates.spec.ts[2m > [22m[2mgate graph validation[2m > [22m[2mconstructs and executes preflight for a valid non-empty ci-windows-complete graph
[22m[39mrun-gates: start test:coverage
run-gates: start test:coverage-exempt-heavy

[90mstdout[2m | scripts/run-gates.spec.ts[2m > [22m[2mgate graph validation[2m > [22m[2mconstructs and executes preflight for a valid non-empty ci-windows-complete graph
[22m[39mrun-gates: start runtime closure
run-gates: start application entrypoints
run-gates: start constraints
run-gates: start package dependencies
run-gates: start DSH package licenses
run-gates: start package invariants
run-gates: start Cordis config
run-gates: start optional dependency imports
run-gates: start client packages
run-gates: start client UI i18n
run-gates: start proxy-aware dispatchers
run-gates: start Weighted approval policy
run-gates: start Issue management policy
run-gates: start doc-typecheck:contracts-ready
run-gates: start doc graphs
run-gates: start markdown links
run-gates: start type equivalence
run-gates: start cordis catalog
run-gates: start Cordis inspect catalog
run-gates: start verify-mermaid
run-gates: start scoped events
run-gates: start translation pairing
run-gates: start markdown wrap
run-gates: start client catalog
run-gates: start export jsdoc
run-gates: start tool catalog
run-gates: start config catalog
run-gates: start persistence catalog
run-gates: start Session format catalog
run-gates: start public repository links
run-gates: start doc refs
run-gates: start subsystem pages
run-gates: start package paths
run-gates: start tsconfig paths
run-gates: start config source ownership
run-gates: start package README Summaries
run-gates: start package README model experience
run-gates: start agent note classification
run-gates: start agent note format
run-gates: start archived agent notes
run-gates: start skill invocation metadata
run-gates: start translation prompt
run-gates: start doc budgets
run-gates: start documentation standard tests
run-gates: start documentation site checks
run-gates: start package README limitations
run-gates: start module graph
run-gates: start duplication
run-gates: start publint
run-gates: start node-next types
run-gates: start built package invariants

[90mstdout[2m | scripts/run-gates.spec.ts[2m > [22m[2mgate graph validation[2m > [22m[2mconstructs and executes preflight for a valid non-empty ci-windows-complete graph
[22m[39mrun-gates: start built-bin smoke

[90mstdout[2m | scripts/run-gates.spec.ts[2m > [22m[2mgate graph validation[2m > [22m[2mconstructs and executes preflight for a valid non-empty ci-windows-observational graph
[22m[39mrun-gates: start runtime closure
run-gates: start application entrypoints
run-gates: start constraints
run-gates: start package dependencies
run-gates: start DSH package licenses
run-gates: start package invariants
run-gates: start Cordis config
run-gates: start optional dependency imports
run-gates: start client packages
run-gates: start client UI i18n
run-gates: start proxy-aware dispatchers
run-gates: start Weighted approval policy
run-gates: start Issue management policy
run-gates: start build
run-gates: start documentation build
run-gates: start doc graphs
run-gates: start markdown links
run-gates: start type equivalence
run-gates: start cordis catalog
run-gates: start Cordis inspect catalog
run-gates: start verify-mermaid
run-gates: start scoped events
run-gates: start translation pairing
run-gates: start markdown wrap
run-gates: start client catalog
run-gates: start export jsdoc
run-gates: start tool catalog
run-gates: start config catalog
run-gates: start persistence catalog
run-gates: start Session format catalog
run-gates: start public repository links
run-gates: start doc refs
run-gates: start subsystem pages
run-gates: start package paths
run-gates: start tsconfig paths
run-gates: start config source ownership
run-gates: start package README Summaries
run-gates: start package README model experience
run-gates: start agent note classification
run-gates: start agent note format
run-gates: start archived agent notes
run-gates: start skill invocation metadata
run-gates: start translation prompt
run-gates: start doc budgets
run-gates: start documentation standard tests
run-gates: start documentation site checks
run-gates: start package README limitations
run-gates: start module graph
run-gates: start duplication

[90mstdout[2m | scripts/run-gates.spec.ts[2m > [22m[2mgate graph validation[2m > [22m[2mconstructs and executes preflight for a valid non-empty ci-windows-observational graph
[22m[39mrun-gates: start doc-typecheck:contracts-ready
run-gates: start publint
run-gates: start node-next types
run-gates: start built package invariants

[90mstdout[2m | scripts/run-gates.spec.ts[2m > [22m[2mgate graph validation[2m > [22m[2mconstructs and executes preflight for a valid non-empty ci-windows-observational graph
[22m[39mrun-gates: start built-bin smoke

[90mstdout[2m | scripts/run-gates.spec.ts[2m > [22m[2mgate graph validation[2m > [22m[2mconstructs and executes preflight for a valid non-empty node-compat graph
[22m[39mrun-gates: start typecheck
run-gates: start source worker smoke
run-gates: start JSONL Zstandard smoke
run-gates: start dsh source-launch smoke
run-gates: start Vitest jsdom smoke

[90mstdout[2m | scripts/run-gates.spec.ts[2m > [22m[2mgate graph validation[2m > [22m[2mconstructs and executes preflight for a valid non-empty check-all graph
[22m[39mrun-gates: start runtime closure
run-gates: start Cordis config
run-gates: start client domain graph
run-gates: start test
run-gates: start Weighted approval policy
run-gates: start Issue management policy
run-gates: start duplication
run-gates: start build
run-gates: start build:web
run-gates: start vendor rescope
run-gates: start constraints
run-gates: start package dependencies
run-gates: start application entrypoints
run-gates: start DSH package licenses
run-gates: start package invariants
run-gates: start optional dependency imports
run-gates: start client packages
run-gates: start client UI i18n
run-gates: start proxy-aware dispatchers
run-gates: start documentation build
run-gates: start doc graphs
run-gates: start markdown links
run-gates: start type equivalence
run-gates: start cordis catalog
run-gates: start Cordis inspect catalog
run-gates: start verify-mermaid
run-gates: start scoped events
run-gates: start translation pairing
run-gates: start markdown wrap
run-gates: start client catalog
run-gates: start export jsdoc
run-gates: start tool catalog
run-gates: start config catalog
run-gates: start persistence catalog
run-gates: start Session format catalog
run-gates: start public repository links
run-gates: start doc refs
run-gates: start subsystem pages
run-gates: start package paths
run-gates: start tsconfig paths
run-gates: start config source ownership
run-gates: start package README Summaries
run-gates: start package README model experience
run-gates: start agent note classification
run-gates: start agent note format
run-gates: start archived agent notes
run-gates: start skill invocation metadata
run-gates: start translation prompt
run-gates: start doc budgets
run-gates: start documentation standard tests
run-gates: start documentation site checks
run-gates: start package README limitations
run-gates: start module graph

[90mstdout[2m | scripts/run-gates.spec.ts[2m > [22m[2mgate graph validation[2m > [22m[2mconstructs and executes preflight for a valid non-empty check-all graph
[22m[39mrun-gates: start test:snapshot
run-gates: start test:expected
run-gates: start publint
run-gates: start built package invariants
run-gates: start node-next types
run-gates: start doc-typecheck:contracts-ready

[90mstdout[2m | scripts/run-gates.spec.ts[2m > [22m[2mgate graph validation[2m > [22m[2mconstructs and executes preflight for a valid non-empty hygiene graph
[22m[39mrun-gates: start vendor rescope
run-gates: start publint
run-gates: start constraints
run-gates: start package dependencies
run-gates: start application entrypoints
run-gates: start DSH package licenses
run-gates: start package invariants
run-gates: start built package invariants
run-gates: start node-next types
run-gates: start optional dependency imports
run-gates: start client packages
run-gates: start client UI i18n
run-gates: start proxy-aware dispatchers
run-gates: start Cordis config
run-gates: start runtime closure
run-gates: start vendored links

[90mstdout[2m | scripts/run-gates.spec.ts[2m > [22m[2mgate graph validation[2m > [22m[2mconstructs and executes preflight for a valid non-empty doc-sync graph
[22m[39mrun-gates: start doc-typecheck
run-gates: start documentation build
run-gates: start doc graphs
run-gates: start markdown links
run-gates: start type equivalence
run-gates: start cordis catalog
run-gates: start Cordis inspect catalog
run-gates: start verify-mermaid
run-gates: start scoped events
run-gates: start translation pairing
run-gates: start markdown wrap
run-gates: start client catalog
run-gates: start export jsdoc
run-gates: start tool catalog
run-gates: start config catalog
run-gates: start persistence catalog
run-gates: start Session format catalog
run-gates: start public repository links
run-gates: start doc refs
run-gates: start subsystem pages
run-gates: start package paths
run-gates: start tsconfig paths
run-gates: start config source ownership
run-gates: start package README Summaries
run-gates: start package README model experience
run-gates: start agent note classification
run-gates: start agent note format
run-gates: start archived agent notes
run-gates: start skill invocation metadata
run-gates: start translation prompt
run-gates: start doc budgets
run-gates: start documentation standard tests
run-gates: start documentation site checks
run-gates: start package README limitations

[90mstdout[2m | scripts/run-gates.spec.ts[2m > [22m[2mgate graph validation[2m > [22m[2mconstructs and executes preflight for a valid non-empty doc-quick graph
[22m[39mrun-gates: start markdown links
run-gates: start type equivalence
run-gates: start translation pairing
run-gates: start markdown wrap
run-gates: start public repository links
run-gates: start doc refs
run-gates: start package README Summaries
run-gates: start package README model experience
run-gates: start agent note classification
run-gates: start agent note format
run-gates: start archived agent notes
run-gates: start skill invocation metadata
run-gates: start translation prompt
run-gates: start doc budgets
run-gates: start documentation standard tests
run-gates: start package README limitations

[90mstdout[2m | scripts/run-gates.spec.ts[2m > [22m[2mgate graph validation[2m > [22m[2mskips dependents after their prerequisite fails
[22m[39mrun-gates: start root

[90mstdout[2m | scripts/run-gates.spec.ts[2m > [22m[2mgate graph validation[2m > [22m[2mruns an ordered follower after its predecessor fails
[22m[39mrun-gates: start root

[90mstdout[2m | scripts/run-gates.spec.ts[2m > [22m[2mgate graph validation[2m > [22m[2mruns an ordered follower after its predecessor fails
[22m[39mrun-gates: start follower

[90mstdout[2m | scripts/run-gates.spec.ts[2m > [22m[2mgate graph validation[2m > [22m[2mruns an ordered follower after its predecessor is skipped
[22m[39mrun-gates: start root

[90mstdout[2m | scripts/run-gates.spec.ts[2m > [22m[2mgate graph validation[2m > [22m[2mruns an ordered follower after its predecessor is skipped
[22m[39mrun-gates: start follower

[90mstdout[2m | scripts/run-gates.spec.ts[2m > [22m[2mgate graph validation[2m > [22m[2mconstructs and executes preflight for a valid non-empty ci-primary graph
[22m[39mrun-gates: start runtime closure
run-gates: start application entrypoints
run-gates: start constraints
run-gates: start package dependencies
run-gates: start DSH package licenses
run-gates: start package invariants
run-gates: start Cordis config
run-gates: start optional dependency imports
run-gates: start client packages
run-gates: start client UI i18n
run-gates: start proxy-aware dispatchers
run-gates: start Weighted approval policy
run-gates: start Issue management policy
run-gates: start Typert contracts
run-gates: start duplication
run-gates: start build:native-system
run-gates: start source worker smoke
run-gates: start JSONL Zstandard smoke
run-gates: start dsh source-launch smoke
run-gates: start Vitest jsdom smoke
run-gates: start documentation build
run-gates: start doc graphs
run-gates: start markdown links
run-gates: start type equivalence
run-gates: start cordis catalog
run-gates: start Cordis inspect catalog
run-gates: start verify-mermaid
run-gates: start scoped events
run-gates: start translation pairing
run-gates: start markdown wrap
run-gates: start client catalog
run-gates: start export jsdoc
run-gates: start tool catalog
run-gates: start config catalog
run-gates: start persistence catalog
run-gates: start Session format catalog
run-gates: start public repository links
run-gates: start doc refs
run-gates: start subsystem pages
run-gates: start package paths
run-gates: start tsconfig paths
run-gates: start config source ownership
run-gates: start package README Summaries
run-gates: start package README model experience
run-gates: start agent note classification
run-gates: start agent note format
run-gates: start archived agent notes
run-gates: start skill invocation metadata
run-gates: start translation prompt
run-gates: start doc budgets
run-gates: start documentation standard tests
run-gates: start documentation site checks
run-gates: start package README limitations
run-gates: start module graph

[90mstdout[2m | scripts/run-gates.spec.ts[2m > [22m[2mgate graph validation[2m > [22m[2mconstructs and executes preflight for a valid non-empty ci-primary graph
[22m[39mrun-gates: start typecheck:contracts-ready
run-gates: start lint:contracts-ready
run-gates: start doc-typecheck:contracts-ready

[90mstdout[2m | scripts/run-gates.spec.ts[2m > [22m[2mgate graph validation[2m > [22m[2mconstructs and executes preflight for a valid non-empty ci-primary graph
[22m[39mrun-gates: start test:coverage
run-gates: start test:coverage-exempt-heavy

[90mstdout[2m | scripts/run-gates.spec.ts[2m > [22m[2mgate graph validation[2m > [22m[2mconstructs and executes preflight for a valid non-empty ci-primary graph
[22m[39mrun-gates: start build

[90mstdout[2m | scripts/run-gates.spec.ts[2m > [22m[2mgate graph validation[2m > [22m[2mconstructs and executes preflight for a valid non-empty ci-primary graph
[22m[39mrun-gates: start test:snapshot
run-gates: start publint
run-gates: start node-next types
run-gates: start built package invariants
run-gates: start built-bin smoke

[90mstdout[2m | scripts/run-gates.spec.ts[2m > [22m[2mgate graph validation[2m > [22m[2mconstructs and executes preflight for a valid non-empty ci-linux-primary graph
[22m[39mrun-gates: start runtime closure
run-gates: start application entrypoints
run-gates: start constraints
run-gates: start package dependencies
run-gates: start DSH package licenses
run-gates: start package invariants
run-gates: start Cordis config
run-gates: start optional dependency imports
run-gates: start client packages
run-gates: start client UI i18n
run-gates: start proxy-aware dispatchers
run-gates: start Weighted approval policy
run-gates: start Issue management policy
run-gates: start Typert contracts
run-gates: start duplication
run-gates: start build:native-system
run-gates: start source worker smoke
run-gates: start JSONL Zstandard smoke
run-gates: start dsh source-launch smoke
run-gates: start Vitest jsdom smoke
run-gates: start documentation build
run-gates: start doc graphs
run-gates: start markdown links
run-gates: start type equivalence
run-gates: start cordis catalog
run-gates: start Cordis inspect catalog
run-gates: start verify-mermaid
run-gates: start scoped events
run-gates: start translation pairing
run-gates: start markdown wrap
run-gates: start client catalog
run-gates: start export jsdoc
run-gates: start tool catalog
run-gates: start config catalog
run-gates: start persistence catalog
run-gates: start Session format catalog
run-gates: start public repository links
run-gates: start doc refs
run-gates: start subsystem pages
run-gates: start package paths
run-gates: start tsconfig paths
run-gates: start config source ownership
run-gates: start package README Summaries
run-gates: start package README model experience
run-gates: start agent note classification
run-gates: start agent note format
run-gates: start archived agent notes
run-gates: start skill invocation metadata
run-gates: start translation prompt
run-gates: start doc budgets
run-gates: start documentation standard tests
run-gates: start documentation site checks
run-gates: start package README limitations
run-gates: start module graph

[90mstdout[2m | scripts/run-gates.spec.ts[2m > [22m[2mgate graph validation[2m > [22m[2mconstructs and executes preflight for a valid non-empty ci-linux-primary graph
[22m[39mrun-gates: start typecheck:contracts-ready
run-gates: start lint:contracts-ready
run-gates: start doc-typecheck:contracts-ready

[90mstdout[2m | scripts/run-gates.spec.ts[2m > [22m[2mgate graph validation[2m > [22m[2mconstructs and executes preflight for a valid non-empty ci-linux-primary graph
[22m[39mrun-gates: start test:coverage
run-gates: start test:coverage-exempt-heavy

[90mstdout[2m | scripts/run-gates.spec.ts[2m > [22m[2mgate graph validation[2m > [22m[2mconstructs and executes preflight for a valid non-empty ci-linux-primary graph
[22m[39mrun-gates: start build

[90mstdout[2m | scripts/run-gates.spec.ts[2m > [22m[2mgate graph validation[2m > [22m[2mconstructs and executes preflight for a valid non-empty ci-linux-primary graph
[22m[39mrun-gates: start test:snapshot
run-gates: start publint
run-gates: start node-next types
run-gates: start built package invariants
run-gates: start built-bin smoke

[90mstdout[2m | scripts/run-gates.spec.ts[2m > [22m[2mgate graph validation[2m > [22m[2mconstructs and executes preflight for a valid non-empty ci-linux-primary graph
[22m[39mrun-gates: start web browser snapshot

[90mstdout[2m | scripts/run-gates.spec.ts[2m > [22m[2mgate graph validation[2m > [22m[2mconstructs and executes preflight for a valid non-empty ci-static graph
[22m[39mrun-gates: start runtime closure
run-gates: start application entrypoints
run-gates: start constraints
run-gates: start package dependencies
run-gates: start DSH package licenses
run-gates: start package invariants
run-gates: start Cordis config
run-gates: start optional dependency imports
run-gates: start client packages
run-gates: start client UI i18n
run-gates: start proxy-aware dispatchers
run-gates: start Weighted approval policy
run-gates: start Issue management policy
run-gates: start documentation build
run-gates: start doc graphs
run-gates: start markdown links
run-gates: start type equivalence
run-gates: start cordis catalog
run-gates: start Cordis inspect catalog
run-gates: start verify-mermaid
run-gates: start scoped events
run-gates: start translation pairing
run-gates: start markdown wrap
run-gates: start client catalog
run-gates: start export jsdoc
run-gates: start tool catalog
run-gates: start config catalog
run-gates: start persistence catalog
run-gates: start Session format catalog
run-gates: start public repository links
run-gates: start doc refs
run-gates: start subsystem pages
run-gates: start package paths
run-gates: start tsconfig paths
run-gates: start config source ownership
run-gates: start package README Summaries
run-gates: start package README model experience
run-gates: start agent note classification
run-gates: start agent note format
run-gates: start archived agent notes
run-gates: start skill invocation metadata
run-gates: start translation prompt
run-gates: start doc budgets
run-gates: start documentation standard tests
run-gates: start documentation site checks
run-gates: start package README limitations
run-gates: start module graph

[90mstdout[2m | scripts/run-gates.spec.ts[2m > [22m[2mgate graph validation[2m > [22m[2mconstructs and executes preflight for a valid non-empty ci-lint-contracts-ready graph
[22m[39mrun-gates: start lint:contracts-ready
run-gates: start duplication

[90mstdout[2m | scripts/run-gates.spec.ts[2m > [22m[2mgate graph validation[2m > [22m[2mconstructs and executes preflight for a valid non-empty ci-coverage graph
[22m[39mrun-gates: start build:native-system

[90mstdout[2m | scripts/run-gates.spec.ts[2m > [22m[2mgate graph validation[2m > [22m[2mconstructs and executes preflight for a valid non-empty ci-coverage graph
[22m[39mrun-gates: start test:coverage
run-gates: start test:coverage-exempt-heavy

[90mstdout[2m | scripts/run-gates.spec.ts[2m > [22m[2mgate graph validation[2m > [22m[2mconstructs and executes preflight for a valid non-empty ci-bench graph
[22m[39mrun-gates: start performance benchmarks

[90mstdout[2m | scripts/run-gates.spec.ts[2m > [22m[2mgate graph validation[2m > [22m[2mconstructs and executes preflight for a valid non-empty ci-snapshot graph
[22m[39mrun-gates: start build

[90mstdout[2m | scripts/run-gates.spec.ts[2m > [22m[2mgate graph validation[2m > [22m[2mconstructs and executes preflight for a valid non-empty ci-snapshot graph
[22m[39mrun-gates: start test:snapshot

[90mstdout[2m | scripts/run-gates.spec.ts[2m > [22m[2mgate graph validation[2m > [22m[2mconstructs and executes preflight for a valid non-empty ci-artifacts graph
[22m[39mrun-gates: start build

[90mstdout[2m | scripts/run-gates.spec.ts[2m > [22m[2mgate graph validation[2m > [22m[2mconstructs and executes preflight for a valid non-empty ci-artifacts graph
[22m[39mrun-gates: start publint
run-gates: start node-next types
run-gates: start built package invariants
run-gates: start built-bin smoke

[90mstdout[2m | scripts/run-gates.spec.ts[2m > [22m[2mgate graph validation[2m > [22m[2mconstructs and executes preflight for a valid non-empty ci-consumers graph
[22m[39mrun-gates: start build
run-gates: start Node compatibility

[90mstdout[2m | scripts/run-gates.spec.ts[2m > [22m[2mgate graph validation[2m > [22m[2mconstructs and executes preflight for a valid non-empty ci-consumers graph
[22m[39mrun-gates: start publint
run-gates: start built package invariants

[90mstdout[2m | scripts/run-gates.spec.ts[2m > [22m[2mgate graph validation[2m > [22m[2mconstructs and executes preflight for a valid non-empty ci-consumers graph
[22m[39mrun-gates: start lint and duplication
run-gates: start test:snapshot
run-gates: start test:expected
run-gates: start doc-typecheck:contracts-ready
run-gates: start node-next types
run-gates: start built-bin smoke

[90mstdout[2m | scripts/run-gates.spec.ts[2m > [22m[2mgate graph validation[2m > [22m[2mconstructs and executes preflight for a valid non-empty ci-consumers graph
[22m[39mrun-gates: start web browser snapshot

[90mstdout[2m | scripts/run-gates.spec.ts[2m > [22m[2mgate graph validation[2m > [22m[2mconstructs and executes preflight for a valid non-empty ci-windows-blocking graph
[22m[39mrun-gates: start build
run-gates: start production site

[90mstdout[2m | scripts/run-gates.spec.ts[2m > [22m[2mgate graph validation[2m > [22m[2mconstructs and executes preflight for a valid non-empty ci-windows-complete graph
[22m[39mrun-gates: start build
run-gates: start production site

[90mstdout[2m | scripts/run-gates.spec.ts[2m > [22m[2mgate graph validation[2m > [22m[2mconstructs and executes preflight for a valid non-empty ci-windows-complete graph
[22m[39mrun-gates: start build:native-system

[90mstdout[2m | scripts/run-gates.spec.ts[2m > [22m[2mgate graph validation[2m > [22m[2mconstructs and executes preflight for a valid non-empty ci-windows-complete graph
[22m[39mrun-gates: start test:coverage
run-gates: start test:coverage-exempt-heavy

[90mstdout[2m | scripts/run-gates.spec.ts[2m > [22m[2mgate graph validation[2m > [22m[2mconstructs and executes preflight for a valid non-empty ci-windows-complete graph
[22m[39mrun-gates: start runtime closure
run-gates: start application entrypoints
run-gates: start constraints
run-gates: start package dependencies
run-gates: start DSH package licenses
run-gates: start package invariants
run-gates: start Cordis config
run-gates: start optional dependency imports
run-gates: start client packages
run-gates: start client UI i18n
run-gates: start proxy-aware dispatchers
run-gates: start Weighted approval policy
run-gates: start Issue management policy
run-gates: start doc-typecheck:contracts-ready
run-gates: start doc graphs
run-gates: start markdown links
run-gates: start type equivalence
run-gates: start cordis catalog
run-gates: start Cordis inspect catalog
run-gates: start verify-mermaid
run-gates: start scoped events
run-gates: start translation pairing
run-gates: start markdown wrap
run-gates: start client catalog
run-gates: start export jsdoc
run-gates: start tool catalog
run-gates: start config catalog
run-gates: start persistence catalog
run-gates: start Session format catalog
run-gates: start public repository links
run-gates: start doc refs
run-gates: start subsystem pages
run-gates: start package paths
run-gates: start tsconfig paths
run-gates: start config source ownership
run-gates: start package README Summaries
run-gates: start package README model experience
run-gates: start agent note classification
run-gates: start agent note format
run-gates: start archived agent notes
run-gates: start skill invocation metadata
run-gates: start translation prompt
run-gates: start doc budgets
run-gates: start documentation standard tests
run-gates: start documentation site checks
run-gates: start package README limitations
run-gates: start module graph
run-gates: start duplication
run-gates: start publint
run-gates: start node-next types
run-gates: start built package invariants

[90mstdout[2m | scripts/run-gates.spec.ts[2m > [22m[2mgate graph validation[2m > [22m[2mconstructs and executes preflight for a valid non-empty ci-windows-complete graph
[22m[39mrun-gates: start built-bin smoke

[90mstdout[2m | scripts/run-gates.spec.ts[2m > [22m[2mgate graph validation[2m > [22m[2mconstructs and executes preflight for a valid non-empty ci-windows-observational graph
[22m[39mrun-gates: start runtime closure
run-gates: start application entrypoints
run-gates: start constraints
run-gates: start package dependencies
run-gates: start DSH package licenses
run-gates: start package invariants
run-gates: start Cordis config
run-gates: start optional dependency imports
run-gates: start client packages
run-gates: start client UI i18n
run-gates: start proxy-aware dispatchers
run-gates: start Weighted approval policy
run-gates: start Issue management policy
run-gates: start build
run-gates: start documentation build
run-gates: start doc graphs
run-gates: start markdown links
run-gates: start type equivalence
run-gates: start cordis catalog
run-gates: start Cordis inspect catalog
run-gates: start verify-mermaid
run-gates: start scoped events
run-gates: start translation pairing
run-gates: start markdown wrap
run-gates: start client catalog
run-gates: start export jsdoc
run-gates: start tool catalog
run-gates: start config catalog
run-gates: start persistence catalog
run-gates: start Session format catalog
run-gates: start public repository links
run-gates: start doc refs
run-gates: start subsystem pages
run-gates: start package paths
run-gates: start tsconfig paths
run-gates: start config source ownership
run-gates: start package README Summaries
run-gates: start package README model experience
run-gates: start agent note classification
run-gates: start agent note format
run-gates: start archived agent notes
run-gates: start skill invocation metadata
run-gates: start translation prompt
run-gates: start doc budgets
run-gates: start documentation standard tests
run-gates: start documentation site checks
run-gates: start package README limitations
run-gates: start module graph
run-gates: start duplication

[90mstdout[2m | scripts/run-gates.spec.ts[2m > [22m[2mgate graph validation[2m > [22m[2mconstructs and executes preflight for a valid non-empty ci-windows-observational graph
[22m[39mrun-gates: start doc-typecheck:contracts-ready
run-gates: start publint
run-gates: start node-next types
run-gates: start built package invariants

[90mstdout[2m | scripts/run-gates.spec.ts[2m > [22m[2mgate graph validation[2m > [22m[2mconstructs and executes preflight for a valid non-empty ci-windows-observational graph
[22m[39mrun-gates: start built-bin smoke

[90mstdout[2m | scripts/run-gates.spec.ts[2m > [22m[2mgate graph validation[2m > [22m[2mconstructs and executes preflight for a valid non-empty node-compat graph
[22m[39mrun-gates: start typecheck
run-gates: start source worker smoke
run-gates: start JSONL Zstandard smoke
run-gates: start dsh source-launch smoke
run-gates: start Vitest jsdom smoke

[90mstdout[2m | scripts/run-gates.spec.ts[2m > [22m[2mgate graph validation[2m > [22m[2mconstructs and executes preflight for a valid non-empty check-all graph
[22m[39mrun-gates: start runtime closure
run-gates: start Cordis config
run-gates: start client domain graph
run-gates: start test
run-gates: start Weighted approval policy
run-gates: start Issue management policy
run-gates: start duplication
run-gates: start build
run-gates: start build:web
run-gates: start vendor rescope
run-gates: start constraints
run-gates: start package dependencies
run-gates: start application entrypoints
run-gates: start DSH package licenses
run-gates: start package invariants
run-gates: start optional dependency imports
run-gates: start client packages
run-gates: start client UI i18n
run-gates: start proxy-aware dispatchers
run-gates: start documentation build
run-gates: start doc graphs
run-gates: start markdown links
run-gates: start type equivalence
run-gates: start cordis catalog
run-gates: start Cordis inspect catalog
run-gates: start verify-mermaid
run-gates: start scoped events
run-gates: start translation pairing
run-gates: start markdown wrap
run-gates: start client catalog
run-gates: start export jsdoc
run-gates: start tool catalog
run-gates: start config catalog
run-gates: start persistence catalog
run-gates: start Session format catalog
run-gates: start public repository links
run-gates: start doc refs
run-gates: start subsystem pages
run-gates: start package paths
run-gates: start tsconfig paths
run-gates: start config source ownership
run-gates: start package README Summaries
run-gates: start package README model experience
run-gates: start agent note classification
run-gates: start agent note format
run-gates: start archived agent notes
run-gates: start skill invocation metadata
run-gates: start translation prompt
run-gates: start doc budgets
run-gates: start documentation standard tests
run-gates: start documentation site checks
run-gates: start package README limitations
run-gates: start module graph

[90mstdout[2m | scripts/run-gates.spec.ts[2m > [22m[2mgate graph validation[2m > [22m[2mconstructs and executes preflight for a valid non-empty check-all graph
[22m[39mrun-gates: start test:snapshot
run-gates: start test:expected
run-gates: start publint
run-gates: start built package invariants
run-gates: start node-next types
run-gates: start doc-typecheck:contracts-ready

[90mstdout[2m | scripts/run-gates.spec.ts[2m > [22m[2mgate graph validation[2m > [22m[2mconstructs and executes preflight for a valid non-empty hygiene graph
[22m[39mrun-gates: start vendor rescope
run-gates: start publint
run-gates: start constraints
run-gates: start package dependencies
run-gates: start application entrypoints
run-gates: start DSH package licenses
run-gates: start package invariants
run-gates: start built package invariants
run-gates: start node-next types
run-gates: start optional dependency imports
run-gates: start client packages
run-gates: start client UI i18n
run-gates: start proxy-aware dispatchers
run-gates: start Cordis config
run-gates: start runtime closure
run-gates: start vendored links

[90mstdout[2m | scripts/run-gates.spec.ts[2m > [22m[2mgate graph validation[2m > [22m[2mconstructs and executes preflight for a valid non-empty doc-sync graph
[22m[39mrun-gates: start doc-typecheck
run-gates: start documentation build
run-gates: start doc graphs
run-gates: start markdown links
run-gates: start type equivalence
run-gates: start cordis catalog
run-gates: start Cordis inspect catalog
run-gates: start verify-mermaid
run-gates: start scoped events
run-gates: start translation pairing
run-gates: start markdown wrap
run-gates: start client catalog
run-gates: start export jsdoc
run-gates: start tool catalog
run-gates: start config catalog
run-gates: start persistence catalog
run-gates: start Session format catalog
run-gates: start public repository links
run-gates: start doc refs
run-gates: start subsystem pages
run-gates: start package paths
run-gates: start tsconfig paths
run-gates: start config source ownership
run-gates: start package README Summaries
run-gates: start package README model experience
run-gates: start agent note classification
run-gates: start agent note format
run-gates: start archived agent notes
run-gates: start skill invocation metadata
run-gates: start translation prompt
run-gates: start doc budgets
run-gates: start documentation standard tests
run-gates: start documentation site checks
run-gates: start package README limitations

[90mstdout[2m | scripts/run-gates.spec.ts[2m > [22m[2mgate graph validation[2m > [22m[2mconstructs and executes preflight for a valid non-empty doc-quick graph
[22m[39mrun-gates: start markdown links
run-gates: start type equivalence
run-gates: start translation pairing
run-gates: start markdown wrap
run-gates: start public repository links
run-gates: start doc refs
run-gates: start package README Summaries
run-gates: start package README model experience
run-gates: start agent note classification
run-gates: start agent note format
run-gates: start archived agent notes
run-gates: start skill invocation metadata
run-gates: start translation prompt
run-gates: start doc budgets
run-gates: start documentation standard tests
run-gates: start package README limitations

mirror-stdout-marker
mirror-stderr-marker
mirror-after-restore
restored-write-returns-true
[90mstdout[2m | scripts/run-gates.spec.ts[2m > [22m[2mgate graph validation[2m > [22m[2mskips dependents after their prerequisite fails
[22m[39mrun-gates: start root

[90mstdout[2m | scripts/run-gates.spec.ts[2m > [22m[2mgate graph validation[2m > [22m[2mruns an ordered follower after its predecessor fails
[22m[39mrun-gates: start root

[90mstdout[2m | scripts/run-gates.spec.ts[2m > [22m[2mgate graph validation[2m > [22m[2mruns an ordered follower after its predecessor fails
[22m[39mrun-gates: start follower

[90mstdout[2m | scripts/run-gates.spec.ts[2m > [22m[2mgate graph validation[2m > [22m[2mruns an ordered follower after its predecessor is skipped
[22m[39mrun-gates: start root

[90mstdout[2m | scripts/run-gates.spec.ts[2m > [22m[2mgate graph validation[2m > [22m[2mruns an ordered follower after its predecessor is skipped
[22m[39mrun-gates: start follower

 [32m✓[39m [30m[45m thread-safe [49m[39m scripts/ci-workflow.spec.ts [2m([22m[2m42 tests[22m[2m)[22m[32m 222[2mms[22m[39m
[90mstdout[2m | scripts/run-gates.spec.ts[2m > [22m[2mfail-fast scheduling[2m > [22m[2maborts the aggregate at the first blocking failure
[22m[39mrun-gates: start slow
run-gates: start fast

[90mstderr[2m | scripts/run-gates.spec.ts[2m > [22m[2mfail-fast scheduling[2m > [22m[2maborts the aggregate at the first blocking failure
[22m[39mrun-gates: fail-fast aborting: slow failed.

[90mstdout[2m | scripts/run-gates.spec.ts[2m > [22m[2mfail-fast scheduling[2m > [22m[2mdoes not abort on a non-blocking gate failure
[22m[39mrun-gates: start observational
run-gates: start root

[90mstdout[2m | scripts/run-gates.spec.ts[2m > [22m[2mfail-fast scheduling[2m > [22m[2mruns independent gates to completion when fail-fast is disabled
[22m[39mrun-gates: start root
run-gates: start sibling

[90mstdout[2m | scripts/gate-evidence.spec.ts[2m > [22m[2mevidence export[2m > [22m[2mexports faithful statuses, exit codes, logs, identity, and a verifiable manifest
[22m[39mrun-gates: start boom
run-gates: start fine

mirror-stdout-marker
mirror-stderr-marker
mirror-after-restore
restored-write-returns-true
[90mstdout[2m | scripts/run-gates.spec.ts[2m > [22m[2mfail-fast scheduling[2m > [22m[2maborts the aggregate at the first blocking failure
[22m[39mrun-gates: start slow
run-gates: start fast

[90mstderr[2m | scripts/run-gates.spec.ts[2m > [22m[2mfail-fast scheduling[2m > [22m[2maborts the aggregate at the first blocking failure
[22m[39mrun-gates: fail-fast aborting: slow failed.

[90mstdout[2m | scripts/run-gates.spec.ts[2m > [22m[2mfail-fast scheduling[2m > [22m[2mdoes not abort on a non-blocking gate failure
[22m[39mrun-gates: start observational
run-gates: start root

[90mstdout[2m | scripts/run-gates.spec.ts[2m > [22m[2mfail-fast scheduling[2m > [22m[2mruns independent gates to completion when fail-fast is disabled
[22m[39mrun-gates: start root
run-gates: start sibling

[90mstdout[2m | scripts/gate-evidence.spec.ts[2m > [22m[2mevidence export[2m > [22m[2mexports faithful statuses, exit codes, logs, identity, and a verifiable manifest
[22m[39mrun-gates: start boom
run-gates: start fine

 [32m✓[39m [30m[42m process-bound [49m[39m scripts/gate-evidence.spec.ts [2m([22m[2m21 tests[22m[2m | [22m[33m1 skipped[39m[2m)[22m[33m 1290[2mms[22m[39m
   [32m✓[39m evidence export [2m(9)[22m
     [33m[2m✓[22m[39m exports faithful statuses, exit codes, logs, identity, and a verifiable manifest[33m 369[2mms[22m[39m
 [32m✓[39m [30m[45m thread-safe [49m[39m scripts/gate-evidence.spec.ts [2m([22m[2m21 tests[22m[2m | [22m[33m1 skipped[39m[2m)[22m[33m 2187[2mms[22m[39m
   [32m✓[39m evidence export [2m(9)[22m
     [33m[2m✓[22m[39m exports faithful statuses, exit codes, logs, identity, and a verifiable manifest[33m 1113[2mms[22m[39m
     [33m[2m✓[22m[39m records distinct run, attempt, and job identities from the environment[33m 304[2mms[22m[39m
[90mstdout[2m | scripts/run-gates.spec.ts[2m > [22m[2mfail-fast scheduling[2m > [22m[2mforwards host interruption signals to the abort path
[22m[39mrun-gates: start slow

 [32m✓[39m [30m[42m process-bound [49m[39m scripts/run-gates.spec.ts [2m([22m[2m91 tests[22m[2m | [22m[33m5 skipped[39m[2m)[22m[33m 5027[2mms[22m[39m
   [32m✓[39m fail-fast scheduling [2m(12)[22m
     [33m[2m✓[22m[39m kills the child when the abort signal fires[33m 3866[2mms[22m[39m
     [33m[2m✓[22m[39m leaves an un-aborted child running to completion[33m 847[2mms[22m[39m
[90mstdout[2m | scripts/run-gates.spec.ts[2m > [22m[2mfail-fast scheduling[2m > [22m[2mforwards host interruption signals to the abort path
[22m[39mrun-gates: start slow

 [31m❯[39m [30m[45m thread-safe [49m[39m scripts/run-gates.spec.ts [2m([22m[2m91 tests[22m[2m | [22m[31m1 failed[39m[2m | [22m[33m5 skipped[39m[2m)[22m[33m 6173[2mms[22m[39m
   [32m✓[39m gate graph validation [2m(63)[22m
     [32m✓[39m constructs and executes preflight for a valid non-empty ci-primary graph[32m 10[2mms[22m[39m
     [32m✓[39m constructs and executes preflight for a valid non-empty ci-linux-primary graph[32m 3[2mms[22m[39m
     [32m✓[39m constructs and executes preflight for a valid non-empty ci-static graph[32m 2[2mms[22m[39m
     [32m✓[39m constructs and executes preflight for a valid non-empty ci-lint-contracts-ready graph[32m 1[2mms[22m[39m
     [32m✓[39m constructs and executes preflight for a valid non-empty ci-coverage graph[32m 1[2mms[22m[39m
     [32m✓[39m constructs and executes preflight for a valid non-empty ci-bench graph[32m 1[2mms[22m[39m
     [32m✓[39m constructs and executes preflight for a valid non-empty ci-snapshot graph[32m 1[2mms[22m[39m
     [32m✓[39m constructs and executes preflight for a valid non-empty ci-artifacts graph[32m 1[2mms[22m[39m
     [32m✓[39m constructs and executes preflight for a valid non-empty ci-consumers graph[32m 2[2mms[22m[39m
     [32m✓[39m constructs and executes preflight for a valid non-empty ci-windows-blocking graph[32m 1[2mms[22m[39m
     [32m✓[39m constructs and executes preflight for a valid non-empty ci-windows-complete graph[32m 4[2mms[22m[39m
     [32m✓[39m constructs and executes preflight for a valid non-empty ci-windows-observational graph[32m 3[2mms[22m[39m
     [32m✓[39m constructs and executes preflight for a valid non-empty node-compat graph[32m 1[2mms[22m[39m
     [32m✓[39m constructs and executes preflight for a valid non-empty check-all graph[32m 3[2mms[22m[39m
     [32m✓[39m constructs and executes preflight for a valid non-empty hygiene graph[32m 1[2mms[22m[39m
     [32m✓[39m constructs and executes preflight for a valid non-empty doc-sync graph[32m 2[2mms[22m[39m
     [32m✓[39m constructs and executes preflight for a valid non-empty doc-quick graph[32m 1[2mms[22m[39m
     [32m✓[39m builds the native addon before benchmarks through the ci-bench script chain[32m 2[2mms[22m[39m
     [32m✓[39m keeps the public repository link policy in the documentation gate[32m 1[2mms[22m[39m
     [32m✓[39m keeps package-group subsystem ownership in the documentation gate[32m 1[2mms[22m[39m
     [32m✓[39m keeps the package README Summary limit in the documentation gate[32m 1[2mms[22m[39m
     [32m✓[39m derives the quick documentation aggregate from marked doc-sync leaves[32m 1[2mms[22m[39m
     [32m✓[39m keeps the hygiene aggregate aligned with the package script checks[32m 1[2mms[22m[39m
     [32m✓[39m schedules the longest documentation leaves before short checks[32m 1[2mms[22m[39m
     [32m✓[39m launches a native pnpm entrypoint directly[32m 1[2mms[22m[39m
     [32m✓[39m keeps the DSH package license policy in ci-primary[32m 1[2mms[22m[39m
     [32m✓[39m keeps the DSH package license policy in ci-static[32m 1[2mms[22m[39m
     [32m✓[39m keeps the DSH package license policy in check-all[32m 1[2mms[22m[39m
     [32m✓[39m keeps package dependency enforcement in ci-primary[32m 1[2mms[22m[39m
     [32m✓[39m keeps package dependency enforcement in ci-static[32m 1[2mms[22m[39m
     [32m✓[39m keeps package dependency enforcement in check-all[32m 0[2mms[22m[39m
     [32m✓[39m keeps package dependency enforcement in hygiene[32m 1[2mms[22m[39m
     [32m✓[39m keeps the client dependency policy in ci-primary[32m 1[2mms[22m[39m
     [32m✓[39m keeps the client dependency policy in ci-static[32m 0[2mms[22m[39m
     [32m✓[39m keeps the client dependency policy in check-all[32m 0[2mms[22m[39m
     [32m✓[39m keeps weighted approval policy tests in ci-primary[32m 1[2mms[22m[39m
     [32m✓[39m keeps weighted approval policy tests in ci-static[32m 0[2mms[22m[39m
     [32m✓[39m keeps weighted approval policy tests in check-all[32m 0[2mms[22m[39m
     [32m✓[39m keeps hard-coded Client UI copy enforcement in ci-primary[32m 1[2mms[22m[39m
     [32m✓[39m keeps hard-coded Client UI copy enforcement in ci-static[32m 0[2mms[22m[39m
     [32m✓[39m keeps hard-coded Client UI copy enforcement in check-all[32m 0[2mms[22m[39m
     [32m✓[39m keeps hard-coded Client UI copy enforcement in hygiene[32m 0[2mms[22m[39m
     [32m✓[39m keeps application entrypoint enforcement in ci-primary[32m 1[2mms[22m[39m
     [32m✓[39m keeps application entrypoint enforcement in ci-static[32m 0[2mms[22m[39m
     [32m✓[39m keeps application entrypoint enforcement in check-all[32m 0[2mms[22m[39m
     [32m✓[39m keeps application entrypoint enforcement in hygiene[32m 0[2mms[22m[39m
     [32m✓[39m keeps native Windows coverage blocking and behind the complete build[32m 5[2mms[22m[39m
     [32m✓[39m runs the Windows built-bin smoke after other observational gates settle[32m 1[2mms[22m[39m
     [32m✓[39m applies one configured test, polling, and hook timeout to both coverage gates[32m 1[2mms[22m[39m
     [32m✓[39m keeps Vitest timeout defaults when the coverage override is absent[32m 1[2mms[22m[39m
     [32m✓[39m rejects an invalid coverage timeout before starting a gate[32m 1[2mms[22m[39m
     [32m✓[39m selects partitioned coverage only when explicitly configured[32m 1[2mms[22m[39m
     [32m✓[39m rejects an invalid coverage partition count before starting a gate[32m 1[2mms[22m[39m
     [32m✓[39m rejects empty before starting a child[32m 1[2mms[22m[39m
     [32m✓[39m rejects duplicate ids before starting a child[32m 0[2mms[22m[39m
     [32m✓[39m rejects unknown dependencies before starting a child[32m 0[2mms[22m[39m
     [32m✓[39m rejects unknown ordering predecessors before starting a child[32m 0[2mms[22m[39m
     [32m✓[39m rejects cycles before starting a child[32m 0[2mms[22m[39m
     [32m✓[39m rejects mixed cycles before starting a child[32m 0[2mms[22m[39m
     [32m✓[39m rejects an invalid worker count before starting a child[32m 1[2mms[22m[39m
     [32m✓[39m skips dependents after their prerequisite fails[32m 1[2mms[22m[39m
     [32m✓[39m runs an ordered follower after its predecessor fails[32m 1[2mms[22m[39m
     [32m✓[39m runs an ordered follower after its predecessor is skipped[32m 1[2mms[22m[39m
   [32m✓[39m Oxlint gate [2m(2)[22m
     [32m✓[39m uses the package script when no worker bound is configured[32m 1[2mms[22m[39m
     [32m✓[39m surfaces the configured worker bound on the shared package script[32m 0[2mms[22m[39m
   [32m✓[39m Typert contract preparation [2m(3)[22m
     [32m✓[39m prepares primary source consumers once before they run[32m 1[2mms[22m[39m
     [32m✓[39m reuses contracts from the validated consumer build[32m 1[2mms[22m[39m
     [32m✓[39m keeps standalone doc sync responsible for preparation[32m 0[2mms[22m[39m
   [32m✓[39m Node compatibility graph [2m(1)[22m
     [32m✓[39m runs the jsdom environment smoke on every advertised Node line[32m 0[2mms[22m[39m
   [32m✓[39m Node 24 lane ownership [2m(2)[22m
     [32m✓[39m keeps the static lane source-only[32m 0[2mms[22m[39m
     [32m✓[39m owns the build and orders its artifact consumers[32m 1[2mms[22m[39m
   [32m✓[39m Linux primary graph [2m(1)[22m
     [32m✓[39m adds the same compare-only web gate after built client artifacts[32m 1[2mms[22m[39m
   [32m✓[39m gate process outcomes [2m(2)[22m
     [32m✓[39m streams selected gate output without retaining it[32m 180[2mms[22m[39m
     [2m[90m↓[39m[22m reports signal termination independently from exit status
   [31m❯[39m fail-fast scheduling [2m(12)[22m
     [32m✓[39m aborts the aggregate at the first blocking failure[32m 1[2mms[22m[39m
     [32m✓[39m does not abort on a non-blocking gate failure[32m 0[2mms[22m[39m
     [32m✓[39m runs independent gates to completion when fail-fast is disabled[32m 0[2mms[22m[39m
[31m     [31m×[31m kills the child when the abort signal fires[39m[33m 5082[2mms[22m[39m
     [2m[90m↓[39m[22m marks a zero-exit child as aborted when the signal fired
     [2m[90m↓[39m[22m kills the whole gate process tree when the abort signal fires
     [32m✓[39m forwards host interruption signals to the abort path[32m 2[2mms[22m[39m
     [32m✓[39m pairs host signal forwarding with fail-fast at the CLI entrypoint[32m 0[2mms[22m[39m
     [32m✓[39m rejects host signal forwarding without fail-fast[32m 2[2mms[22m[39m
     [33m[2m✓[22m[39m leaves an un-aborted child running to completion[33m 820[2mms[22m[39m
     [2m[90m↓[39m[22m kills a detached descendant that outlived the child when the abort arrives later
     [2m[90m↓[39m[22m keeps a reparented detached descendant tracked across a sampler tick
   [32m✓[39m process-table parsing [2m(3)[22m
     [32m✓[39m parses `pid ppid` rows from a POSIX ps dump[32m 0[2mms[22m[39m
     [32m✓[39m parses Windows PowerShell Get-CimInstance output of the same shape[32m 0[2mms[22m[39m
     [32m✓[39m drops blank and malformed lines[32m 0[2mms[22m[39m
   [32m✓[39m Windows tree termination [2m(2)[22m
     [32m✓[39m targets the root first and each captured descendant after it[32m 0[2mms[22m[39m
     [32m✓[39m terminates the root alone when no descendant was captured[32m 0[2mms[22m[39m

[31m⎯⎯⎯⎯⎯⎯⎯[39m[1m[41m Failed Tests 1 [49m[22m[31m⎯⎯⎯⎯⎯⎯⎯[39m

[41m[1m FAIL [22m[49m [30m[45m thread-safe [49m[39m scripts/run-gates.spec.ts[2m > [22mfail-fast scheduling[2m > [22mkills the child when the abort signal fires
[31m[1mError[22m: Test timed out in 5000ms.
If this is a long-running test, pass a timeout value as the last argument or configure it globally with "testTimeout".[39m
[36m [2m❯[22m scripts/run-gates.spec.ts:[2m709:3[22m[39m
    [90m707|[39m   })
    [90m708|[39m
    [90m709|[39m   it('kills the child when the abort signal fires', async () => {
    [90m   |[39m   [31m^[39m
    [90m710|[39m     const controller = new AbortController()
    [90m711|[39m     const promise = runGate(gate('killable', { args: ['-e', 'setInterv…

[31m[2m⎯⎯⎯⎯⎯⎯⎯⎯⎯⎯⎯⎯⎯⎯⎯⎯⎯⎯⎯⎯⎯⎯⎯⎯[1/1]⎯[22m[39m


[2m Test Files [22m [1m[31m1 failed[39m[22m[2m | [22m[1m[32m5 passed[39m[22m[90m (6)[39m
[2m      Tests [22m [1m[31m1 failed[39m[22m[2m | [22m[1m[32m295 passed[39m[22m[2m | [22m[33m12 skipped[39m[90m (308)[39m
[2m   Start at [22m 09:22:50
[2m   Duration [22m 7.99s[2m (tests 68%, transform 28%, setup 3%, import 1%)[22m

[2m  Transform [22m [30m[45m thread-safe [49m[39m [33mtransforming modules took 3.20s[39m[2m · 26% of tracked time, re-done on every run[22m
[2m            [22m [2mpersist transforms across runs with [22m[33mfsModuleCache: true[39m
[2m            [22m [2mlearn more: https://vitest.dev/guide/improving-performance#caching-between-reruns[22m

[2m  Transform [22m [30m[42m process-bound [49m[39m [33mtransforming modules took 3.07s[39m[2m · 31% of tracked time, re-done on every run[22m
[2m            [22m [2mpersist transforms across runs with [22m[33mfsModuleCache: true[39m
[2m            [22m [2mlearn more: https://vitest.dev/guide/improving-performance#caching-between-reruns[22m
