$ tsx scripts/run-gates.ts doc-quick
run-gates: doc-quick running 16 gate(s) with 4 worker(s) from 20 available CPU(s), doc-quick cap 4.
run-gates: start markdown links
run-gates: start type equivalence
run-gates: start translation pairing
run-gates: start markdown wrap
run-gates: PASS type equivalence (16.36s)
run-gates: start public repository links
run-gates: PASS markdown wrap (17.47s)
run-gates: start doc refs
run-gates: PASS doc refs (5.29s)
run-gates: start package README Summaries
run-gates: PASS package README Summaries (0.71s)
run-gates: start package README model experience
run-gates: PASS public repository links (9.63s)
run-gates: start agent note classification
run-gates: PASS agent note classification (0.77s)
run-gates: start agent note format
run-gates: PASS agent note format (0.88s)
run-gates: start archived agent notes
run-gates: PASS archived agent notes (1.24s)
run-gates: start skill invocation metadata
run-gates: PASS skill invocation metadata (0.55s)
run-gates: start translation prompt
run-gates: PASS translation prompt (0.61s)
run-gates: start doc budgets
run-gates: PASS doc budgets (0.67s)
run-gates: start documentation standard tests
run-gates: PASS translation pairing (31.14s)
run-gates: start package README limitations
run-gates: PASS markdown links (33.64s)
run-gates: PASS package README model experience (10.65s)
run-gates: PASS documentation standard tests (6.13s)
run-gates: PASS package README limitations (11.13s)

run-gates: 16 passed, 0 failed, 0 skipped in 42.34s.
run-gates: gate evidence written to [user-temp]/AppData/Local/Temp/tmp.EEzgSokhbG/gate-evidence-smoke (5 files).
